04-26 16:30:19.011  1680  1770 D skia    : SkJpegCodec::onGetPixels -
04-26 16:30:19.026   496   932 I BufferQueueProducer: [com.android.systemui.ImageWallpaper#0](this:0x7f04b72800,id:7,api:1,p:1680,c:496) queueBuffer: fps=0.01 dur=69919.45 max=69919.45 min=69919.45
04-26 16:30:19.031   968   968 V FingerprintHal: fingerprint_get_auth_id
04-26 16:30:19.031   968   968 V [GF_HAL][gf_hal]: [gf_hal_get_auth_id] enter
04-26 16:30:19.031   968   968 I [GF_HAL][gf_hal]: [gf_hal_get_auth_id]
04-26 16:30:19.031   968   968 V [GF_HAL][gf_hal_milan_f_series]: [hal_milan_f_series_get_auth_id] enter
04-26 16:30:19.031   968   968 V [GF_HAL][gf_hal_common]: [gf_hal_common_get_auth_id] enter
04-26 16:30:19.031   968   968 V [GF_HAL][gf_hal_common]: [gf_hal_invoke_command] enter
04-26 16:30:19.031   968   968 V [GF_HAL][gf_hal_milan_f_series]: [hal_milan_f_series_invoke_command] enter
04-26 16:30:19.032   968   968 V [GF_HAL][gf_hal_milan_f_series]: [hal_milan_f_series_invoke_command] exit
04-26 16:30:19.032   968   968 V [GF_HAL][gf_hal_common]: [gf_hal_invoke_command] exit
04-26 16:30:19.032   968   968 V [GF_HAL][gf_hal_common]: [gf_hal_common_get_auth_id] exit
04-26 16:30:19.032   968   968 V [GF_HAL][gf_hal_milan_f_series]: [hal_milan_f_series_get_auth_id] exit
04-26 16:30:19.032   968   968 V [GF_HAL][gf_hal]: [gf_hal_get_auth_id] exit
04-26 16:30:19.033  1680  1680 D KeyguardUpdateMonitor: fingerprintRunningState: 1
04-26 16:30:19.034  1221  1221 V FingerprintService: startAuthentication(com.android.systemui)
04-26 16:30:19.034  1221  1221 V FingerprintService: starting client AuthenticationClientImpl(com.android.systemui) cookie: 0/0
04-26 16:30:19.034   968   968 V FingerprintHal: fingerprint_authenticate
04-26 16:30:19.034   968   968 V [GF_HAL][gf_hal]: [gf_hal_authenticate] enter
04-26 16:30:19.034   968   968 I [GF_HAL][gf_hal]: [gf_hal_authenticate] group_id=0
04-26 16:30:19.034   968   968 V [GF_HAL][gf_hal_milan_f_series]: [hal_milan_f_series_authenticate] enter
04-26 16:30:19.034   968   968 V [GF_HAL][gf_hal_timer]: [gf_hal_destroy_timer] enter
04-26 16:30:19.034   968   968 V [GF_HAL][gf_hal_timer]: [hal_destroy_timer] enter
04-26 16:30:19.034   968   968 V [GF_HAL][gf_hal_timer]: [hal_destroy_timer] exit
04-26 16:30:19.034   968   968 V [GF_HAL][gf_hal_timer]: [gf_hal_destroy_timer] exit
04-26 16:30:19.034   968   968 V [GF_HAL][gf_hal_common]: [gf_hal_nav_reset] enter
04-26 16:30:19.034   968   968 V [GF_HAL][gf_hal_timer]: [gf_hal_destroy_timer] enter
04-26 16:30:19.034   968   968 V [GF_HAL][gf_hal_timer]: [hal_destroy_timer] enter
04-26 16:30:19.034   968   968 V [GF_HAL][gf_hal_timer]: [hal_destroy_timer] exit
04-26 16:30:19.034   968   968 V [GF_HAL][gf_hal_timer]: [gf_hal_destroy_timer] exit
04-26 16:30:19.034   968   968 V [GF_HAL][gf_hal_timer]: [gf_hal_destroy_timer] enter
04-26 16:30:19.034   968   968 V [GF_HAL][gf_hal_timer]: [hal_destroy_timer] enter
04-26 16:30:19.034   968   968 V [GF_HAL][gf_hal_timer]: [hal_destroy_timer] exit
04-26 16:30:19.034   968   968 V [GF_HAL][gf_hal_timer]: [gf_hal_destroy_timer] exit
04-26 16:30:19.034   968   968 V [GF_HAL][gf_hal_common]: [gf_hal_nav_reset] exit
04-26 16:30:19.034   968   968 V [GF_HAL][gf_hal_common]: [gf_hal_common_authenticate] enter
04-26 16:30:19.034   968   968 D [GF_HAL][gf_hal_common]: [gf_hal_common_authenticate] group_id=0
04-26 16:30:19.034   968   968 V [GF_HAL][gf_hal_timer]: [gf_hal_destroy_timer] enter
04-26 16:30:19.034   968   968 V [GF_HAL][gf_hal_timer]: [hal_destroy_timer] enter
04-26 16:30:19.034   968   968 V [GF_HAL][gf_hal_timer]: [hal_destroy_timer] exit
04-26 16:30:19.034   968   968 V [GF_HAL][gf_hal_timer]: [gf_hal_destroy_timer] exit
04-26 16:30:19.034   968   968 V [GF_HAL][gf_hal_timer]: [gf_hal_destroy_timer] enter
04-26 16:30:19.034   968   968 V [GF_HAL][gf_hal_timer]: [hal_destroy_timer] enter
04-26 16:30:19.034   968   968 V [GF_HAL][gf_hal_timer]: [hal_destroy_timer] exit
04-26 16:30:19.034   968   968 V [GF_HAL][gf_hal_timer]: [gf_hal_destroy_timer] exit
04-26 16:30:19.034   968   968 V [GF_HAL][gf_hal_common]: [gf_hal_invoke_command] enter
04-26 16:30:19.034  1680  1680 D StatusBar: disable<e i a s b h r c s > disable2<q i n >
04-26 16:30:19.034   968   968 V [GF_HAL][gf_hal_milan_f_series]: [hal_milan_f_series_invoke_command] enter
04-26 16:30:19.035  1680  1680 D StatusBar: disable<e i a s b h r c s > disable2<q i n >
04-26 16:30:19.036  1680  1680 I chatty  : uid=10106(com.android.systemui) identical 1 line
04-26 16:30:19.036  1680  1680 D StatusBar: disable<e i a s b h r c s > disable2<q i n >
04-26 16:30:19.051  1680  1680 I SystemUIUpdateMonitor: receive action :android.intent.action.SCREEN_OFF
04-26 16:30:19.056   968   968 D [GF_HAL][gf_hal_milan_f_series]: [hal_milan_f_series_invoke_command] cmd_id=GF_CMD_AUTHENTICATE, cmd_id=1010
04-26 16:30:19.056   968   968 D [GF_HAL][gf_hal_milan_f_series]: [hal_milan_f_series_invoke_command] g_mode=MODE_FF, g_mode=3
04-26 16:30:19.056   968   968 D [GF_HAL][gf_hal_milan_f_series]: [hal_milan_f_series_invoke_command] g_operation=OPERATION_AUTHENTICATE_FF, g_operation=2
04-26 16:30:19.056   968   968 V [GF_HAL][gf_hal_milan_f_series]: [hal_milan_f_series_invoke_command] operation[0]=OPERATION_NAV, operation[0]=6
04-26 16:30:19.056   968   968 V [GF_HAL][gf_hal_milan_f_series]: [hal_milan_f_series_invoke_command] exit
04-26 16:30:19.056   968   968 V [GF_HAL][gf_hal_common]: [gf_hal_invoke_command] exit
04-26 16:30:19.056   968   968 V [GF_HAL][gf_hal_common]: [gf_hal_common_authenticate] exit
04-26 16:30:19.056   968   968 V [GF_HAL][gf_hal_milan_f_series]: [hal_milan_f_series_authenticate] exit
04-26 16:30:19.056   968   968 V [GF_HAL][gf_hal]: [gf_hal_authenticate] exit
04-26 16:30:19.056  1221  1221 W FingerprintService: client com.android.systemui is authenticating...
04-26 16:30:19.057  1680  1680 I SystemUIUpdateMonitor: handleMessage() mListening = true msg.what = 1
04-26 16:30:19.057  1680  1680 I SystemUIUpdateMonitor: handleGeneral() : MSG_SCREEN_OFF
04-26 16:30:19.057  1680  1680 D SystemUIUpdateMonitor: onScreenOff() : mTimeHandler.removeCallbacks(mTimeTICKRun)
04-26 16:30:19.136 30774 30934 I NearbyDiscovery: FastPairHandler: Received action android.intent.action.SCREEN_OFF [CONTEXT service_id=49 ]
04-26 16:30:19.138 31021 31021 I DeviceStatusMonitor: DeviceStatusMonitor$1.onReceive():57 onReceive() : Action = android.intent.action.SCREEN_OFF
04-26 16:30:19.139 31021 31021 I InputBundle: InputBundle.consumeEvent():957 Skip consuming an event as imeStatus is 0
04-26 16:30:19.140 30774 30934 D BluetoothAdapter: isLeEnabled(): ON
04-26 16:30:19.141 31021 31021 I DeviceStatusMonitor: DeviceStatusMonitor.updateCountryInfo():117 updateCountryInfo(), notifyAnyway = false
04-26 16:30:19.146 30774 30934 I NearbyDiscovery: FastPairScanner2: isBleEnabled? bleEnabled:true, btEnabled:true, bleScanAvailable:true [CONTEXT service_id=49 ]
04-26 16:30:19.147 30774 30934 D BluetoothAdapter: isLeEnabled(): ON
04-26 16:30:19.147 30774 30934 I NearbyDiscovery: FastPairScanner2: eventType=SCREEN_OFF, isScanning=true, isLocationEnabled=true, isBleEnabled=true, isBleScanAvailable=true [CONTEXT service_id=49 ]
04-26 16:30:19.149 30774 30934 I NearbyDiscovery: FastPairScanner2: Stopping scan [CONTEXT service_id=49 ]
04-26 16:30:19.150 30774 30934 D BluetoothAdapter: isLeEnabled(): ON
04-26 16:30:19.154 30774 30934 I NearbyDiscovery: FastPair: Baymax got intent android.intent.action.SCREEN_OFF [CONTEXT service_id=49 ]
04-26 16:30:19.155   439  2422 D [BT]    : mtk_bt_op: BT_VND_OP_LPM_WAKE_SET_STATE
04-26 16:30:19.156 31938 31938 E HwDetectorWithState: a: 2
04-26 16:30:19.156 31938 32014 I A       : Disconnecting from SysUi, flag disabled.
04-26 16:30:19.156 31938 32028 I A       : stopListening(NGA_PAUSED_LOCKED, SCREEN_OFF), idleOverride=NOT_LISTENING
04-26 16:30:19.156 31938 32014 I A       : Disconnecting from SysUi, VM not enabled.
04-26 16:30:19.156 31938 31938 I HwDetectorWithState: #stopHotwordDetection
04-26 16:30:19.156 31938 32014 I A       : Disconnected
04-26 16:30:19.156 31938 31938 E A       : FASE: true, SHwR: false, ACR: true, HR: false, ACbSS: false, ACbHE: false, SO:false, ARS: false
04-26 16:30:19.156 31938  1239 I SodaHwDetectionManager: #stopHotwordDetectionInternal
04-26 16:30:19.157 31938 32014 I A       : stopListening(NGA_PAUSED_LOCKED, SCREEN_LOCKED), idleOverride=NOT_LISTENING
04-26 16:30:19.157 31938  1239 E A       : #cleanUpAudioRecordAndPfds: Cleaning up audio record and Pfds
04-26 16:30:19.157 31938  1239 D AudioRecord: stop(8522): 0x7301214b00, mActive:1
04-26 16:30:19.161 30774 30850 I NearbySharing: Screen is locked [CONTEXT service_id=194 ]
04-26 16:30:19.161 30774 30850 I NearbySharing: Failed to stop scanning because weren't scanning. [CONTEXT service_id=194 ]
04-26 16:30:19.161 30774 30850 I NearbySharing: Stopping discovery because the screen is locked. [CONTEXT service_id=194 ]
04-26 16:30:19.162 30774 30850 I NearbySharing: Can't stop advertising FastInitiation. Not advertising. [CONTEXT service_id=194 ]
04-26 16:30:19.162 30774 30850 I NearbySharing: Stopping Fast Init advertisement because we're not scanning. [CONTEXT service_id=194 ]
04-26 16:30:19.162 30774 30850 I NearbySharing: Failed to stop advertising because we weren't advertising. [CONTEXT service_id=194 ]
04-26 16:30:19.162 30774 30850 I NearbySharing: Stopping advertising because the screen is locked. [CONTEXT service_id=194 ]
04-26 16:30:19.162 30774 30850 I NearbySharing: Stopping FastInitiation scanning because the screen is locked. [CONTEXT service_id=194 ]
04-26 16:30:19.163 30774 30850 I NearbySharing: Can't stop scanning for FastInitiation. Not scanning. [CONTEXT service_id=194 ]
04-26 16:30:19.163 30774 30850 I NearbySharing: Cancelling in use notification [CONTEXT service_id=194 ]
04-26 16:30:19.167 30774 30850 I NearbySharing: Fast Initiation Scanning has stopped [CONTEXT service_id=194 ]
04-26 16:30:19.168   438   711 D AudioALSAStreamIn: standby(), halRequest 0, mDestroy 0, flag 0
04-26 16:30:19.169   438   711 D AudioALSAStreamIn: close()
04-26 16:30:19.169   438   711 D AudioALSAStreamIn: updateStandByFrameCount(), update the mStandbyFrameCount = 0-> 1119360
04-26 16:30:19.169   438   711 D AudioALSACaptureHandlerNormal: +close()
04-26 16:30:19.182 12777 12777 D LockService: Event broadcast received, action: android.intent.action.SCREEN_OFF
04-26 16:30:19.182 12777 12777 D ThreadHelper: com.martianmode.applock.MAIN_THREAD finishThread called.
04-26 16:30:19.186 30861 13351 W DatabaseProcessor: processLocalDevices: failed to get the network info with non-null bssid.
04-26 16:30:19.201   438   711 D AudioALSACaptureDataClientAurisysNormal: pthread_join hProcessThread done
04-26 16:30:19.201   438   711 D AudioALSACaptureDataProviderBase: detach(), 0xeb37b000, mCaptureDataClientVector.size()=1, Identity=0xec783000
04-26 16:30:19.201   438   711 D AudioALSAHardwareResourceManager: +stopInputDevice(), mInputDevice = 0x80000004, stop_device = 0x80000004, mStartInputDeviceCount = 1, mMicInverse = 0, mNumPhoneMicSupport = 2
04-26 16:30:19.201   438   711 D AudioALSADeviceConfigManager: ApplyDeviceTurnoffSequenceByName(), DeviceName = builtin_Mic_DualMic descriptor->DeviceStatusCounter = 1
04-26 16:30:19.201   438   711 D AudioALSACaptureDataProviderNormal: close()
04-26 16:30:19.202 30861 13351 W DatabaseProcessor: processLocalDevices: failed to get the network info with non-null bssid.
04-26 16:30:19.206   438 24994 D AudioALSACaptureDataProviderNormal: -readThread(), pid: 438, tid: 24994
04-26 16:30:19.206 30774 30774 D BoundBrokerSvc: onRebind: Intent { act=com.google.android.gms.clearcut.bootcount.service.START cmp=com.google.android.gms/.chimera.PersistentBoundBrokerService }
04-26 16:30:19.206   438   711 D AudioALSACaptureDataProviderNormal: pthread_join hReadThread done
04-26 16:30:19.207   438   711 D AudioALSACaptureDataProviderNormal: -close()
04-26 16:30:19.207   438   711 D AudioALSACaptureDataClientAurisysNormal: DestroyAurisysLibManager()
04-26 16:30:19.207   438   711 D aurisys_lib_handler: aurisys_arsi_destroy_handler(), lib_name mtk_speech_enh, 0xec757a00, arsi_destroy_handler, arsi_handler = 0xe8579500, retval = 0
04-26 16:30:19.208   438   711 D aurisys_lib_manager: delete_aurisys_lib_manager(), manager 0xec767070
04-26 16:30:19.209   438   711 D AudioALSACaptureHandlerNormal: -close()
04-26 16:30:19.212   483  9502 D APM_AudioPolicyManager: stopInput portId 8522
04-26 16:30:19.214   438   438 D AudioALSAHardware: +routing releaseAudioPatch 80000004->Mixer
04-26 16:30:19.214   438   438 D AudioALSAStreamManager: +setParameters(), IOport = 2006, keyValuePairs = routing=0
04-26 16:30:19.214   438   438 D AudioALSAStreamManager: +routingInputDevice(), input_device: 0x80000004 => 0x0
04-26 16:30:19.214   438   438 W AudioALSAStreamManager: -routingInputDevice(), input_device == AUDIO_DEVICE_NONE(0x0), return
04-26 16:30:19.214   438   438 D AudioALSAHardware: handlecheck releaseAudioPatch remove handle [5ec] OK
04-26 16:30:19.216   483  9502 I SoundTrigger: setCaptureState(0)
04-26 16:30:19.216   483  9502 I SoundTriggerHwService: setCaptureState(): active = 0
04-26 16:30:19.216   483  9502 I SoundTriggerHwService::Module: setCaptureState_l(): active = 0
04-26 16:30:19.217   483  1439 I SoundTriggerHwService: onCallbackEvent
04-26 16:30:19.217   483  1439 I SoundTriggerHwService::Module: onCallbackEvent(), type 2
04-26 16:30:19.217   483  1439 I SoundTriggerHwService::Module: onCallbackEvent no clients
04-26 16:30:19.217 31938  1239 D AudioRecord: stop(8522) done
04-26 16:30:19.217 31938  1239 D AudioRecord: stop(8522): 0x7301214b00, mActive:0
04-26 16:30:19.217 31938  1239 D AudioRecord: ~AudioRecord(8522): mStatus 0
04-26 16:30:19.217 31938  1239 D AudioRecord: stop(8522): 0x7301214b00, mActive:0
04-26 16:30:19.218   483  9502 D APM_AudioPolicyManager: closeInput(2006)
04-26 16:30:19.221 31938  1239 I A       : Audio Stopped
04-26 16:30:19.222 31938 32032 W native  : soda_async_impl.cc:797 SODA stopped processing audio, mics audio processed in millis: 69880, loopback audio processed in millis: 0
04-26 16:30:19.222 31938  1270 W A       : Failed to push audio to Soda
04-26 16:30:19.222 31938  1270 W A       : java.io.InterruptedIOException: read interrupted
04-26 16:30:19.222 31938  1270 W A       : 	at libcore.io.Linux.readBytes(Native Method)
04-26 16:30:19.222 31938  1270 W A       : 	at libcore.io.Linux.read(Linux.java:190)
04-26 16:30:19.222 31938  1270 W A       : 	at libcore.io.ForwardingOs.read(ForwardingOs.java:177)
04-26 16:30:19.222 31938  1270 W A       : 	at libcore.io.BlockGuardOs.read(BlockGuardOs.java:303)
04-26 16:30:19.222 31938  1270 W A       : 	at libcore.io.ForwardingOs.read(ForwardingOs.java:177)
04-26 16:30:19.222 31938  1270 W A       : 	at libcore.io.IoBridge.read(IoBridge.java:513)
04-26 16:30:19.222 31938  1270 W A       : 	at java.io.FileInputStream.read(FileInputStream.java:313)
04-26 16:30:19.222 31938  1270 W A       : 	at android.os.ParcelFileDescriptor$AutoCloseInputStream.read(ParcelFileDescriptor.java:975)
04-26 16:30:19.222 31938  1270 W A       : 	at com.google.android.libraries.assistant.soda.f.c(SourceFile:9)
04-26 16:30:19.222 31938  1270 W A       : 	at com.google.android.libraries.assistant.soda.d.call(Unknown Source:2)
04-26 16:30:19.222 31938  1270 W A       : 	at com.google.common.w.a.dr.c(SourceFile:1)
04-26 16:30:19.222 31938  1270 W A       : 	at com.google.common.w.a.cn.run(SourceFile:4)
04-26 16:30:19.222 31938  1270 W A       : 	at com.google.common.w.a.ds.run(SourceFile:1)
04-26 16:30:19.222 31938  1270 W A       : 	at java.util.concurrent.ThreadPoolExecutor.runWorker(ThreadPoolExecutor.java:1167)
04-26 16:30:19.222 31938  1270 W A       : 	at java.util.concurrent.ThreadPoolExecutor$Worker.run(ThreadPoolExecutor.java:641)
04-26 16:30:19.222 31938  1270 W A       : 	at java.lang.Thread.run(Thread.java:919)
04-26 16:30:19.222 31938  1270 I A       : Sending end of audio to Soda.
04-26 16:30:19.223 31938 32020 E A       : #cleanUpAudioRecordAndPfds: Cleaning up audio record and Pfds
04-26 16:30:19.223 31938 32020 I GsaVoiceInteractionSrv: #onClosed - audio is closed, hasRecordingStarted true
04-26 16:30:19.223 31938 32032 W native  : hybrid_selector_impl.cc:141 No active session.
04-26 16:30:19.223 31938 32020 E HwDetectorWithState: a: 3
04-26 16:30:19.224 11926 11926 I NgaVisSearch: onShow called
04-26 16:30:19.225 11926 11926 I A       : onShow
04-26 16:30:19.228  1221  1745 I WifiService: releaseMulticastLock uid=10087
04-26 16:30:19.230   483  9502 I SoundTrigger: setCaptureState(0)
04-26 16:30:19.230   483  9502 I SoundTriggerHwService: setCaptureState(): active = 0
04-26 16:30:19.230   483  9502 I SoundTriggerHwService::Module: setCaptureState_l(): active = 0
04-26 16:30:19.230 31938 32032 W native  : soda_async_impl.cc:852 SODA session stopped due to: STOP_CALLED
04-26 16:30:19.230 13818 13818 I wpa_supplicant: wpa_driver_nl80211_driver_cmd: wlan0 recv cmd RXFILTER-STOP
04-26 16:30:19.231 31938 32033 I SodaHwCallbackAdapter: Soda stopped: STOP_CALLED
04-26 16:30:19.232 31938  3863 I SodaHwDetectionManager: Detection Finished.
04-26 16:30:19.232 31938  3863 E A       : #cleanUpAudioRecordAndPfds: Cleaning up audio record and Pfds
04-26 16:30:19.232 12777 12777 E hg      : action:android.intent.action.CLOSE_SYSTEM_DIALOGS,reason:voiceinteraction
04-26 16:30:19.233 11926 11926 I NgaVisSearch: Delegate to GsaVISession
04-26 16:30:19.235 13818 13818 I wpa_supplicant: wpa_driver_nl80211_driver_cmd: wlan0 recv cmd RXFILTER-REMOVE 2
04-26 16:30:19.237   438   438 D AudioALSAStreamManager: +closeInputStream(), in = 0xec757780, size() = 1
04-26 16:30:19.238   438   438 D AudioALSAStreamIn: ~AudioALSAStreamIn()
04-26 16:30:19.238   438   438 D AudioALSAStreamManager: -closeInputStream(), mStreamInVector.size() = 0
04-26 16:30:19.240 13818 13818 I wpa_supplicant: wpa_driver_nl80211_driver_cmd: wlan0 recv cmd RXFILTER-START
04-26 16:30:19.249 12777 12777 E hg      : action:android.intent.action.CLOSE_SYSTEM_DIALOGS,reason:voiceinteraction
04-26 16:30:19.257 11926 11926 I A       : hasHotwordEverywhere-true
04-26 16:30:19.260 11926 11926 I NgaVisSearch: onShow called
04-26 16:30:19.260 11926 11926 I A       : onShow
04-26 16:30:19.264 12777 12777 E hg      : action:android.intent.action.CLOSE_SYSTEM_DIALOGS,reason:voiceinteraction
04-26 16:30:19.264  1221  2669 I ActivityTaskManager: START u0 {flg=0x10000000 cmp=com.google.android.googlequicksearchbox/com.google.android.apps.gsa.staticplugins.opa.samson.activity.OpaAmbActivity (has extras)} from uid 10133
04-26 16:30:19.270   474   520 I power@1.3-impl: powerHintInternal hint:8, data:1
04-26 16:30:19.272   474   519 I libPowerHal: 8: cpu_ctrl set freq: 1807000 -1 1807000 -1
04-26 16:30:19.274   474   520 I power@1.3-impl: powerHintInternal hint:8, data:0
04-26 16:30:19.275   474   519 I libPowerHal: 8: cpu_ctrl set freq: -1 -1 -1 -1
04-26 16:30:19.276  1221  2669 D PowerHalWrapper: amsBoostNotify pid:11926,activity:com.google.android.apps.gsa.staticplugins.opa.samson.activity.OpaAmbActivity, package:com.google.android.googlequicksearchbox, mProcessCreatePackcom.instagram.android 
04-26 16:30:19.276  1221  2669 D PowerHalWrapper: amsBoostNotify AMS_BOOST_PROCESS_CREATE_BOOST:false 
04-26 16:30:19.276   474   519 I libPowerHal: [perfNotifyAppState] foreground:com.google.android.googlequicksearchbox, pid:11926, uid:10133
04-26 16:30:19.277   474   519 E UxUtility: notifyAppState error = NULL
04-26 16:30:19.277   474   519 I powerd  : [powerd_req] POWER_MSG_NOTIFY_STATE, pc:0, com.android.settings => com.google.android.googlequicksearchbox
04-26 16:30:19.305 11926 11926 I A       : Checking for device compliance...
04-26 16:30:19.346 11926 11926 E BBrightSensor: binned_brightness not found
04-26 16:30:19.369 11926 11926 W ZSBaseController: #initializeSectionsAsync() for baseController with hashcode as com.google.android.apps.gsa.staticplugins.opa.zerostate.f@4d80bb4
04-26 16:30:19.372 11926 24652 I NetworkRecognitionRnr: Using pair HTTP connection
04-26 16:30:19.372 11926 24088 I Search.LoginHelperImpl: Successfully received auth token for scope: oauth2:https://www.googleapis.com/auth/googlenow in time 0 ms
04-26 16:30:19.374 11926 24977 I A       : [Upload] Connected
04-26 16:30:19.377 11926 11926 I A       : hasHotwordEverywhere-true
04-26 16:30:19.390 22767 23366 I CallLogProvider: calllog query, uri:content://call_log/calls  selection=[1619434819343-date<21600000]  args=null
04-26 16:30:19.396   933   933 I Light   : batch: handle:4, flag:0,samplingPeriodNs:1000000 maxBatchReportLatencyNs:0
04-26 16:30:19.397   933   933 I Light   : enable: handle:4, en:1 
04-26 16:30:19.399 11926 11926 I ActivityIDC: no active observers, unidle ambient mode
04-26 16:30:19.401 11926 11926 I ActivityIDC: register idle listener
04-26 16:30:19.425 11926 11926 I BrightCont: enable AOD brightness mechanism
04-26 16:30:19.427   933   933 I Proximity: batch: handle:7, flag:0,samplingPeriodNs:1000000 maxBatchReportLatencyNs:0
04-26 16:30:19.431   933   933 I Proximity: enable: handle:7, en:1 
04-26 16:30:19.432 11926 11926 V PhoneWindow: DecorView setVisiblity: visibility = 4, Parent = null, this = DecorView@9d8b63b[]
04-26 16:30:19.435 11926 11926 D ViewRootImpl[OpaAmbActivity]: hardware acceleration = true , fakeHwAccelerated = false, sRendererDisabled = false, forceHwAccelerated = false, sSystemRendererDisabled = false
04-26 16:30:19.439 11926 11926 V PhoneWindow: DecorView setVisiblity: visibility = 0, Parent = android.view.ViewRootImpl@da99b04, this = DecorView@9d8b63b[OpaAmbActivity]
04-26 16:30:19.441   933   933 I Proximity: enable: handle:7, en:0 
04-26 16:30:19.443 11926 11926 I BrightCont: disable AOD brightness mechanism
04-26 16:30:19.471 22767 23366 D CallLogProvider: query count == 11
04-26 16:30:19.475 11926 12013 I A       : Refusing EXCLUSIVE task 43, it is already pending. Try again in 5979 seconds.
04-26 16:30:19.477 11926 11987 I A       : Device Compliance Fetch time taken = 172ms
04-26 16:30:19.477 11926 11987 I A       : Device is compliant!
04-26 16:30:19.477 11926 11987 I A       : Invoking "compliant" action...
04-26 16:30:19.492 11926 12013 I NetworkRecognitionRnr: Using pair HTTP connection
04-26 16:30:19.492 11926 12310 I GED     : ged_boost_gpu_freq, level 100, eOrigin 2, final_idx 15, oppidx_max 15, oppidx_min 0
04-26 16:30:19.493  1221  2639 I WindowManager: Relayout Window{eecd9b8 u0 com.google.android.googlequicksearchbox/com.google.android.apps.gsa.staticplugins.opa.samson.activity.OpaAmbActivity}: oldVis=8 newVis=0 focusMayChange = true
04-26 16:30:19.493 11926 12310 I GED     : ged_boost_gpu_freq, level 100, eOrigin 2, final_idx 15, oppidx_max 15, oppidx_min 0
04-26 16:30:19.495 11926 24976 I A       : [Upload] Connected
04-26 16:30:19.497   496  1456 I BufferQueue: [unnamed-496-13564](this:0x7f00bbc000,id:13564,api:0,p:-1,c:-1) BufferQueue core=(496:/system/bin/surfaceflinger)
04-26 16:30:19.497 11926 24654 I Search.LoginHelperImpl: Successfully received auth token for scope: oauth2:https://www.googleapis.com/auth/googlenow in time 0 ms
04-26 16:30:19.497   496  1456 I BufferQueueConsumer: [unnamed-496-13564](this:0x7f00bbc000,id:13564,api:0,p:-1,c:496) connect(C): consumer=(496:/system/bin/surfaceflinger) controlledByApp=false
04-26 16:30:19.497   496  1456 I BufferQueueConsumer: [unnamed-496-13564](this:0x7f00bbc000,id:13564,api:0,p:-1,c:496) setConsumerName: unnamed-496-13564
04-26 16:30:19.497   496  1456 I BufferQueueConsumer: [com.google.android.googlequicksearchbox/com.google.android.apps.gsa.staticplugins.opa.samson.activity.OpaAmbActivity#0](this:0x7f00bbc000,id:13564,api:0,p:-1,c:496) setConsumerName: com.google.android.googlequicksearchbox/com.google.android.apps.gsa.staticplugins.opa.samson.activity.OpaAmbActivity#0
04-26 16:30:19.497   496  1456 I BufferQueueConsumer: [com.google.android.googlequicksearchbox/com.google.android.apps.gsa.staticplugins.opa.samson.activity.OpaAmbActivity#0](this:0x7f00bbc000,id:13564,api:0,p:-1,c:496) setDefaultBufferSize: width=720 height=1520
04-26 16:30:19.501 11926 12005 W CronetNetworkRqstWrppr: Upload request without a content type.
04-26 16:30:19.501 11926 24088 I A       : Attempting to connect to work profile.
04-26 16:30:19.503 11926 24088 I A       : Finished attempting to connect to work profile, outcome: UNAVAILABLE, elapsed time: PT0.001S.
04-26 16:30:19.506 11926 12019 W CronetNetworkRqstWrppr: Upload request without a content type.
04-26 16:30:19.506 11926 11926 E GraphicExt: GraphicExtModuleLoader::CreateGraphicExtInstance false
04-26 16:30:19.508 11926 24933 I Search.LoginHelperImpl: Successfully received auth token for scope: oauth2:https://www.googleapis.com/auth/googlenow in time 0 ms
04-26 16:30:19.512 11926 12310 D Surface : Surface::connect(this=0x73011dc000,api=1)
04-26 16:30:19.513   496  1456 I BufferQueueProducer: [com.google.android.googlequicksearchbox/com.google.android.apps.gsa.staticplugins.opa.samson.activity.OpaAmbActivity#0](this:0x7f00bbc000,id:13564,api:1,p:11926,c:496) connect(P): api=1 producer=(11926:com.google.android.googlequicksearchbox:search) producerControlledByApp=false
04-26 16:30:19.515 11926 11987 I A       : resendCurrentCards
04-26 16:30:19.517 11926 12310 D mali_winsys: EGLint new_window_surface(egl_winsys_display *, void *, EGLSurface, EGLConfig, egl_winsys_surface **, EGLBoolean) returns 0x3000
04-26 16:30:19.518 11926 24976 I A       : Falling back to non-UDC sources
04-26 16:30:19.519 11926 12310 D Surface : Surface::setBufferCount(this=0x73011dc000,bufferCount=3)
04-26 16:30:19.519 11926 12310 D Surface : Surface::allocateBuffers(this=0x73011dc000)
04-26 16:30:19.520 30861 30861 D BoundBrokerSvc: onBind: Intent { act=com.google.android.gms.measurement.START pkg=com.google.android.gms }
04-26 16:30:19.520 30861 30861 D BoundBrokerSvc: Loading bound service for intent: Intent { act=com.google.android.gms.measurement.START pkg=com.google.android.gms }
04-26 16:30:19.520 11926 24976 I A       : Setting = LOCATION_HISTORY_AND_REPORTING, optedInt = true
04-26 16:30:19.521 11926 24976 I A       : Falling back to non-UDC sources
04-26 16:30:19.521 11926 24976 I A       : Setting = NOW_CARDS, optedInt = true
04-26 16:30:19.521 11926 24976 I A       : Falling back to non-UDC sources
04-26 16:30:19.521 11926 24976 I A       : Setting = NOW_NOTIFICATIONS, optedInt = true
04-26 16:30:19.524 11926 24976 I A       : Falling back to non-UDC sources
04-26 16:30:19.524 11926 24976 I A       : Setting = CHROME_HISTORY_SYNC, optedInt = true
04-26 16:30:19.544 11926 12010 I A       : received card type Weather 
04-26 16:30:19.544 11926 11926 I NgaVisSearch: hide
04-26 16:30:19.544 11926 11926 I NgaVisSearch: hideInternal
04-26 16:30:19.544 11926 24976 I A       : Falling back to non-UDC sources
04-26 16:30:19.544 11926 24976 I A       : Setting = LOCATION_HISTORY_AND_REPORTING, optedInt = true
04-26 16:30:19.545 11926 24976 I A       : Falling back to non-UDC sources
04-26 16:30:19.545 11926 24976 I A       : Setting = NOW_CARDS, optedInt = true
04-26 16:30:19.545 11926 24976 I A       : Falling back to non-UDC sources
04-26 16:30:19.545 11926 24976 I A       : Setting = NOW_NOTIFICATIONS, optedInt = true
04-26 16:30:19.546 11926 24976 I A       : Falling back to non-UDC sources
04-26 16:30:19.546 11926 24976 I A       : Setting = CHROME_HISTORY_SYNC, optedInt = true
04-26 16:30:19.564 11926 12344 D DRM/DcfDecoder: decodeDrmImageIfNeeded with stream left [1620]
04-26 16:30:19.564 11926 12344 E DRM/DcfDecoder: decodeDrmImageIfNeeded stream caught ClassCastException 
04-26 16:30:19.568  1680  1862 D NetworkTypeUtils: nrState = -1
04-26 16:30:19.570 11926 11926 I TextToSpeech: Sucessfully bound to com.google.android.tts
04-26 16:30:19.582 11926 11926 I TextToSpeech: Connected to ComponentInfo{com.google.android.tts/com.google.android.apps.speech.tts.googletts.service.GoogleTTSService}
04-26 16:30:19.588  1221  1249 D PowerManagerService: WAKE_LOCK_SCREEN_BRIGHT Change, Total ACQUIRED: 
04-26 16:30:19.588  1221  1249 D PowerManagerService:   DOZE_WAKE_LOCK                 'DreamManagerService' ACQ=-692ms (uid=1000 pid=1221)
04-26 16:30:19.588  1221  1249 D PowerManagerService:   SCREEN_BRIGHT_WAKE_LOCK        'WindowManager' ON_AFTER_RELEASE (uid=1000 pid=1221 ws=WorkSource{10133})
04-26 16:30:19.590 11926 12005 I DeviceCapHelper: Adding surface identity to the device capabilities for surface OPA_AGSA.
04-26 16:30:19.590  1221  2639 D PowerHalWrapper: amsBoostStop AMS_BOOST_PACK_SWITCH:false, AMS_BOOST_ACT_SWITCH:false, AMS_BOOST_PROCESS_CREATE:false 
04-26 16:30:19.592 22894 22911 I GoogleTTSServiceImpl: currentLocale = en-GB
04-26 16:30:19.594 11926 12013 I CalDataStoreImpl: #getNextEvent()
04-26 16:30:19.594 11926 12013 I CalDataStoreImpl: #getDataFromOpaStoreOrFetchLatest()
04-26 16:30:19.597 22894 22911 I GoogleTTSServiceImpl: For default lang en-gb is name en-GB-language (en-gb-x-fis-server)
04-26 16:30:19.598 11926 13327 I TextToSpeech: Set up connection to ComponentInfo{com.google.android.tts/com.google.android.apps.speech.tts.googletts.service.GoogleTTSService}
04-26 16:30:19.600 11926 11976 I CalDataStoreImpl: Local calendar data in OpaStore is valid.
04-26 16:30:19.600 11926 11976 I CalDataStoreImpl: Found 1 local calendar events from OpaStore.
04-26 16:30:19.600 11926 11976 I CalDataStoreImpl: Found event which should be excluded.
04-26 16:30:19.602 11926 11976 I OpaCalCtrl: #onCalendarEventLoadSuccess()
04-26 16:30:19.603 11926 11976 I OpaCalCtrl: #maybeSendNextCalendarUpdate()
04-26 16:30:19.603 11926 11976 I OpaCalCtrl: Next event is empty.
04-26 16:30:19.608 11926 12013 I NetworkRecognitionRnr: Using pair HTTP connection
04-26 16:30:19.610 11926 24654 I A       : [Upload] Connected
04-26 16:30:19.612 11926 24933 I Search.LoginHelperImpl: Successfully received auth token for scope: oauth2:https://www.googleapis.com/auth/googlenow in time 1 ms
04-26 16:30:19.613 11926 12008 W CronetNetworkRqstWrppr: Upload request without a content type.
04-26 16:30:19.614 11926 24655 I A       : Attempting to connect to work profile.
04-26 16:30:19.615 11926 11976 I OpaCalCtrl: Scheduling calendar update task
04-26 16:30:19.616 11926 24655 I A       : Finished attempting to connect to work profile, outcome: UNAVAILABLE, elapsed time: PT0S.
04-26 16:30:19.619 11926 24659 I Search.LoginHelperImpl: Successfully received auth token for scope: oauth2:https://www.googleapis.com/auth/googlenow in time 1 ms
04-26 16:30:19.623 11926 24654 I A       : Falling back to non-UDC sources
04-26 16:30:19.624 11926 24654 I A       : Setting = LOCATION_HISTORY_AND_REPORTING, optedInt = true
04-26 16:30:19.624 11926 24654 I A       : Falling back to non-UDC sources
04-26 16:30:19.624 11926 24654 I A       : Setting = NOW_CARDS, optedInt = true
04-26 16:30:19.624 11926 24654 I A       : Falling back to non-UDC sources
04-26 16:30:19.625 11926 24654 I A       : Setting = NOW_NOTIFICATIONS, optedInt = true
04-26 16:30:19.626 11926 24654 I A       : Falling back to non-UDC sources
04-26 16:30:19.626 11926 24654 I A       : Setting = CHROME_HISTORY_SYNC, optedInt = true
04-26 16:30:19.643 11926 12013 I SmartspaceGcmCommuteIH: #canHandleInput() input class NotificationArgs false
04-26 16:30:19.643 11926 12013 I SmartspaceGmmTtlIH: #canHandleInput() input class NotificationArgs false
04-26 16:30:19.661 30774 24768 W NetworkScheduler: Error inserting flex_time=821000 job_id=-1 period=1643000 source=16 requires_charging=0 preferred_network_type=1 target_class=com.google.android.gms.measurement.PackageMeasurementTaskService user_id=0 target_package=com.google.android.gms tag=Measurement.PackageMeasurementTaskService.UPLOAD_TASK_TAG task_type=0 required_idleness_state=0 service_kind=0 source_version=211513000 persistence_level=1 preferred_charging_state=1 required_network_type=0 runtime=1619434819655 retry_strategy={"maximum_backoff_seconds":{"3600":0},"initial_backoff_seconds":{"30":0},"retry_policy":{"0":0}} last_runtime=0, error message: UNIQUE constraint failed: pending_ops.tag, pending_ops.target_class, pending_ops.target_package, pending_ops.user_id (code 2067 SQLITE_CONSTRAINT_UNIQUE) [CONTEXT service_id=218 ]
04-26 16:30:19.663 11926 11987 I A       : updateCurrentCard
04-26 16:30:19.664 11926 12010 W A       : cardType: 0 has no icon.
04-26 16:30:19.676 11926 12010 I A       : hasHotwordEverywhere-true
04-26 16:30:19.679 11926 12010 I A       : sending card type 
04-26 16:30:19.681 11926 12010 I A       : received card type  
04-26 16:30:19.682 11926 12010 I A       : received card type Weather 
04-26 16:30:19.920  2716  2716 D FileOperator: Mode change to WRITE_MODE!
04-26 16:30:19.917  2716  2716 W ll.PowerMonitor: type=1400 audit(0.0:218112): avc: denied { search } for name="battery" dev="sysfs" ino=10542 scontext=u:r:system_app:s0 tcontext=u:object_r:sysfs_batteryinfo:s0 tclass=dir permissive=0
04-26 16:30:19.935 11926 24975 I A       : [Download] starting read
04-26 16:30:19.946 11926 12022 W ZSSectionDataManager: get new homeAutomation sectionDataList as [com.google.android.apps.gsa.staticplugins.opa.zerostate.sections.ch@d221f95]
04-26 16:30:19.975  1680  1862 D NetworkTypeUtils: nrState = -1
04-26 16:30:19.976 11926 11926 I AmbientMediaSC: #Observer: onStart()
04-26 16:30:19.982 11926 11926 I AmbientSummarySC: Summary message appended.
04-26 16:30:20.002 11926 24652 I A       : [Download] starting read
04-26 16:30:20.030  1680  1770 D Surface : Surface::disconnect(this=0x7306120000,api=1)
04-26 16:30:20.031   496  1456 I BufferQueueProducer: [com.android.systemui.ImageWallpaper#0](this:0x7f04b72800,id:7,api:1,p:1680,c:496) disconnect(P): api 1
04-26 16:30:20.076 11926 24088 I A       : [Download] starting read
04-26 16:30:20.838 11926 11926 V ClearcutMetricXmitter: Transmission is done.
04-26 16:30:20.911 11926 11980 I A       : Falling back to non-UDC sources
04-26 16:30:20.911 11926 11980 I A       : Setting = LOCATION_HISTORY_AND_REPORTING, optedInt = true
04-26 16:30:20.912 11926 11980 I A       : Falling back to non-UDC sources
04-26 16:30:20.912 11926 11980 I A       : Setting = NOW_CARDS, optedInt = true
04-26 16:30:20.912 11926 11980 I A       : Falling back to non-UDC sources
04-26 16:30:20.912 11926 11980 I A       : Setting = NOW_NOTIFICATIONS, optedInt = true
04-26 16:30:20.914 11926 11980 I A       : Falling back to non-UDC sources
04-26 16:30:20.914 11926 11980 I A       : Setting = CHROME_HISTORY_SYNC, optedInt = true
04-26 16:30:21.415  1221  1464 I BatteryService: shutdownIfLowCurrentLocked batteryLevel = 91 , hasChargingCurrent = true(isPowered=true,batteryCurrent=742,hardware=mt6771) , hitShutdownVoltage = true(batteryVoltage=4379,mBatteryMinVoltage=-1) , isSystemReady = true
04-26 16:30:21.413  2716  2716 W ll.PowerMonitor: type=1400 audit(0.0:218113): avc: denied { search } for name="battery" dev="sysfs" ino=10542 scontext=u:r:system_app:s0 tcontext=u:object_r:sysfs_batteryinfo:s0 tclass=dir permissive=0
04-26 16:30:21.417 11869 11869 W .batteryprotect: type=1400 audit(0.0:218114): avc: denied { search } for name="battery" dev="sysfs" ino=10542 scontext=u:r:system_app:s0 tcontext=u:object_r:sysfs_batteryinfo:s0 tclass=dir permissive=0
04-26 16:30:21.417  1680  1680 V KeyguardUpdateMonitor: Max charging micro amp: 500000 Max charging micro volt: 5000000 current: 742000
04-26 16:30:21.417  1680  1680 D BatteryController: mPluggedIn = true;mCharging =true; status=2; level=91
04-26 16:30:21.418  1680  1680 I BatteryView: updateShowPercent showPercent: 0 mUseSmallBatteryLevel: true mAllowShowPercentage: true
04-26 16:30:21.418  1680  1680 I BatteryMeterDrawableBase: isHideWaring mHideWaring: false
04-26 16:30:21.418 11869 11869 I [BatteryProtectApp]: ACTION_BATTERY_CHANGED -> Temprature : 35.6
04-26 16:30:21.419  1680  1680 I BatteryView: updateShowPercent showPercent: 0 mUseSmallBatteryLevel: true mAllowShowPercentage: true
04-26 16:30:21.419 11869 11869 I [BatteryProtectApp]: DetectBatteryService: MaxTempShutDown : false
04-26 16:30:21.419 11869 11869 I [BatteryProtectApp]: DetectBatteryService: LowTempShutDown : false
04-26 16:30:21.419  1680  1680 I BatteryMeterDrawableBase: isHideWaring mHideWaring: false
04-26 16:30:21.419  1680  1680 I BatteryView: updateShowPercent showPercent: 0 mUseSmallBatteryLevel: true mAllowShowPercentage: true
04-26 16:30:21.419  1680  1680 I BatteryMeterDrawableBase: isHideWaring mHideWaring: false
04-26 16:30:21.419 11869 11869 W System.err: java.io.FileNotFoundException: /sys/class/power_supply/battery/device/jeita_full_capacity: open failed: EACCES (Permission denied)
04-26 16:30:21.420 11869 11869 W System.err: 	at libcore.io.IoBridge.open(IoBridge.java:496)
04-26 16:30:21.420 11869 11869 W System.err: 	at java.io.FileInputStream.<init>(FileInputStream.java:159)
04-26 16:30:21.420 11869 11869 W System.err: 	at com.evenwell.batteryprotect.DetectBatteryService.a(Unknown Source:9)
04-26 16:30:21.420 11869 11869 W System.err: 	at com.evenwell.batteryprotect.DetectBatteryService.a(Unknown Source:199)
04-26 16:30:21.420 11869 11869 W System.err: 	at com.evenwell.batteryprotect.DetectBatteryService.a(Unknown Source:0)
04-26 16:30:21.420 11869 11869 W System.err: 	at com.evenwell.batteryprotect.DetectBatteryService$3.onReceive(Unknown Source:375)
04-26 16:30:21.420 11869 11869 W System.err: 	at android.app.LoadedApk$ReceiverDispatcher$Args.lambda$getRunnable$0$LoadedApk$ReceiverDispatcher$Args(LoadedApk.java:1550)
04-26 16:30:21.420 11869 11869 W System.err: 	at android.app.-$$Lambda$LoadedApk$ReceiverDispatcher$Args$_BumDX2UKsnxLVrE6UJsJZkotuA.run(Unknown Source:2)
04-26 16:30:21.420 11869 11869 W System.err: 	at android.os.Handler.handleCallback(Handler.java:883)
04-26 16:30:21.420 11869 11869 W System.err: 	at android.os.Handler.dispatchMessage(Handler.java:100)
04-26 16:30:21.420 11869 11869 W System.err: 	at android.os.Looper.loop(Looper.java:214)
04-26 16:30:21.420 11869 11869 W System.err: 	at android.app.ActivityThread.main(ActivityThread.java:7386)
04-26 16:30:21.420 11869 11869 W System.err: 	at java.lang.reflect.Method.invoke(Native Method)
04-26 16:30:21.420 11869 11869 W System.err: 	at com.android.internal.os.RuntimeInit$MethodAndArgsCaller.run(RuntimeInit.java:492)
04-26 16:30:21.420 11869 11869 W System.err: 	at com.android.internal.os.ZygoteInit.main(ZygoteInit.java:980)
04-26 16:30:21.420 11869 11869 W System.err: Caused by: android.system.ErrnoException: open failed: EACCES (Permission denied)
04-26 16:30:21.420 11869 11869 W System.err: 	at libcore.io.Linux.open(Native Method)
04-26 16:30:21.420 11869 11869 W System.err: 	at libcore.io.ForwardingOs.open(ForwardingOs.java:167)
04-26 16:30:21.420 11869 11869 W System.err: 	at libcore.io.BlockGuardOs.open(BlockGuardOs.java:252)
04-26 16:30:21.421 11869 11869 W System.err: 	at libcore.io.ForwardingOs.open(ForwardingOs.java:167)
04-26 16:30:21.421 11869 11869 W System.err: 	at android.app.ActivityThread$AndroidOs.open(ActivityThread.java:7283)
04-26 16:30:21.421 11869 11869 W System.err: 	at libcore.io.IoBridge.open(IoBridge.java:482)
04-26 16:30:21.421 11869 11869 W System.err: 	... 14 more
04-26 16:30:21.421 11869 11869 I [BatteryProtectApp]: IS_SUPPORT_DECREASE_CHARGING : true
04-26 16:30:21.633 30774 23303 W NetworkScheduler: Error inserting flex_time=819000 job_id=-1 period=1639000 source=16 requires_charging=0 preferred_network_type=1 target_class=com.google.android.gms.measurement.PackageMeasurementTaskService user_id=0 target_package=com.google.android.gms tag=Measurement.PackageMeasurementTaskService.UPLOAD_TASK_TAG task_type=0 required_idleness_state=0 service_kind=0 source_version=211513000 persistence_level=1 preferred_charging_state=1 required_network_type=0 runtime=1619434821628 retry_strategy={"maximum_backoff_seconds":{"3600":0},"initial_backoff_seconds":{"30":0},"retry_policy":{"0":0}} last_runtime=0, error message: UNIQUE constraint failed: pending_ops.tag, pending_ops.target_class, pending_ops.target_package, pending_ops.user_id (code 2067 SQLITE_CONSTRAINT_UNIQUE) [CONTEXT service_id=218 ]
04-26 16:30:21.921  2716  2716 W ll.PowerMonitor: type=1400 audit(0.0:218115): avc: denied { search } for name="battery" dev="sysfs" ino=10542 scontext=u:r:system_app:s0 tcontext=u:object_r:sysfs_batteryinfo:s0 tclass=dir permissive=0
04-26 16:30:23.281  1221  1464 I BatteryService: shutdownIfLowCurrentLocked batteryLevel = 91 , hasChargingCurrent = true(isPowered=true,batteryCurrent=737,hardware=mt6771) , hitShutdownVoltage = true(batteryVoltage=4409,mBatteryMinVoltage=-1) , isSystemReady = true
04-26 16:30:23.281  2716  2716 W ll.PowerMonitor: type=1400 audit(0.0:218116): avc: denied { search } for name="battery" dev="sysfs" ino=10542 scontext=u:r:system_app:s0 tcontext=u:object_r:sysfs_batteryinfo:s0 tclass=dir permissive=0
04-26 16:30:23.284  1680  1680 V KeyguardUpdateMonitor: Max charging micro amp: 500000 Max charging micro volt: 5000000 current: 737000
04-26 16:30:23.284  1680  1680 D BatteryController: mPluggedIn = true;mCharging =true; status=2; level=91
04-26 16:30:23.284  1680  1680 I BatteryView: updateShowPercent showPercent: 0 mUseSmallBatteryLevel: true mAllowShowPercentage: true
04-26 16:30:23.284  1680  1680 I BatteryMeterDrawableBase: isHideWaring mHideWaring: false
04-26 16:30:23.285  1680  1680 I BatteryView: updateShowPercent showPercent: 0 mUseSmallBatteryLevel: true mAllowShowPercentage: true
04-26 16:30:23.285  1680  1680 I BatteryMeterDrawableBase: isHideWaring mHideWaring: false
04-26 16:30:23.285 11869 11869 I [BatteryProtectApp]: ACTION_BATTERY_CHANGED -> Temprature : 35.7
04-26 16:30:23.285 11869 11869 I [BatteryProtectApp]: DetectBatteryService ACTION_BATTERY_CHANGED return !!
04-26 16:30:23.286  1680  1680 I BatteryView: updateShowPercent showPercent: 0 mUseSmallBatteryLevel: true mAllowShowPercentage: true
04-26 16:30:23.286  1680  1680 I BatteryMeterDrawableBase: isHideWaring mHideWaring: false
04-26 16:30:23.286  2716  2716 D FileOperator: Mode change to WRITE_MODE!
04-26 16:30:23.314  1680  1680 D KeyguardViewMediator: lockedOrMissing is false, requireSim=false, antiTheftLocked=false
04-26 16:30:23.325  1221  1248 W UsageStatsService: Event reported without a package name, eventType:17
04-26 16:30:23.331  1680  1680 D KeyguardSecurityModel: isPinPukOrMeRequiredOfSubId() - phoneId = 0, simState = READY
04-26 16:30:23.331  1680  1680 D KeyguardSecurityModel: isPinPukOrMeRequiredOfSubId() - phoneId = 1, simState = READY
04-26 16:30:23.331  1680  1680 D AntiTheftManager: getCurrentAntiTheftMode() is called.
04-26 16:30:23.333  1680  1680 V KeyguardSecurityView: showPrimarySecurityScreen(securityMode=Pattern)
04-26 16:30:23.333  1680  1680 D VoiceWakeupManagerProxy: getInstance(...) is called.
04-26 16:30:23.335   438   438 D AudioALSAHardware: +getParameters(), key = MTK_VOW_SUPPORT
04-26 16:30:23.335   438   438 D AudioALSAHardware: -getParameters(), return "MTK_VOW_SUPPORT=false"
04-26 16:30:23.335   483 16656 I hash_map_utils: key: 'MTK_VOW_SUPPORT' value: ''
04-26 16:30:23.336  1680  1680 D VoiceWakeupManager: VoiceWakeup demo is NOT enabled in this load.
04-26 16:30:23.336  1680  1680 D KeyguardSecurityView: showSecurityScreen() - get oldview forInvalid, get newview forPattern
04-26 16:30:23.355  1680  1680 I EmergencyButton: ss.getState()=0 ss.isEmergencyOnly()=false for simId=0
04-26 16:30:23.362  1680  1680 I EmergencyButton: ss.getState()=0 ss.isEmergencyOnly()=false for simId=1
04-26 16:30:23.362  1680  1680 D KeyguardSecurityModel: isPinPukOrMeRequiredOfSubId() - phoneId = 0, simState = READY
04-26 16:30:23.362  1680  1680 D KeyguardSecurityModel: isPinPukOrMeRequiredOfSubId() - phoneId = 1, simState = READY
04-26 16:30:23.362  1680  1680 D AntiTheftManager: getCurrentAntiTheftMode() is called.
04-26 16:30:23.364  1680  1680 I EmergencyButton: show = true
04-26 16:30:23.367  1680  1680 D KeyguardSecurityView: showSecurityScreen() - newview.setKeyguardCallback(mCallback)
04-26 16:30:23.368  1680  1680 D KeyguardSecurityView: Before update, mCurrentSecuritySelection = PatternAfter update, mCurrentSecuritySelection = Pattern
04-26 16:30:23.374  1680  1680 D CarrierTextController: updateCarrierText() - after combination, displayText = Vodafone IN  Vodafone IN, allSimsMissing = false
04-26 16:30:23.390  1680  1680 I EmergencyButton: ss.getState()=0 ss.isEmergencyOnly()=false for simId=0
04-26 16:30:23.396  1680  1680 I EmergencyButton: ss.getState()=0 ss.isEmergencyOnly()=false for simId=1
04-26 16:30:23.377  1680  1680 I chatty  : uid=10106(com.android.systemui) identical 2 lines
04-26 16:30:23.379  1680  1680 D CarrierTextController: updateCarrierText() - after combination, displayText = Vodafone IN  Vodafone IN, allSimsMissing = false
04-26 16:30:23.397  1680  1680 D KeyguardSecurityModel: isPinPukOrMeRequiredOfSubId() - phoneId = 0, simState = READY
04-26 16:30:23.397  1680  1680 D KeyguardSecurityModel: isPinPukOrMeRequiredOfSubId() - phoneId = 1, simState = READY
04-26 16:30:23.397  1680  1680 D AntiTheftManager: getCurrentAntiTheftMode() is called.
04-26 16:30:23.399  1680  1680 I EmergencyButton: show = true
04-26 16:30:23.409  1680  1680 I EmergencyButton: ss.getState()=0 ss.isEmergencyOnly()=false for simId=0
04-26 16:30:23.415  1680  1680 I EmergencyButton: ss.getState()=0 ss.isEmergencyOnly()=false for simId=1
04-26 16:30:23.415  1680  1680 D KeyguardSecurityModel: isPinPukOrMeRequiredOfSubId() - phoneId = 0, simState = READY
04-26 16:30:23.415  1680  1680 D KeyguardSecurityModel: isPinPukOrMeRequiredOfSubId() - phoneId = 1, simState = READY
04-26 16:30:23.415  1680  1680 D AntiTheftManager: getCurrentAntiTheftMode() is called.
04-26 16:30:23.417  1680  1680 I EmergencyButton: show = true
04-26 16:30:23.426  1680  1680 I EmergencyButton: ss.getState()=0 ss.isEmergencyOnly()=false for simId=0
04-26 16:30:23.431  1680  1680 I EmergencyButton: ss.getState()=0 ss.isEmergencyOnly()=false for simId=1
04-26 16:30:23.431  1680  1680 D KeyguardSecurityModel: isPinPukOrMeRequiredOfSubId() - phoneId = 0, simState = READY
04-26 16:30:23.432  1680  1680 D KeyguardSecurityModel: isPinPukOrMeRequiredOfSubId() - phoneId = 1, simState = READY
04-26 16:30:23.432  1680  1680 D AntiTheftManager: getCurrentAntiTheftMode() is called.
04-26 16:30:23.433  1680  1680 I EmergencyButton: show = true
04-26 16:30:23.442  1680  1680 I EmergencyButton: ss.getState()=0 ss.isEmergencyOnly()=false for simId=0
04-26 16:30:23.448  1680  1680 I EmergencyButton: ss.getState()=0 ss.isEmergencyOnly()=false for simId=1
04-26 16:30:23.449  1680  1680 D KeyguardSecurityModel: isPinPukOrMeRequiredOfSubId() - phoneId = 0, simState = READY
04-26 16:30:23.449  1680  1680 D KeyguardSecurityModel: isPinPukOrMeRequiredOfSubId() - phoneId = 1, simState = READY
04-26 16:30:23.449  1680  1680 D AntiTheftManager: getCurrentAntiTheftMode() is called.
04-26 16:30:23.451  1680  1680 I EmergencyButton: show = true
04-26 16:30:23.455  1680  1680 D KeyguardSecurityModel: isPinPukOrMeRequiredOfSubId() - phoneId = 0, simState = READY
04-26 16:30:23.456  1680  1680 D KeyguardSecurityModel: isPinPukOrMeRequiredOfSubId() - phoneId = 1, simState = READY
04-26 16:30:23.456  1680  1680 D AntiTheftManager: getCurrentAntiTheftMode() is called.
04-26 16:30:23.458  1680  1680 D StatusBar: disable<e i a s b h r c s > disable2<q i n >
04-26 16:30:23.458  1680  1680 I chatty  : uid=10106(com.android.systemui) identical 2 lines
04-26 16:30:23.459  1680  1680 D StatusBar: disable<e i a s b h r c s > disable2<q i n >
04-26 16:30:23.460 11926 11926 I NgaVisSearch: onLockscreenShown
04-26 16:30:23.460  1680  1680 D KeyguardSecurityModel: isPinPukOrMeRequiredOfSubId() - phoneId = 0, simState = READY
04-26 16:30:23.460  1680  1680 D KeyguardSecurityModel: isPinPukOrMeRequiredOfSubId() - phoneId = 1, simState = READY
04-26 16:30:23.460  1680  1680 D AntiTheftManager: getCurrentAntiTheftMode() is called.
04-26 16:30:23.461 11926 11926 I NgaVisSearch: hide
04-26 16:30:23.461 11926 11926 I NgaVisSearch: hideInternal
04-26 16:30:23.461  1680  1680 D KeyguardSecurityModel: isPinPukOrMeRequiredOfSubId() - phoneId = 0, simState = READY
04-26 16:30:23.461  1680  1680 D KeyguardSecurityModel: isPinPukOrMeRequiredOfSubId() - phoneId = 1, simState = READY
04-26 16:30:23.461  1680  1680 D AntiTheftManager: getCurrentAntiTheftMode() is called.
04-26 16:30:23.462  1680  1680 V KeyguardSecurityView: showPrimarySecurityScreen(securityMode=Pattern)
04-26 16:30:23.479  1680  1680 D CarrierTextController: updateCarrierText() - after combination, displayText = Vodafone IN  Vodafone IN, allSimsMissing = false
04-26 16:30:23.921  2716  2716 W ll.PowerMonitor: type=1400 audit(0.0:218117): avc: denied { search } for name="battery" dev="sysfs" ino=10542 scontext=u:r:system_app:s0 tcontext=u:object_r:sysfs_batteryinfo:s0 tclass=dir permissive=0
04-26 16:30:24.220  2716 11957 D FileOperator: Mode change to WRITE_MODE!
04-26 16:30:24.246  2716 11957 I chatty  : uid=1000(system) EventRecordHT identical 1 line
04-26 16:30:24.289  2716 11957 D FileOperator: Mode change to WRITE_MODE!
04-26 16:30:24.690  1680  1862 D NetworkTypeUtils: nrState = -1
04-26 16:30:25.101  1680  1862 D NetworkTypeUtils: nrState = -1
04-26 16:30:25.144   937   937 I thermal_repeater: [recvMdThermalInfo] ret=29, strLen=127,  3, 43, -50, -28366, 32767, 0
04-26 16:30:25.925  2716  2716 W ll.PowerMonitor: type=1400 audit(0.0:218118): avc: denied { search } for name="battery" dev="sysfs" ino=10542 scontext=u:r:system_app:s0 tcontext=u:object_r:sysfs_batteryinfo:s0 tclass=dir permissive=0
04-26 16:30:27.929  2716  2716 W ll.PowerMonitor: type=1400 audit(0.0:218119): avc: denied { search } for name="battery" dev="sysfs" ino=10542 scontext=u:r:system_app:s0 tcontext=u:object_r:sysfs_batteryinfo:s0 tclass=dir permissive=0
04-26 16:30:29.177   439  2407 D [BT]    : mtk_bt_op: BT_VND_OP_LPM_WAKE_SET_STATE
