04-26 16:36:06.484  1221  1458 V SettingsProvider: name : status_inactivewakeup appId : 1000
04-26 16:36:06.584  1221  1458 V SettingsProvider: name : status_inactivewakeup appId : 1000
04-26 16:36:06.590  1221 11114 D PowerManagerService: WAKE_LOCK_SCREEN_BRIGHT Change, Total ACQUIRED: 
04-26 16:36:06.590  1221 11114 D PowerManagerService:   PARTIAL_WAKE_LOCK              'AudioIn' ACQ=-4m55s899ms LONG (uid=1041 ws=WorkSource{10133})
04-26 16:36:06.590  1221 11114 D PowerManagerService:   PARTIAL_WAKE_LOCK              'AudioMix' ACQ=-1s41ms (uid=1041)
04-26 16:36:06.590  1221 11114 D PowerManagerService:   PARTIAL_WAKE_LOCK              'AudioMix' ACQ=-1s40ms (uid=1041)
04-26 16:36:06.590  1221 11114 D PowerManagerService:   PARTIAL_WAKE_LOCK              'AudioMix' ACQ=-1s34ms (uid=1041)
04-26 16:36:06.590  1221 11114 D PowerManagerService:   PARTIAL_WAKE_LOCK              'AudioMix' ACQ=-1s33ms (uid=1041)
04-26 16:36:06.590  1221 11114 D PowerManagerService:   SCREEN_BRIGHT_WAKE_LOCK        'WindowManager' ON_AFTER_RELEASE (uid=1000 pid=1221 ws=WorkSource{10133})
04-26 16:36:06.691  1221  1458 V SettingsProvider: name : status_inactivewakeup appId : 1000
04-26 16:36:06.796  1221  1458 V SettingsProvider: name : status_inactivewakeup appId : 1000
04-26 16:36:06.846  1221  2470 D PowerManagerService: WAKE_LOCK_SCREEN_BRIGHT Change, RELEASE:
04-26 16:36:06.846  1221  2470 D PowerManagerService:   SCREEN_BRIGHT_WAKE_LOCK        'WindowManager' ON_AFTER_RELEASE ACQ=-256ms (uid=1000 pid=1221 ws=WorkSource{10133})
04-26 16:36:06.887  1221  4587 D PowerManagerService: WAKE_LOCK_SCREEN_BRIGHT Change, Total ACQUIRED: 
04-26 16:36:06.887  1221  4587 D PowerManagerService:   PARTIAL_WAKE_LOCK              'AudioIn' ACQ=-4m56s196ms LONG (uid=1041 ws=WorkSource{10133})
04-26 16:36:06.887  1221  4587 D PowerManagerService:   PARTIAL_WAKE_LOCK              'AudioMix' ACQ=-1s338ms (uid=1041)
04-26 16:36:06.887  1221  4587 D PowerManagerService:   PARTIAL_WAKE_LOCK              'AudioMix' ACQ=-1s337ms (uid=1041)
04-26 16:36:06.887  1221  4587 D PowerManagerService:   PARTIAL_WAKE_LOCK              'AudioMix' ACQ=-1s331ms (uid=1041)
04-26 16:36:06.887  1221  4587 D PowerManagerService:   PARTIAL_WAKE_LOCK              'AudioMix' ACQ=-1s330ms (uid=1041)
04-26 16:36:06.887  1221  4587 D PowerManagerService:   SCREEN_BRIGHT_WAKE_LOCK        'WindowManager' ON_AFTER_RELEASE (uid=1000 pid=1221 ws=WorkSource{10133})
04-26 16:36:07.374  1221  5737 V ActivityManager: Death received in com.android.server.am.ActivityManagerService$AppDeathRecipient@9cba131 for thread android.os.BinderProxy@3b6c016, mPid:24873,mApp:ProcessRecord{12f39d8 24873:com.android.cellbroadcastreceiver/1000}
04-26 16:36:07.375  1221  5737 I ActivityManager: Process com.android.cellbroadcastreceiver (pid 24873) has died: cch+55 CEM 
04-26 16:36:07.394  1221  1221 V SettingsProvider: Notifying for 0: content://settings/secure/media_button_receiver
04-26 16:36:07.888  1221  5584 V ActivityManager: Death received in com.android.server.am.ActivityManagerService$AppDeathRecipient@2db07a6 for thread android.os.BinderProxy@3fb05e7, mPid:23937,mApp:ProcessRecord{7dd0d01 23937:com.google.android.apps.photos/u0a141}
04-26 16:36:07.888  1221  4587 D MtkConnectivityService: ConnectivityService NetworkRequestInfo binderDied(NetworkRequest [ LISTEN id=7249, [ Capabilities: INTERNET&NOT_RESTRICTED&TRUSTED Uid: 10141] ], android.os.BinderProxy@5f9c99)
04-26 16:36:07.888  1221  2649 D MtkConnectivityService: ConnectivityService NetworkRequestInfo binderDied(NetworkRequest [ TRACK_DEFAULT id=7248, [ Capabilities: INTERNET&NOT_RESTRICTED&TRUSTED Uid: 10141] ], android.os.BinderProxy@1c27b5e)
04-26 16:36:07.889  1221  5584 I ActivityManager: Process com.google.android.apps.photos (pid 23937) has died: cch+55 CEM 
04-26 16:36:07.889  1221  1582 D MtkConnectivityService: releasing NetworkRequest [ TRACK_DEFAULT id=7248, [ Capabilities: INTERNET&NOT_RESTRICTED&TRUSTED Uid: 10141] ] (release request)
04-26 16:36:13.446  1221  1458 V SettingsProvider: name : status_inactivewakeup appId : 1000
04-26 16:36:14.659  1221  1458 I chatty  : uid=1000(system) InputDispatcher identical 5 lines
04-26 16:36:14.766  1221  1458 V SettingsProvider: name : status_inactivewakeup appId : 1000
04-26 16:36:14.827  1221  4431 I ActivityTaskManager: START u0 {dat=agsa:/data?type=now_stream.TYPE_SECOND_SCREEN&inputProto=CAESxSoIGHrAKhK9KsKH7fACtioSdGh0dHBzOi8vd3d3Lm5ld3MxOC5jb20vbmV3cy9lZHVjYXRp
04-26 16:36:14.827  1221  4431 I ActivityTaskManager: b24tY2FyZWVyL2RlbGhpLXVuaXZlcnNpdHktZmluYWwtc2VtZXN0ZXItZXhhbXMtdG8tYmVnaW4t
04-26 16:36:14.827  1221  4431 I ActivityTaskManager: ZnJvbS1tYXktMTUtMzY3NDA1NC5odG1sEnFodHRwOi8vemVlbmV3cy5pbmRpYS5jb20vZ2hhemlh
04-26 16:36:14.827  1221  4431 I ActivityTaskManager: YmFkL2doYXppYWJhZHMtZGlzdHJpY3QtbWFnaXN0cmF0ZS13aWZlLXRlc3QtcG9zaXRpdmUtZm9y
04-26 16:36:14.827  1221  4431 I ActivityTaskManager: LWNvcm9uYXZpcnVzLTIzNTc1MDkuaHRtbBJUaHR0cHM6Ly95b3Vyc3RvcnkuY29tL3NvY2lhbHN0
04-26 16:36:14.827  1221  4431 I ActivityTaskManager: b3J5LzIwMjEvMDQvc3RlbS1pbm5vdmF0aW9ucy15b3VuZy1naXJscy1zb2NpYWwtaW1wYWN0EpQB
04-26 16:36:14.827  1221  4431 I ActivityTaskManager: aHR0cHM6Ly93d3cuaW5kaWF0b2RheS5pbi90cmVuZGluZy1uZXdzL3N0b3J5L2JvbGx5d29vZC10
04-26 16:36:14.827  1221  4431 I ActivityTaskManager: cm9sbGVkLWFmdGVyLW1hbGRpdmVzLWJhbnMtaW5kaWFuLXRvdXJpc3RzLWJ1dC1pbnRlcm5ldC1t
04-26 16:36:14.827  1221  4431 I ActivityTaskManager: aXNzZWQtc29tZXRoaW5nLTE3OTUwOTQtMjAyMS0wNC0yNhJ+aHR0cHM6Ly93d3cuZmluYW5jaWFs
04-26 16:36:14.827  1221  4431 I ActivityTaskManager: ZXhwcmVzcy5jb20vaW5kdXN0cnkvdGVjaG5vbG9neS9zYW1zdW5nLWdhbGF4eS1hNTItZ2FsYXh5
04-26 16:36:14.827  1221  4431 I ActivityTaskManager: LWE3Mi1jb29sLWRldmljZXMtZm9yLXRoZS1jb29sLWNvbnN1bWVyLzIyMzkyNjEvEnFodHRwczov
04-26 16:36:14.827  1221  4431 I ActivityTaskManager: L2luZGlhbmV4cHJlc3MuY29tL2FydGljbGUvY2l0aWVzL2RlbGhpLzNrLWNhc2VzLWZvci00dGgt
04-26 16:36:14.827  1221  4431 I ActivityTaskManager: ZGF5LWluLWEtcm93LWd1cmdhb24taW1wb3Nlcy1zZWN0aW9uLTE0NC03Mjg5MDE5LxJuaHR0cHM6
04-26 16:36:14.827  1221  4431 I ActivityTaskManager: Ly93d3cubmR0di5jb20vd29ybGQtbmV3cy9tYWxheXNpYS1zYXlzLWFzdHJhemVuZWNhLXZhY2Np
04-26 16:36:14.827  1221  4431 I ActivityTaskManager: bmUtc2FmZS13aWxsLWJlLXVzZWQtZm9yLXBlb3BsZS1vdmVyLTYwLTI0MjE5NjcSogFodHRwczov
04-26 16:36:14.827  1221  4431 I ActivityTaskManager: L2luZGlhbmV4cHJlc3MuY29tL2FydGljbGUvbGlmZXN0eWxlL2xpZmUtc3R5bGUvc3VuZGF5LXpv
04-26 16:36:14.827  1221  4431 I ActivityTaskManager: ZGlhYy1oZWFsdGgtcGFuZGVtaWMtbG9ja2Rvd24tZnJvbS1yZWxhdGlvbnNoaXBzLXRvLXdvcmst
04-26 16:36:14.827  1221  4431 I ActivityTaskManager: aGVyZXMtaG93LXlvdXItc3VuZGF5LWxvb2tzLWxpa2UtNzI4NzM0MC8SZGh0dHBzOi8vd3d3Lmlu
04-26 16:36:14.827  1221  4431 I ActivityTaskManager: ZGlhdG9kYXkuaW4vdmlzdWFsc3Rvcmllcy9lbnRlcnRhaW5tZW50L2Rpc2hhLXBhdGFuaS1pbi1i
04-26 16:36:14.827  1221  4431 I ActivityTaskManager: b2R5Y29uLWRyZXNzZXMtNzc4LTIzLTA0LTIwMjESqQFodHRwczovL3d3dy5oaW5kdXN0YW50aW1l
04-26 16:36:14.827  1221  4431 I ActivityTaskManager: cy5jb20vZW50ZXJ0YWlubWVudC9ib2xseXdvb2QvZGVlcGlrYS1wYWR1a29uZS1pcy1hbGwtaGVh
04-26 16:36:14.827  1221  4431 I ActivityTaskManager: cnRzLWFzLWJ0cy1iZWNvbWVzLWxvdWlzLXZ1aXR0b24tYW1iYXNzYWRvcnMtaXMtc2hlLWFuLWFy
04-26 16:36:14.827  1221  4431 I ActivityTaskManager: bXktbWVtYmVyLTEwMTYxOTI1NDU3MTI4MC5odG1sEnlodHRwczovL3d3dy5hbmluZXdzLmluL25l
04-26 16:36:14.827  1221  4431 I ActivityTaskManager: d3MvYnVzaW5lc3MvbWlzc2lvbi1veHlnZW4tbmV3LWRlbGhpLW5nby1jcm93ZGZ1bmRpbmctdG8t
04-26 16:36:14.827  1221  4431 I ActivityTaskManager: aGVscC1ob3NwaXRhbHMtc2F2ZS1saXZlczIwMjEwNDI0MTQ0NDEwEssBaHR0cHM6Ly93d3cuaW5k
04-26 16:36:14.827  1221  4431 I ActivityTaskManager: aWEuY29tL25ld3MvaW5kaWEva2FybmF0YWthLWJlbmdhbHVydS1sb2NrZG93bi1uZXdzLXRvZGF5
04-26 16:36:14.827  1221  4431 I ActivityTaskManager: LWNoaWVmLXNlY3JldGFyeS1jb25maXJtcy1rYXJuYXRha2EtZ292ZXJubWVudC13YW50cy10by1p
04-26 16:36:14.827  1221  4431 I ActivityTaskManager: bXBvc2UtdG90YWwtbG9ja2Rvd24tYnMteWVkaXl1cmFwcGEta2FybmF0YWthLWxvY2tkb3duLWd1
04-26 16:36:14.827  1221  4431 I ActivityTaskManager: aWRlbGluZXMtNDYxMjQ0MC8Scmh0dHBzOi8vd3d3LmxpdmVtaW50LmNvbS9uZXdzL3dvcmxkL2hh
04-26 16:36:14.827  1221  4431 I ActivityTaskManager: cnJpcy10by10ZWxsLXVuLWJvZHktaXQtcy10aW1lLXRvLXByZXAtZm9yLW5leHQtcGFuZGVtaWMt
04-26 16:36:14.827  1221  4431 I ActivityTaskManager: MTE2MTkzOTQ0NjcwNjAuaHRtbBJ4aHR0cHM6Ly9zY3JvbGwuaW4vYXJ0aWNsZS85OTMxMzcvc2hh
04-26 16:36:14.827  1221  4431 I ActivityTaskManager: bmtoYS1naG9zaC0xOTMyLTIwMjEtYS1wb2V0LXdoby1jb3VsZC1ub3QtYmUtY29tcGFyZWQtd2l0
04-26 16:36:14.827  1221  4431 I ActivityTaskManager: aC1hbnktb2YtaGlzLWNvbnRlbXBvcmFyaWVzEpYBaHR0cHM6Ly9pbmRpYW5leHByZXNzLmNvbS9h
04-26 16:36:14.827  1221  4431 I ActivityTaskManager: cnRpY2xlL3RlY2hub2xvZ3kvdGVjaC1uZXdzLXRlY2hub2xvZ3kvcGxhbm5pbmctdG8tYnV5LXRo
04-26 16:36:14.827  1221  4431 I ActivityTaskManager: ZS1uZXctYXBwbGUtdHYtNGstaGVyZXMtaG93LWl0LWNvbXBhcmVzLXRvLWxhc3QtZ2VuLW1vZGVs
04-26 16:36:14.827  1221  4431 I ActivityTaskManager: LTcwNzcyODgvEqEBaHR0cHM6Ly90aW1lc29maW5kaWEuaW5kaWF0aW1lcy5jb20vaW5kaWEvc3Rh
04-26 16:36:14.827  1221  4431 I ActivityTaskManager: eXN0cm9uZ2luZGlhLWJ1cmota2hhbGlmYS1saWdodHMtdXAtd2l0aC10cmljb2xvdXItdG8tc2hv
04-26 16:36:14.827  1221  4431 I ActivityTaskManager: d2Nhc2Utc3VwcG9ydC1hbWlkLWNvdmlkLTE5LWNyaXNpcy9hcnRpY2xlc2hvdy84MjI1MTc1MS5j
04-26 16:36:14.827  1221  4431 I ActivityTaskManager: bXMSfWh0dHBzOi8vd3d3Lm5kdHYuY29tL2VudGVydGFpbm1lbnQvbG92ZXlhdHJpLWFjdHJlc3Mt
04-26 16:36:14.827  1221  4431 I ActivityTaskManager: d2FyaW5hLWh1c3NhaW4tcXVpdHMtc29jaWFsLW1lZGlhLXF1b3Rlcy1hYW1pci1raGFuLWluLWxh
04-26 16:36:14.827  1221  4431 I ActivityTaskManager: c3QtcG9zdC0yNDIxMDI5EmxodHRwczovL2luZGlhbmV4cHJlc3MuY29tL2FydGljbGUvY2l0aWVz
04-26 16:36:14.827  1221  4431 I ActivityTaskManager: L2RlbGhpL2JlZHMtdG8tY3lsaW5kZXJzLXBlb3BsZS1sZW5kLWEtaGFuZC1vbi1zb2NpYWwtbWVk
04-26 16:36:14.827  1221  4431 I ActivityTaskManager: aWEtNzI4NzcyOS8SgwFodHRwczovL3d3dy5uZXdzMTguY29tL25ld3MvdGVjaC9idXlpbmctZ3Vp
04-26 16:36:14.827  1221  4431 I ActivityTaskManager: ZGUtcnMtMzk5LW9ud2FyZHMtZm9yLWZhc3QtaG9tZS1icm9hZGJhbmQtZnJvbS1yZWxpYW5jZS1q
04-26 16:36:14.827  1221  4431 I ActivityTaskManager: aW8tYWlydGVsLWFuZC1tb3JlLTM2NzAwMDEuaHRtbBKkAWh0dHBzOi8vd3d3LmJvbGx5d29vZGh1
04-26 16:36:14.827  1221  4431 I ActivityTaskManager: bmdhbWEuY29tL25ld3MvZmVhdHVyZXMvc3VuaWVsLXNoZXR0eS1hZG1pdHMtbWFraW5nLW1pc3Rh
04-26 16:36:14.827  1221  4431 I ActivityTaskManager: a2VzLXNheXMtbm9ib2R5LXdpbGwtcmlzay1ycy01MC1jcm9yZS1maWxtLXdpbGwtcmlzay1ycy01
04-26 16:36:14.827  1221  4431 I ActivityTaskManager: MDAtY3JvcmUtZmlsbS1ha3NoYXkta3VtYXIvEklodHRwczovL2FzZWFub3AuY29tL21hc3Rlci1v
04-26 16:36:14.827  1221  4431 I ActivityTaskManager: Zi1zY2llbmNlLWluLWZvb2QtdGVjaG5vbG9neS1pbi1iZWxnaXVtLTIwMjEvEoIBaHR0cHM6Ly93
04-26 16:36:14.827  1221  4431 I ActivityTaskManager: d3cuaW5kaWF0b2RheS5pbi90ZWNobm9sb2d5L25ld3Mvc3RvcnkvdmktaW50cm9kdWNlcy1idXNp
04-26 16:36:14.827  1221  4431 I ActivityTaskManager: bmVzcy1wbHVzLXBvc3RwYWlkLXBsYW5zLXN0YXJ0aW5nLWZyb20tcnMtMjk5LTE3OTM5NDctMjAy
04-26 16:36:14.827  1221  4431 I ActivityTaskManager: MS0wNC0yMhJ4aHR0cHM6Ly9pbmRpYW5leHByZXNzLmNvbS9h
04-26 16:36:14.952  1221  7845 W ActivityTaskManager: Request to remove task ignored for non-existent task 905
04-26 16:36:15.087  1221  4431 V ActivityManager: Death received in com.android.server.am.ActivityManagerService$AppDeathRecipient@8493dbc for thread android.os.BinderProxy@366c145, mPid:24457,mApp:ProcessRecord{3f1fcde 24457:com.evenwell.stbmonitor/1000}
04-26 16:36:15.087  1221  4431 I ActivityManager: Process com.evenwell.stbmonitor (pid 24457) has died: cch+45 CEM 
04-26 16:36:15.123  1221  5584 V ActivityManager: Death received in com.android.server.am.ActivityManagerService$AppDeathRecipient@93b9a82 for thread android.os.BinderProxy@a009593, mPid:24624,mApp:ProcessRecord{a403515 24624:com.android.providers.calendar/u0a131}
04-26 16:36:15.123  1221  5584 I ActivityManager: Process com.android.providers.calendar (pid 24624) has died: cch+85 CEM 
04-26 16:36:15.133  1221  5584 I WindowManager: Relayout Window{ffc0c9c u0 com.google.android.googlequicksearchbox/com.google.android.apps.gsa.monet.nowstream.NowStreamMonetActivity}: oldVis=4 newVis=0 focusMayChange = true
04-26 16:36:15.166  1221  4431 V ActivityManager: Death received in com.android.server.am.ActivityManagerService$AppDeathRecipient@6bdb98b for thread android.os.BinderProxy@9d28a68, mPid:25111,mApp:ProcessRecord{e17735a 25111:com.evenwell.AprUploadService/u0a118}
04-26 16:36:15.167  1221  4431 I ActivityManager: Process com.evenwell.AprUploadService (pid 25111) has died: cch+75 CEM 
04-26 16:36:15.185  1221  1249 D PowerManagerService: WAKE_LOCK_SCREEN_BRIGHT Change, RELEASE:
04-26 16:36:15.185  1221  1249 D PowerManagerService:   SCREEN_BRIGHT_WAKE_LOCK        'WindowManager' ON_AFTER_RELEASE ACQ=-8s298ms (uid=1000 pid=1221 ws=WorkSource{10133})
04-26 16:36:15.599  1221  1464 I BatteryService: shutdownIfLowCurrentLocked batteryLevel = 93 , hasChargingCurrent = true(isPowered=true,batteryCurrent=255,hardware=mt6771) , hitShutdownVoltage = true(batteryVoltage=4328,mBatteryMinVoltage=-1) , isSystemReady = true
04-26 16:36:15.616  1221  1464 I BatteryService: shutdownIfLowCurrentLocked batteryLevel = 93 , hasChargingCurrent = true(isPowered=true,batteryCurrent=426,hardware=mt6771) , hitShutdownVoltage = true(batteryVoltage=4346,mBatteryMinVoltage=-1) , isSystemReady = true
04-26 16:36:15.808  1221  1221 W MediaRouterService: A2DP is enable in AudioService, Skip restoreBluetoothA2dp(false)
04-26 16:36:19.139  1221 11114 W AppOps  : Noting op not finished: uid 10087 pkg com.google.android.gms code 79 time=1619435174959 duration=-1
04-26 16:36:19.145  1221 11114 W AppOps  : Noting op not finished: uid 10087 pkg com.google.android.gms code 79 time=1619435179139 duration=0
04-26 16:36:19.153  1221  1812 W AppOps  : Noting op not finished: uid 10087 pkg com.google.android.gms code 79 time=1619435179145 duration=0
04-26 16:36:21.414  1221  1464 I BatteryService: shutdownIfLowCurrentLocked batteryLevel = 93 , hasChargingCurrent = true(isPowered=true,batteryCurrent=617,hardware=mt6771) , hitShutdownVoltage = true(batteryVoltage=4346,mBatteryMinVoltage=-1) , isSystemReady = true
04-26 16:36:23.362  1221  1458 V SettingsProvider: name : status_inactivewakeup appId : 1000
04-26 16:36:23.466  1221  1458 I chatty  : uid=1000(system) InputDispatcher identical 1 line
04-26 16:36:23.573  1221  1458 V SettingsProvider: name : status_inactivewakeup appId : 1000
04-26 16:36:24.168  1221 12709 D AppOps  : checkOperation: uid reject #1 for code 87 uid 10156 package com.android.chrome
04-26 16:36:24.222  1221  1255 I ActivityManager: Start proc 26295:com.android.chrome/u0a156 for service {com.android.chrome/org.chromium.chrome.browser.customtabs.CustomTabsConnectionService}
04-26 16:36:24.223  1221  1255 D ActivityManager: handleProcessStartedLocked mDoneFinishBooting && app.pid != 0 ---> notifyProcessStart, app.processName = com.android.chrome, app.info = ApplicationInfo{8a713fb com.android.chrome}, app.hostingType = service, getHostingName() = ComponentInfo{com.android.chrome/org.chromium.chrome.browser.customtabs.CustomTabsConnectionService}, getIntentFlag() = 0, getIsPackageRunning() = false, app = ProcessRecord{65c2c18 26295:com.android.chrome/u0a156}, getExtraData() = Bundle[{SERVICE_INTENT=Intent { act=android.support.customtabs.action.CustomTabsService pkg=com.android.chrome }, CALLER_PACKAGE=com.google.android.googlequicksearchbox}]
04-26 16:36:24.511  1221  1812 V ActivityManager: New death recipient com.android.server.am.ActivityManagerService$AppDeathRecipient@d3e4671 for thread android.os.BinderProxy@9609c56, pid:26295,mApp:null
04-26 16:36:24.759  1221  1812 D AppOps  : checkOperation: uid reject #1 for code 87 uid 10156 package com.android.chrome
04-26 16:36:24.766  1221  1812 D AppOps  : checkOperation: uid reject #1 for code 87 uid 10156 package com.android.chrome
04-26 16:36:24.805  1221  1458 V SettingsProvider: name : status_inactivewakeup appId : 1000
04-26 16:36:24.818  1221 12709 V SettingsProvider: packageValueForCallResult, name = null, value : Bundle[{_track_generation=android.util.MemoryIntArray@74, value=null, _generation_index=0, _generation=890}]
04-26 16:36:24.910  1221  1458 V SettingsProvider: name : status_inactivewakeup appId : 1000
04-26 16:36:25.094  1221  6042 I ActivityTaskManager: START u0 {act=android.intent.action.VIEW cat=[android.intent.category.BROWSABLE] dat=https://gadgets.ndtv.com/... pkg=com.android.chrome cmp=com.android.chrome/com.google.android.apps.chrome.IntentDispatcher (has extras)} from uid 10133
04-26 16:36:25.316  1221  6042 I ActivityTaskManager: START u0 {act=android.intent.action.VIEW cat=[android.intent.category.BROWSABLE] dat=https://gadgets.ndtv.com/... flg=0x800000 pkg=com.android.chrome cmp=com.android.chrome/org.chromium.chrome.browser.customtabs.CustomTabActivity (has extras)} from uid 10156
04-26 16:36:25.468 26295 26295 D AppResolutionTuner: loadTunerAppList + 
04-26 16:36:25.471 26295 26295 D AppResolutionTuner: loadTunerAppList - 
04-26 16:36:25.502  1221  1255 I ActivityManager: Start proc 26333:com.android.partnerbrowsercustomizations/1000 for content provider {com.android.partnerbrowsercustomizations/com.android.partnerbrowsercustomizations.PartnerHomepageProvider}
04-26 16:36:25.503  1221  1255 D ActivityManager: handleProcessStartedLocked mDoneFinishBooting && app.pid != 0 ---> notifyProcessStart, app.processName = com.android.partnerbrowsercustomizations, app.info = ApplicationInfo{932f63e com.android.partnerbrowsercustomizations}, app.hostingType = content provider, getHostingName() = ComponentInfo{com.android.partnerbrowsercustomizations/com.android.partnerbrowsercustomizations.PartnerHomepageProvider}, getIntentFlag() = 0, getIsPackageRunning() = false, app = ProcessRecord{3adec9f 26333:com.android.partnerbrowsercustomizations/1000}, getExtraData() = null
04-26 16:36:25.525  1221  7167 V SettingsProvider: packageValueForCallResult, name = null, value : Bundle[{_track_generation=android.util.MemoryIntArray@74, value=null, _generation_index=1, _generation=1}]
04-26 16:36:25.529  1221  7167 V SettingsProvider: packageValueForCallResult, name = default_input_method, value : Bundle[{_track_generation=android.util.MemoryIntArray@74, value=com.google.android.inputmethod.latin/com.android.inputmethod.latin.LatinIME, _generation_index=2, _generation=2291}]
04-26 16:36:25.534  1221  7167 V ActivityManager: New death recipient com.android.server.am.ActivityManagerService$AppDeathRecipient@6b58f16 for thread android.os.BinderProxy@dead097, pid:26333,mApp:null
04-26 16:36:25.596  1221  1812 I WindowManager: Relayout Window{601df33 u0 com.android.chrome/org.chromium.chrome.browser.customtabs.CustomTabActivity}: oldVis=4 newVis=0 focusMayChange = true
04-26 16:36:25.773  1221  6042 D ActivityManager: Package [com.android.chrome] have process
04-26 16:36:25.964  1221 11114 D AppOps  : checkOperation: uid reject #1 for code 87 uid 10156 package com.android.chrome
04-26 16:36:26.032  1221  1255 I ActivityManager: Start proc 26390:com.android.chrome:sandboxed_process0:org.chromium.content.app.SandboxedProcessService0:0/u0ai0 for  {com.android.chrome/org.chromium.content.app.SandboxedProcessService0:0}
04-26 16:36:26.033  1221  1255 D ActivityManager: handleProcessStartedLocked mDoneFinishBooting && app.pid != 0 ---> notifyProcessStart, app.processName = com.android.chrome:sandboxed_process0:org.chromium.content.app.SandboxedProcessService0:0, app.info = ApplicationInfo{dea12e4 com.android.chrome}, app.hostingType = , getHostingName() = null, getIntentFlag() = 0, getIsPackageRunning() = true, app = ProcessRecord{ec3b34d 26390:com.android.chrome:sandboxed_process0:org.chromium.content.app.SandboxedProcessService0:0/u0a156i-9000}, getExtraData() = Bundle[{SERVICE_INTENT=Intent { cmp=com.android.chrome/org.chromium.content.app.SandboxedProcessService0 }, CALLER_PACKAGE=com.android.chrome}]
04-26 16:36:26.038  1221  6042 D ActivityManager: Package [com.android.chrome] have process
04-26 16:36:26.039  1221  6042 D AppOps  : checkOperation: uid reject #1 for code 87 uid 10156 package com.android.chrome
04-26 16:36:26.041  1221  6042 V ActivityManager: New death recipient com.android.server.am.ActivityManagerService$AppDeathRecipient@ba77950 for thread android.os.BinderProxy@1253749, pid:26390,mApp:null
04-26 16:36:26.056  1221  1255 I ActivityManager: Start proc 26413:com.android.chrome:privileged_process0/u0a156 for service {com.android.chrome/org.chromium.content.app.PrivilegedProcessService0}
04-26 16:36:26.056  1221  1255 D ActivityManager: handleProcessStartedLocked mDoneFinishBooting && app.pid != 0 ---> notifyProcessStart, app.processName = com.android.chrome:privileged_process0, app.info = ApplicationInfo{7b509bd com.android.chrome}, app.hostingType = service, getHostingName() = ComponentInfo{com.android.chrome/org.chromium.content.app.PrivilegedProcessService0}, getIntentFlag() = 0, getIsPackageRunning() = true, app = ProcessRecord{63aebb2 26413:com.android.chrome:privileged_process0/u0a156}, getExtraData() = Bundle[{SERVICE_INTENT=Intent { cmp=com.android.chrome/org.chromium.content.app.PrivilegedProcessService0 }, CALLER_PACKAGE=com.android.chrome}]
04-26 16:36:26.076  1221 11114 V ActivityManager: New death recipient com.android.server.am.ActivityManagerService$AppDeathRecipient@892c703 for thread android.os.BinderProxy@e73d680, pid:26413,mApp:null
04-26 16:36:26.126  1221 11114 D AppOps  : checkOperation: uid reject #1 for code 87 uid 10156 package com.android.chrome
04-26 16:36:26.372  1221  7167 D MtkConnectivityService: requestNetwork for uid/pid:10156/26295 NetworkRequest [ TRACK_DEFAULT id=7270, [ Capabilities: INTERNET&NOT_RESTRICTED&TRUSTED Uid: 10156] ]
04-26 16:36:26.439  1221  6042 V SettingsProvider: packageValueForCallResult, name = show_password, value : Bundle[{_track_generation=android.util.MemoryIntArray@74, value=0, _generation_index=3, _generation=686}]
04-26 16:36:26.453  1221  6042 D MtkConnectivityService: Returning UNBLOCKED NetworkInfo to uid=10156
04-26 16:36:26.518  1221  7167 D MtkConnectivityService: requestNetwork for uid/pid:10156/26295 NetworkRequest [ TRACK_DEFAULT id=7272, [ Capabilities: INTERNET&NOT_RESTRICTED&TRUSTED Uid: 10156] ]
04-26 16:36:26.705  1221  6042 D AppOps  : checkOperation: uid reject #1 for code 87 uid 10156 package com.android.chrome
04-26 16:36:26.806  1221  6042 D MtkConnectivityService: requestNetwork for uid/pid:10156/26295 NetworkRequest [ TRACK_DEFAULT id=7274, [ Capabilities: INTERNET&NOT_RESTRICTED&TRUSTED Uid: 10156] ]
04-26 16:36:26.924  1221 12709 D AppOps  : checkOperation: uid reject #1 for code 87 uid 10156 package com.android.chrome
04-26 16:36:27.119  1221  4431 D MtkConnectivityService: ConnectivityService NetworkRequestInfo binderDied(NetworkRequest [ TRACK_DEFAULT id=7261, [ Capabilities: INTERNET&NOT_RESTRICTED&TRUSTED Uid: 10125] ], android.os.BinderProxy@38e757a)
04-26 16:36:27.119  1221  1234 D MtkConnectivityService: ConnectivityService NetworkRequestInfo binderDied(NetworkRequest [ LISTEN id=7262, [ Capabilities: INTERNET&NOT_RESTRICTED&TRUSTED&FOREGROUND Uid: 10125] ], android.os.BinderProxy@aacfda5)
04-26 16:36:27.119  1221 11114 D MtkConnectivityService: ConnectivityService NetworkRequestInfo binderDied(NetworkRequest [ LISTEN id=7259, [ Capabilities: INTERNET&NOT_RESTRICTED&TRUSTED&NOT_VPN&FOREGROUND Uid: 10125] ], android.os.BinderProxy@1cf612b)
04-26 16:36:27.120  1221  1582 D MtkConnectivityService: releasing NetworkRequest [ TRACK_DEFAULT id=7261, [ Capabilities: INTERNET&NOT_RESTRICTED&TRUSTED Uid: 10125] ] (release request)
04-26 16:36:27.120  1221  2666 V ActivityManager: Death received in com.android.server.am.ActivityManagerService$AppDeathRecipient@701afb for thread android.os.BinderProxy@1162718, mPid:25165,mApp:ProcessRecord{ad9b48a 25165:com.hmdglobal.support/u0a125}
04-26 16:36:27.121  1221  2469 D MtkConnectivityService: ConnectivityService NetworkRequestInfo binderDied(NetworkRequest [ TRACK_DEFAULT id=7260, [ Capabilities: INTERNET&NOT_RESTRICTED&TRUSTED Uid: 10125] ], android.os.BinderProxy@729a988)
04-26 16:36:27.121  1221  2666 I ActivityManager: Process com.hmdglobal.support (pid 25165) has died: cch+55 CEM 
04-26 16:36:27.124  1221  1582 D MtkConnectivityService: releasing NetworkRequest [ TRACK_DEFAULT id=7260, [ Capabilities: INTERNET&NOT_RESTRICTED&TRUSTED Uid: 10125] ] (release request)
04-26 16:36:27.130  1221  2666 I ActivityManager: Killing 25253:com.google.android.webview:sandboxed_process0:org.chromium.content.app.SandboxedProcessService0:0/u0a125i251 (adj 0): isolated not needed
04-26 16:36:27.174  1221  4431 V ActivityManager: Death received in com.android.server.am.ActivityManagerService$AppDeathRecipient@454ad84 for thread android.os.BinderProxy@d04496d, mPid:25253,mApp:ProcessRecord{3d6a6fd 25253:com.google.android.webview:sandboxed_process0:org.chromium.content.app.SandboxedProcessService0:0/u0a125i251}
04-26 16:36:27.189  1221  1260 E KernelCpuSpeedReader: Failed to read cpu-freq: /sys/devices/system/cpu/cpu4/cpufreq/stats/time_in_state: open failed: ENOENT (No such file or directory)
04-26 16:36:27.190  1221  1260 E KernelCpuSpeedReader: Failed to read cpu-freq: /sys/devices/system/cpu/cpu0/cpufreq/stats/time_in_state: open failed: ENOENT (No such file or directory)
04-26 16:36:28.900  1221  2666 D AppOps  : checkOperation: uid reject #1 for code 87 uid 10156 package com.android.chrome
04-26 16:36:30.837  1221  1458 V SettingsProvider: name : status_inactivewakeup appId : 1000
04-26 16:36:31.574  1221  1458 I chatty  : uid=1000(system) InputDispatcher identical 4 lines
04-26 16:36:31.680  1221  1458 V SettingsProvider: name : status_inactivewakeup appId : 1000
04-26 16:36:36.255  1221  1464 I BatteryService: shutdownIfLowCurrentLocked batteryLevel = 93 , hasChargingCurrent = true(isPowered=true,batteryCurrent=545,hardware=mt6771) , hitShutdownVoltage = true(batteryVoltage=4397,mBatteryMinVoltage=-1) , isSystemReady = true
04-26 16:36:36.279  1221  1464 I BatteryService: shutdownIfLowCurrentLocked batteryLevel = 93 , hasChargingCurrent = true(isPowered=true,batteryCurrent=466,hardware=mt6771) , hitShutdownVoltage = true(batteryVoltage=4383,mBatteryMinVoltage=-1) , isSystemReady = true
04-26 16:36:37.814  1221  1458 V SettingsProvider: name : status_inactivewakeup appId : 1000
04-26 16:36:38.433  1221  1458 I chatty  : uid=1000(system) InputDispatcher identical 3 lines
04-26 16:36:38.538  1221  1458 V SettingsProvider: name : status_inactivewakeup appId : 1000
04-26 16:36:38.791  1221  2469 D ActivityManager: Package [com.android.chrome] have process
04-26 16:36:38.836  1221  1255 I ActivityManager: Start proc 26506:com.android.chrome:sandboxed_process0:org.chromium.content.app.SandboxedProcessService0:1/u0ai1 for  {com.android.chrome/org.chromium.content.app.SandboxedProcessService0:1}
04-26 16:36:38.837  1221  1255 D ActivityManager: handleProcessStartedLocked mDoneFinishBooting && app.pid != 0 ---> notifyProcessStart, app.processName = com.android.chrome:sandboxed_process0:org.chromium.content.app.SandboxedProcessService0:1, app.info = ApplicationInfo{ebfe673 com.android.chrome}, app.hostingType = , getHostingName() = null, getIntentFlag() = 0, getIsPackageRunning() = true, app = ProcessRecord{fde5930 26506:com.android.chrome:sandboxed_process0:org.chromium.content.app.SandboxedProcessService0:1/u0a156i-8999}, getExtraData() = Bundle[{SERVICE_INTENT=Intent { cmp=com.android.chrome/org.chromium.content.app.SandboxedProcessService0 }, CALLER_PACKAGE=com.android.chrome}]
04-26 16:36:38.860  1221  2666 V ActivityManager: New death recipient com.android.server.am.ActivityManagerService$AppDeathRecipient@bf8c9a9 for thread android.os.BinderProxy@8158b2e, pid:26506,mApp:null
04-26 16:36:38.995  1221  1458 V SettingsProvider: name : status_inactivewakeup appId : 1000
04-26 16:36:39.313  1221  1458 I chatty  : uid=1000(system) InputDispatcher identical 3 lines
04-26 16:36:39.592  1221  1458 V SettingsProvider: name : status_inactivewakeup appId : 1000
04-26 16:36:39.627  1221  1254 W ActivityManager: Stopping service due to app idle: u0a179 -4m24s575ms com.whatsapp/.messaging.MessageService
04-26 16:36:39.696  1221  1458 V SettingsProvider: name : status_inactivewakeup appId : 1000
04-26 16:36:40.414  1221  1458 I chatty  : uid=1000(system) InputDispatcher identical 5 lines
04-26 16:36:40.553  1221  1458 V SettingsProvider: name : status_inactivewakeup appId : 1000
04-26 16:36:40.584  1221  7742 D MtkConnectivityService: ConnectivityService NetworkRequestInfo binderDied(NetworkRequest [ LISTEN id=7230, [ Capabilities: INTERNET&NOT_RESTRICTED&TRUSTED&NOT_VPN Uid: 10242] ], android.os.BinderProxy@bdfb0eb)
04-26 16:36:40.584  1221  2669 V ActivityManager: Death received in com.android.server.am.ActivityManagerService$AppDeathRecipient@c5918c4 for thread android.os.BinderProxy@31373ad, mPid:22067,mApp:ProcessRecord{a2ccbdf 22067:com.google.android.projection.gearhead:shared/u0a242}
04-26 16:36:40.586  1221  2669 I ActivityManager: Process com.google.android.projection.gearhead:shared (pid 22067) has died: cch+85 CEM 
04-26 16:36:40.636  1221  2665 V ActivityManager: Death received in com.android.server.am.ActivityManagerService$AppDeathRecipient@14a3ed8 for thread android.os.BinderProxy@ed2c231, mPid:25395,mApp:ProcessRecord{8ab9bb 25395:com.google.android.apps.wellbeing/u0a112}
04-26 16:36:40.637  1221  2665 I ActivityManager: Process com.google.android.apps.wellbeing (pid 25395) has died: cch+75 CEM 
04-26 16:36:40.994  1221  1458 V SettingsProvider: name : status_inactivewakeup appId : 1000
04-26 16:36:41.124  1221  1458 V SettingsProvider: name : status_inactivewakeup appId : 1000
04-26 16:36:43.424  1221  2669 D MtkConnectivityService: requestNetwork for uid/pid:10139/26087 NetworkRequest [ TRACK_DEFAULT id=7276, [ Capabilities: INTERNET&NOT_RESTRICTED&TRUSTED Uid: 10139] ]
04-26 16:36:43.665  1221  1582 D MtkConnectivityService: releasing NetworkRequest [ TRACK_DEFAULT id=7276, [ Capabilities: INTERNET&NOT_RESTRICTED&TRUSTED Uid: 10139] ] (release request)
04-26 16:36:43.859  1221  2665 V ActivityManager: Death received in com.android.server.am.ActivityManagerService$AppDeathRecipient@9b34c1c for thread android.os.BinderProxy@c302025, mPid:25414,mApp:ProcessRecord{f4e618f 25414:com.google.android.apps.nbu.files/u0a114}
04-26 16:36:43.859  1221  2665 I ActivityManager: Process com.google.android.apps.nbu.files (pid 25414) has died: cch+65 CEM 
04-26 16:36:44.972  1221  1797 V ActivityManager: Death received in com.android.server.am.ActivityManagerService$AppDeathRecipient@ad01cfd for thread android.os.BinderProxy@c1f9df2, mPid:22767,mApp:ProcessRecord{4045554 22767:android.process.acore/u0a101}
04-26 16:36:44.972  1221  1797 I ActivityManager: Process android.process.acore (pid 22767) has died: cch+55 CEM 
04-26 16:36:51.808  1221 11114 D MtkConnectivityService: requestNetwork for uid/pid:10156/26295 NetworkRequest [ TRACK_DEFAULT id=7277, [ Capabilities: INTERNET&NOT_RESTRICTED&TRUSTED Uid: 10156] ]
04-26 16:37:00.079  1221  1458 V SettingsProvider: name : status_inactivewakeup appId : 1000
04-26 16:37:00.136  1221  1464 I BatteryService: shutdownIfLowCurrentLocked batteryLevel = 93 , hasChargingCurrent = true(isPowered=true,batteryCurrent=588,hardware=mt6771) , hitShutdownVoltage = true(batteryVoltage=4404,mBatteryMinVoltage=-1) , isSystemReady = true
04-26 16:37:00.173  1221  1464 I BatteryService: shutdownIfLowCurrentLocked batteryLevel = 93 , hasChargingCurrent = true(isPowered=true,batteryCurrent=351,hardware=mt6771) , hitShutdownVoltage = true(batteryVoltage=4352,mBatteryMinVoltage=-1) , isSystemReady = true
04-26 16:37:00.183  1221  1458 V SettingsProvider: name : status_inactivewakeup appId : 1000
04-26 16:37:00.290  1221  1458 V SettingsProvider: name : status_inactivewakeup appId : 1000
04-26 16:37:00.927  1221  1246 V WindowOrientationListener: Proposed rotation changed!  proposedRotation=3, oldProposedRotation=-1
04-26 16:37:04.238  1221  1458 V SettingsProvider: name : status_inactivewakeup appId : 1000
04-26 16:37:06.406  1221  1458 I chatty  : uid=1000(system) InputDispatcher identical 8 lines
04-26 16:37:06.511  1221  1458 V SettingsProvider: name : status_inactivewakeup appId : 1000
04-26 16:37:07.842  1221  1221 V SettingsProvider: Notifying for 0: content://settings/secure/flashlight_available
04-26 16:37:08.196  1221  1221 I chatty  : uid=1000 system_server identical 6 lines
04-26 16:37:08.350  1221  1221 V SettingsProvider: Notifying for 0: content://settings/secure/flashlight_available
04-26 16:37:08.888  1221  1458 V SettingsProvider: name : status_inactivewakeup appId : 1000
04-26 16:37:10.927  1221  1458 I chatty  : uid=1000(system) InputDispatcher identical 5 lines
04-26 16:37:11.030  1221  1458 V SettingsProvider: name : status_inactivewakeup appId : 1000
04-26 16:37:11.248  1221  2665 V ActivityManager: Death received in com.android.server.am.ActivityManagerService$AppDeathRecipient@8b6082c for thread android.os.BinderProxy@a0712f5, mPid:22944,mApp:ProcessRecord{59543df 22944:com.google.android.apps.turbo/u0a124}
04-26 16:37:11.248  1221  2665 I ActivityManager: Process com.google.android.apps.turbo (pid 22944) has died: cch+55 CEM 
04-26 16:37:11.319  1221  2665 V ActivityManager: Death received in com.android.server.am.ActivityManagerService$AppDeathRecipient@94af06f for thread android.os.BinderProxy@f04617c, mPid:22115,mApp:ProcessRecord{cb3ce4d 22115:com.google.android.projection.gearhead:car/u0a242}
04-26 16:37:11.320  1221  2665 I ActivityManager: Process com.google.android.projection.gearhead:car (pid 22115) has died: cch+45 CEM 
04-26 16:37:11.392  1221  1233 V ActivityManager: Death received in com.android.server.am.ActivityManagerService$AppDeathRecipient@18d90a2 for thread android.os.BinderProxy@aa42133, mPid:25959,mApp:ProcessRecord{e286c6d 25959:com.google.android.youtube.player/u0a139}
04-26 16:37:11.394  1221  2666 D MtkConnectivityService: ConnectivityService NetworkRequestInfo binderDied(NetworkRequest [ TRACK_DEFAULT id=7266, [ Capabilities: INTERNET&NOT_RESTRICTED&TRUSTED Uid: 10139] ], android.os.BinderProxy@468d577)
04-26 16:37:11.394  1221  1233 I ActivityManager: Process com.google.android.youtube.player (pid 25959) has died: cch+35 CEM 
04-26 16:37:11.394  1221  1582 D MtkConnectivityService: releasing NetworkRequest [ TRACK_DEFAULT id=7266, [ Capabilities: INTERNET&NOT_RESTRICTED&TRUSTED Uid: 10139] ] (release request)
04-26 16:37:11.392  1221  2466 D MtkConnectivityService: ConnectivityService NetworkRequestInfo binderDied(NetworkRequest [ LISTEN id=7267, [ Capabilities: INTERNET&NOT_RESTRICTED&TRUSTED&FOREGROUND Uid: 10139] ], android.os.BinderProxy@ac71b76)
04-26 16:37:12.450  1221  1260 E KernelCpuSpeedReader: Failed to read cpu-freq: /sys/devices/system/cpu/cpu4/cpufreq/stats/time_in_state: open failed: ENOENT (No such file or directory)
04-26 16:37:12.451  1221  1260 E KernelCpuSpeedReader: Failed to read cpu-freq: /sys/devices/system/cpu/cpu0/cpufreq/stats/time_in_state: open failed: ENOENT (No such file or directory)
04-26 16:37:13.405  1221  1458 V SettingsProvider: name : status_inactivewakeup appId : 1000
04-26 16:37:14.129  1221  1458 I chatty  : uid=1000(system) InputDispatcher identical 5 lines
04-26 16:37:14.438  1221  1458 V SettingsProvider: name : status_inactivewakeup appId : 1000
04-26 16:37:15.042  1221  1246 V WindowOrientationListener: Proposed rotation changed!  proposedRotation=3, oldProposedRotation=-1
04-26 16:37:15.232  1221  1458 V SettingsProvider: name : status_inactivewakeup appId : 1000
04-26 16:37:17.934  1221  1458 I chatty  : uid=1000(system) InputDispatcher identical 11 lines
04-26 16:37:18.011  1221  1458 V SettingsProvider: name : status_inactivewakeup appId : 1000
04-26 16:37:18.037  1221  2466 I WindowManager: Relayout Window{dabe714 u0 com.android.launcher3/com.android.searchlauncher.SearchLauncher}: oldVis=4 newVis=0 focusMayChange = true
04-26 16:37:18.045  1221  7742 V SettingsProvider: name : status_inactivewakeup appId : 1000
04-26 16:37:18.055  1221  1458 V SettingsProvider: name : status_inactivewakeup appId : 1000
04-26 16:37:18.063  1221  1246 V SettingsProvider: name : status_inactivewakeup appId : 1000
04-26 16:37:18.065  1221  1246 I ActivityTaskManager: START u0 {act=android.intent.action.MAIN cat=[android.intent.category.HOME] flg=0x10000100 cmp=com.android.launcher3/com.android.searchlauncher.SearchLauncher (has extras)} from uid 0
04-26 16:37:18.280  1221 10449 I WindowManager: Relayout Window{8c85a66 u0 com.android.launcher3/com.android.searchlauncher.SearchLauncher}: oldVis=4 newVis=0 focusMayChange = true
04-26 16:37:18.743  1221  1582 D MtkConnectivityService: releasing NetworkRequest [ TRACK_DEFAULT id=7270, [ Capabilities: INTERNET&NOT_RESTRICTED&TRUSTED Uid: 10156] ] (release request)
04-26 16:37:18.908  1221  1458 V SettingsProvider: name : status_inactivewakeup appId : 1000
04-26 16:37:19.014  1221  1458 V SettingsProvider: name : status_inactivewakeup appId : 1000
04-26 16:37:19.046  1221  1233 I ActivityTaskManager: START u0 {act=android.search.action.GLOBAL_SEARCH cat=[com.google.android.googlequicksearchbox.category.SEARCH_WIDGET] dat=agsa:/data?type=searchnow.TYPE_SEARCHNOW&inputProto=CAgQA5oBE2FuZC5nc2Eud2lkZ2V0LnRleHSiAaxsCtBqCgASkAIKPgofPGI+bGF0aXR1ZGUgMzQx
04-26 16:37:19.046  1221  1233 I ActivityTaskManager: MCBkZWxsIHByaWNlPC9iPhAjGOoCGCciBCIAOgAoBTD///////////8BOOMEErEBCh88Yj5sYXRp
04-26 16:37:19.046  1221  1233 I ActivityTaskManager: dHVkZSAzNDEwIGRlbGwgcHJpY2U8L2I+ECMY6gIYJyqEAQkAAAAAAMiCQIIBeC9jb21wbGV0ZS9k
04-26 16:37:19.046  1221  1233 I ActivityTaskManager: ZWxldGVpdGVtcz9jbGllbnQ9cXNiLWFuZHJvaWQtYXNibC1wYiZkZWxxPWxhdGl0dWRlKzM0MTAr
04-26 16:37:19.046  1221  1233 I ActivityTaskManager: ZGVsbCtwcmljZSZkZWx0b2s9QUt0TDN1UjZPckFPMGlkYmxKbWVBVzhXbU9GRXcyYmVJUToAGAEi
04-26 16:37:19.046  1221  1233 I ActivityTaskManager: GGxhdGl0dWRlIDM0MTAgZGVsbCBwcmljZRLxBApyClM8Yj7gpIbgpKrgpJXgpL4g4KSs4KSC4KSf
04-26 16:37:19.046  1221  1233 I ActivityTaskManager: 4KWAIOCkleClgCDgpKTgpL7gpKTgpY3gpLXgpL/gpJUg4KS44KSu4KWA4KSV4KWN4KS34KS+PC9i
04-26 16:37:19.046  1221  1233 I ActivityTaskManager: PhAjGOoCGCciBCIAOgAoBTD///////////8BOOIEEqoDClM8Yj7gpIbgpKrgpJXgpL4g4KSs4KSC
04-26 16:37:19.046  1221  1233 I ActivityTaskManager: 4KSf4KWAIOCkleClgCDgpKTgpL7gpKTgpY3gpLXgpL/gpJUg4KS44KSu4KWA4KSV4KWN4KS34KS+
04-26 16:37:19.046  1221  1233 I ActivityTaskManager: PC9iPhAjGOoCGCcqyQIJAAAAAADAgkCCAbwCL2NvbXBsZXRlL2RlbGV0ZWl0ZW1zP2NsaWVudD1x
04-26 16:37:19.046  1221  1233 I ActivityTaskManager: c2ItYW5kcm9pZC1hc2JsLXBiJmRlbHE9JUUwJUE0JTg2JUUwJUE0JUFBJUUwJUE0JTk1JUUwJUE0
04-26 16:37:19.046  1221  1233 I ActivityTaskManager: JUJFKyVFMCVBNCVBQyVFMCVBNCU4MiVFMCVBNCU5RiVFMCVBNSU4MCslRTAlQTQlOTUlRTAlQTUl
04-26 16:37:19.046  1221  1233 I ActivityTaskManager: ODArJUUwJUE0JUE0JUUwJUE0JUJFJUUwJUE0JUE0JUUwJUE1JThEJUUwJUE0JUI1JUUwJUE0JUJG
04-26 16:37:19.046  1221  1233 I ActivityTaskManager: JUUwJUE0JTk1KyVFMCVBNCVCOCVFMCVBNCVBRSVFMCVBNSU4MCVFMCVBNCU5NSVFMCVBNSU4RCVF
04-26 16:37:19.046  1221  1233 I ActivityTaskManager: MCVBNCVCNyVFMCVBNCVCRSZkZWx0b2s9QUt0TDN1UTlwaUE2dTlXYmtOSDJwUFJ3V3h2T2JtOFNS
04-26 16:37:19.046  1221  1233 I ActivityTaskManager: ZzoAGAEiTOCkhuCkquCkleCkviDgpKzgpILgpJ/gpYAg4KSV4KWAIOCkpOCkvuCkpOCljeCkteCk
04-26 16:37:19.046  1221  1233 I ActivityTaskManager: v+CklSDgpLjgpK7gpYDgpJXgpY3gpLfgpL4S+wMKYgpDPGI+4KSG4KSq4KSV4KS+IOCkrOCkguCk
04-26 16:37:19.046  1221  1233 I ActivityTaskManager: n+ClgCDgpIngpKrgpKjgpY3gpK/gpL7gpLggcGRmIGRvd25sb2FkPC9iPhAjGOoCGCciBCIAOgAo
04-26 16:37:19.046  1221  1233 I ActivityTaskManager: BTD///////////8BOMsEEtQCCkM8Yj7gpIbgpKrgpJXgpL4g4KSs4KSC4KSf4KWAIOCkieCkquCk
04-26 16:37:19.046  1221  1233 I ActivityTaskManager: qOCljeCkr+CkvuCkuCBwZGYgZG93bmxvYWQ8L2I+ECMY6gIYJyqDAgkAAAAAAAiCQIIB9gEvY29t
04-26 16:37:19.046  1221  1233 I ActivityTaskManager: cGxldGUvZGVsZXRlaXRlbXM/Y2xpZW50PXFzYi1hbmRyb2lkLWFzYmwtcGImZGVscT0lRTAlQTQl
04-26 16:37:19.046  1221  1233 I ActivityTaskManager: ODYlRTAlQTQlQUElRTAlQTQlOTUlRTAlQTQlQkUrJUUwJUE0JUFDJUUwJUE0JTgyJUUwJUE0JTlG
04-26 16:37:19.046  1221  1233 I ActivityTaskManager: JUUwJUE1JTgwKyVFMCVBNCU4OSVFMCVBNCVBQSVFMCVBNCVBOCVFMCVBNSU4RCVFMCVBNCVBRiVF
04-26 16:37:19.046  1221  1233 I ActivityTaskManager: MCVBNCVCRSVFMCVBNCVCOCtwZGYrZG93bmxvYWQmZGVsdG9rPUFLdEwzdVFIRVlFWlp2WV84OE9C
04-26 16:37:19.046  1221  1233 I ActivityTaskManager: R205bVVHbFFMTlBPR3c6ABgBIjzgpIbgpKrgpJXgpL4g4KSs4KSC4KSf4KWAIOCkieCkquCkqOCl
04-26 16:37:19.046  1221  1233 I ActivityTaskManager: jeCkr+CkvuCkuCBwZGYgZG93bmxvYWQS+QEKMgoTPGI+4KSs4KSC4KSf4KWAPC9iPhAjGOoCGCci
04-26 16:37:19.046  1221  1233 I ActivityTaskManager: BCIAOgAoBTD///////////8BOMoEErIBChM8Yj7gpKzgpILgpJ/gpYA8L2I+ECMY6gIYJyqRAQkA
04-26 16:37:19.046  1221  1233 I ActivityTaskManager: AAAAAACCQIIBhAEvY29tcGxldGUvZGVsZXRlaXRlbXM/Y2xpZW50PXFzYi1hbmRyb2lkLWFzYmwt
04-26 16:37:19.046  1221  1233 I ActivityTaskManager: cGImZGVscT0lRTAlQTQlQUMlRTAlQTQlODIlRTAlQTQlOUYlRTAlQTUlODAmZGVsdG9rPUFLdEwz
04-26 16:37:19.046  1221  1233 I ActivityTaskManager: dVIyelp6NmdrOF9keTlTbmJlOGtLc2RIdGtaSEE6ABgBIgzgpKzgpILgpJ/gpYASywEKLQoOPGI+
04-26 16:37:19.046  1221  1233 I ActivityTaskManager: d2VhdGhlcjwvYj4QIxjqAhgnIgQiADoAKAUw////////////ATjJBBKOAQoOPGI+d2VhdGhlcjwv
04-26 16:37:19.046  1221  1233 I ActivityTaskManager: Yj4QIxjqAhgnKnMJAAAAAAD4gUCCAWcvY29tcGxldGUvZGVsZXRlaXRlbXM/Y2xpZW50PXFzYi1h
04-26 16:37:19.046  1221  1233 I ActivityTaskManager: bmRyb2lkLWFzYmwtcGImZGVscT13ZWF0aGVyJmRlbHRvaz1BS3RMM3VRRlRjSmQzazhpVXM0OHhJ
04-26 16:37:19.046  1221  1233 I ActivityTaskManager: bTdPbFIzTVh2c09nOgAYASIHd2VhdGhlchKPBAphCkI8Yj7gpKbgpY3gpLXgpL/gpK3gpL7gpLfg
04-26 16:37:19.046  1221  1233 I ActivityTaskManager: pL/gpJXgpKTgpL4g4KSV4KWHIOCkquCljeCksOCkleCkvuCksDwvYj4QIxjqAhgnIgQiADoAKAUw
04-26 16:37:19.046  1221  1233 I ActivityTaskManager: ////////////ATjIBBLqAgpCPGI+4KSm4KWN4KS14KS/4KSt4KS+4KS34KS/4KSV4KSk4KS+IOCk
04-26 16:37:19.046  1221  1233 I ActivityTaskManager: leClhyDgpKrgpY3gpLDgpJXgpL7gpLA8L2I+ECMY6gIYJyqaAgkAAAAAAPCBQIIBjQIvY29tcGxl
04-26 16:37:19.046  1221  1233 I ActivityTaskManager: dGUvZGVsZXRlaXRlbXM/Y2xpZW50PXFzYi1hbmRyb2lkLWFzYmwtcGImZGVscT0lRTAlQTQlQTYl
04-26 16:37:19.046  1221  1233 I ActivityTaskManager: RTAlQTUlOEQlRTAlQTQlQjUlRTAlQTQlQkYlRTAlQTQlQUQlRTAlQTQlQkUlRTAlQTQlQjclRTAl
04-26 16:37:19.046  1221  1233 I ActivityTaskManager: QTQlQkYlRTAlQTQlOTUlRTAlQTQlQTQlRTAlQTQlQkUrJUUwJUE0JTk1JUUwJUE1JTg3KyVFMCVB
04-26 16:37:19.046  1221  1233 I ActivityTaskManager: NCVBQSVFMCVBNSU4RCVFMCVBNCVCMCVFMCVBNCU5NSVFMCVBNCVCRSVFMCVBNCVCMCZkZWx0b2s9
04-26 16:37:19.046  1221  1233 I ActivityTaskManager: QUt0TDN1U0JHMEt2alpoSEEyQ0w1b1dDd09ldUlJb0ZhUToAGAEiO+CkpuCljeCkteCkv+CkreCk
04-26 16:37:19.046  1221  1233 I ActivityTaskManager: vuCkt+Ckv+CkleCkpOCkviDgpJXgpYcg4KSq4KWN4KSw4KSV4KS+4KSwEscBCiwKDTxiPmFtYXpv
04-26 16:37:19.046  1221  1233 I ActivityTaskManager: bjwvYj4QIxjqAhgnIgQiADoAKAUw////////////ATjHBBKMAQoNPGI+YW1hem9uPC9iPhAjGOoC
04-26 16:37:19.046  1221  1233 I ActivityTaskManager: GCcqcgkAAAAAAOiBQIIBZi9jb21wbGV0ZS9kZWxldGVpdGVtcz9jbGllbnQ9cXNiLWFuZHJvaWQt
04-26 16:37:19.046  1221  1233 I ActivityTaskManager: YXNibC1wYiZkZWxxPWFtYXpvbiZkZWx0b2s9QUt0TDN1UnB2UnNiVXJQckJJTmpTVDNkU0dsQzJl
04-26 16:37:19.046  1221  1233 I ActivityTaskManager: S2phZzoAGAEiBmFtYXpvbhKZBQp5Clo8Yj7gpIbgpKrgpJXgpL4g4KSs4KSC4KSf4KWAIOCkieCk
04-26 16:37:19.046  1221  1233 I ActivityTaskManager: quCkqOCljeCkr+CkvuCkuCDgpJXgpYAg4KSu4KWC4KSyIOCkuOCkruCkuOCljeCkr+CkvjwvYj4Q
04-26 16:37:19.046  1221  1233 I ActivityTaskManager: IxjqAhgnIgQiADoAKAUw////////////ATjGBBLEAwpaPGI+4KSG4KSq4KSV4KS+IOCkrOCkguCk
04-26 16:37:19.046  1221  1233 I ActivityTaskManager: n+ClgCDgpIngpKrgpKjgpY3gpK/gpL7gpLgg4KSV4KWAIOCkruClguCksiDgpLjgpK7gpLjgpY3g
04-26 16:37:19.046  1221  1233 I ActivityTaskManager: pK/gpL48L2I+ECMY6gIYJ
04-26 16:37:19.148  1221 10449 I ActivityManager: Killing 26506:com.android.chrome:sandboxed_process0:org.chromium.content.app.SandboxedProcessService0:1/u0a156i-8999 (adj 0): isolated not needed
04-26 16:37:19.221  1221 10449 V ActivityManager: Death received in com.android.server.am.ActivityManagerService$AppDeathRecipient@bf8c9a9 for thread android.os.BinderProxy@8158b2e, mPid:26506,mApp:ProcessRecord{fde5930 26506:com.android.chrome:sandboxed_process0:org.chromium.content.app.SandboxedProcessService0:1/u0a156i-8999}
04-26 16:37:19.223  1221  2466 E ClipboardService: Denying clipboard access to com.android.chrome, application is not in focus neither is a system service for user 0
04-26 16:37:19.241  1221  1260 E KernelCpuSpeedReader: Failed to read cpu-freq: /sys/devices/system/cpu/cpu4/cpufreq/stats/time_in_state: open failed: ENOENT (No such file or directory)
04-26 16:37:19.243  1221  1260 E KernelCpuSpeedReader: Failed to read cpu-freq: /sys/devices/system/cpu/cpu0/cpufreq/stats/time_in_state: open failed: ENOENT (No such file or directory)
04-26 16:37:19.600  1221  2466 I WindowManager: Relayout Window{ab3a0ca u0 com.google.android.googlequicksearchbox/com.google.android.apps.gsa.searchnow.SearchNowActivity}: oldVis=4 newVis=0 focusMayChange = true
04-26 16:37:19.782  1221  2466 E ProcessStats: Executing service ServiceState{ddc035d org.chromium.content.app.SandboxedProcessService0 pkg=com.android.chrome proc=6a1f4d2} without owner
04-26 16:37:19.805  1221  2466 E ProcessStats: Binding service ServiceState{ddc035d org.chromium.content.app.SandboxedProcessService0 pkg=com.android.chrome proc=6a1f4d2} without owner
04-26 16:37:19.806  1221  2466 E ProcessStats: Starting service ServiceState{ddc035d org.chromium.content.app.SandboxedProcessService0 pkg=com.android.chrome proc=6a1f4d2} without owner
04-26 16:37:19.807  1221  2466 E ProcessStats: Binding service ServiceState{ddc035d org.chromium.content.app.SandboxedProcessService0 pkg=com.android.chrome proc=6a1f4d2} without owner
04-26 16:37:19.809  1221  1254 I DropBoxManagerService: add tag=system_server_wtf isTagEnabled=true flags=0x2
04-26 16:37:19.812  1221  2466 I ActivityManager: Killing 26390:com.android.chrome:sandboxed_process0:org.chromium.content.app.SandboxedProcessService0:0/u0a156i-9000 (adj 0): isolated not needed
04-26 16:37:19.838  1221  1254 I DropBoxManagerService: add tag=system_server_wtf isTagEnabled=true flags=0x2
04-26 16:37:19.862  1221  1254 I chatty  : uid=1000(system) ActivityManager identical 1 line
04-26 16:37:19.876  1221  1254 I DropBoxManagerService: add tag=system_server_wtf isTagEnabled=true flags=0x2
04-26 16:37:19.940  1221  1246 V WindowOrientationListener: Proposed rotation changed!  proposedRotation=3, oldProposedRotation=-1
04-26 16:37:19.969  1221  1515 V ActivityManager: Death received in com.android.server.am.ActivityManagerService$AppDeathRecipient@ba77950 for thread android.os.BinderProxy@1253749, mPid:26390,mApp:ProcessRecord{ec3b34d 26390:com.android.chrome:sandboxed_process0:org.chromium.content.app.SandboxedProcessService0:0/u0a156i-9000}
04-26 16:37:19.975  1221  1260 E KernelCpuSpeedReader: Failed to read cpu-freq: /sys/devices/system/cpu/cpu4/cpufreq/stats/time_in_state: open failed: ENOENT (No such file or directory)
04-26 16:37:19.976  1221  1260 E KernelCpuSpeedReader: Failed to read cpu-freq: /sys/devices/system/cpu/cpu0/cpufreq/stats/time_in_state: open failed: ENOENT (No such file or directory)
04-26 16:37:20.188  1221  1234 I WindowManager: Relayout Window{82c9206 u0 InputMethod}: oldVis=8 newVis=0 focusMayChange = true
04-26 16:37:20.420  1221  1246 V WindowOrientationListener: Proposed rotation changed!  proposedRotation=3, oldProposedRotation=-1
04-26 16:37:20.769  1221  1458 V SettingsProvider: name : status_inactivewakeup appId : 1000
04-26 16:37:20.874  1221  1458 I chatty  : uid=1000(system) InputDispatcher identical 1 line
04-26 16:37:21.070  1221  1458 V SettingsProvider: name : status_inactivewakeup appId : 1000
04-26 16:37:21.099  1221  1255 I ActivityManager: Start proc 26687:com.google.android.webview:sandboxed_process0:org.chromium.content.app.SandboxedProcessService0:0/u0i252 for  {com.google.android.googlequicksearchbox/org.chromium.content.app.SandboxedProcessService0:0}
04-26 16:37:21.099  1221  1255 D ActivityManager: handleProcessStartedLocked mDoneFinishBooting && app.pid != 0 ---> notifyProcessStart, app.processName = com.google.android.webview:sandboxed_process0:org.chromium.content.app.SandboxedProcessService0:0, app.info = ApplicationInfo{b26d6d8 com.google.android.googlequicksearchbox}, app.hostingType = , getHostingName() = null, getIntentFlag() = 0, getIsPackageRunning() = false, app = ProcessRecord{80f7a31 26687:com.google.android.webview:sandboxed_process0:org.chromium.content.app.SandboxedProcessService0:0/u0a133i252}, getExtraData() = Bundle[{SERVICE_INTENT=Intent { cmp=com.google.android.googlequicksearchbox/org.chromium.content.app.SandboxedProcessService0:0 }, CALLER_PACKAGE=com.google.android.googlequicksearchbox}]
04-26 16:37:21.139  1221  2655 V ActivityManager: New death recipient com.android.server.am.ActivityManagerService$AppDeathRecipient@8b82516 for thread android.os.BinderProxy@6b8ae97, pid:26687,mApp:null
04-26 16:37:21.184  1221  1458 V SettingsProvider: name : status_inactivewakeup appId : 1000
04-26 16:37:21.398  1221  2470 D MtkConnectivityService: requestNetwork for uid/pid:10133/11926 NetworkRequest [ TRACK_DEFAULT id=7279, [ Capabilities: INTERNET&NOT_RESTRICTED&TRUSTED Uid: 10133] ]
04-26 16:37:21.414  1221  1464 I BatteryService: shutdownIfLowCurrentLocked batteryLevel = 93 , hasChargingCurrent = true(isPowered=true,batteryCurrent=365,hardware=mt6771) , hitShutdownVoltage = true(batteryVoltage=4352,mBatteryMinVoltage=-1) , isSystemReady = true
04-26 16:37:21.706  1221  1458 V SettingsProvider: name : status_inactivewakeup appId : 1000
04-26 16:37:21.819  1221  1458 V SettingsProvider: name : status_inactivewakeup appId : 1000
