04-26 16:29:20.649  1221  1245 W RCMonitor: 	at com.android.server.usb.UsbDeviceManager$UsbHandlerLegacy.setEnabledFunctions(UsbDeviceManager.java:1783)
04-26 16:29:20.649  1221  1245 W RCMonitor: 	at com.android.server.usb.UsbDeviceManager$UsbHandler.handleMessage(UsbDeviceManager.java:957)
04-26 16:29:20.649  1221  1245 W RCMonitor: 	at android.os.Handler.dispatchMessage(Handler.java:107)
04-26 16:29:20.649  1221  1245 W RCMonitor: 	at android.os.Looper.loop(Looper.java:214)
04-26 16:29:20.649  1221  1245 W RCMonitor: 	at android.os.HandlerThread.run(HandlerThread.java:67)
04-26 16:29:20.649  1221  1245 W RCMonitor: 	at com.android.server.ServiceThread.run(ServiceThread.java:44)
04-26 16:29:20.649  1221  1245 D RCMonitor: RC readDB Status mIsManaged= false , mIsLock = false
04-26 16:29:20.649  1221  1245 I UsbDeviceManager: Setting USB config to mass_storage,adb
04-26 16:29:20.665  1221  1654 V UsbDeviceManager: USB UEVENT: {SUBSYSTEM=android_usb, SEQNUM=143214, ACTION=change, USB_STATE=CONNECTED, DEVPATH=/devices/virtual/android_usb/android0}
04-26 16:29:20.675  1221  1654 V UsbDeviceManager: USB UEVENT: {SUBSYSTEM=android_usb, SEQNUM=143215, ACTION=change, USB_STATE=DISCONNECTED, DEVPATH=/devices/virtual/android_usb/android0}
04-26 16:29:20.692  1221 22746 W AdbDebuggingManager: Read failed with count -1
04-26 16:29:20.693  1221 22746 E AdbDebuggingManager: Caught an exception opening the socket: java.io.IOException: Connection refused
04-26 16:29:20.801  1221  1245 W Looper  : Slow dispatch took 160ms android.fg h=com.android.server.usb.UsbDeviceManager$UsbHandlerLegacy c=null m=0
04-26 16:29:20.801  1221  1245 I UsbDeviceManager: Disable MTP Dialog, no cconnect
04-26 16:29:21.295  1221  1654 V UsbDeviceManager: USB UEVENT: {SUBSYSTEM=android_usb, SEQNUM=143218, ACTION=change, USB_STATE=CONNECTED, DEVPATH=/devices/virtual/android_usb/android0}
04-26 16:29:21.296  1221  1245 D UsbDeviceManager: push notification:Charging this device via USB
04-26 16:29:21.296  1221  1245 W RCMonitor: android.content.pm.PackageManager$NameNotFoundException: com.evenwell.remotecare
04-26 16:29:21.296  1221  1245 W RCMonitor: 	at android.app.ApplicationPackageManager.getPackageInfoAsUser(ApplicationPackageManager.java:192)
04-26 16:29:21.296  1221  1245 W RCMonitor: 	at android.app.ApplicationPackageManager.getPackageInfo(ApplicationPackageManager.java:161)
04-26 16:29:21.296  1221  1245 W RCMonitor: 	at com.fihtdc.server.utils.RCMonitor.checkRemoteCareInstalled(RCMonitor.java:188)
04-26 16:29:21.296  1221  1245 W RCMonitor: 	at com.fihtdc.server.utils.RCMonitor.getSettings(RCMonitor.java:172)
04-26 16:29:21.296  1221  1245 W RCMonitor: 	at com.fihtdc.server.utils.RCMonitor.isManaged(RCMonitor.java:139)
04-26 16:29:21.296  1221  1245 W RCMonitor: 	at com.fihtdc.server.utils.RCMonitor.readDB(RCMonitor.java:132)
04-26 16:29:21.296  1221  1245 W RCMonitor: 	at com.android.server.usb.fih.RemoteLockMonitor.isRemoteLockManagedEnable(RemoteLockMonitor.java:55)
04-26 16:29:21.296  1221  1245 W RCMonitor: 	at com.android.server.usb.UsbDeviceManager$UsbHandler.isAdbEnabled(UsbDeviceManager.java:1444)
04-26 16:29:21.296  1221  1245 W RCMonitor: 	at com.android.server.usb.UsbDeviceManager$UsbHandler.updateAdbNotification(UsbDeviceManager.java:1457)
04-26 16:29:21.296  1221  1245 W RCMonitor: 	at com.android.server.usb.UsbDeviceManager$UsbHandler.handleMessage(UsbDeviceManager.java:942)
04-26 16:29:21.296  1221  1245 W RCMonitor: 	at android.os.Handler.dispatchMessage(Handler.java:107)
04-26 16:29:21.296  1221  1245 W RCMonitor: 	at android.os.Looper.loop(Looper.java:214)
04-26 16:29:21.296  1221  1245 W RCMonitor: 	at android.os.HandlerThread.run(HandlerThread.java:67)
04-26 16:29:21.296  1221  1245 W RCMonitor: 	at com.android.server.ServiceThread.run(ServiceThread.java:44)
04-26 16:29:21.296  1221  1245 W RCMonitor: android.content.pm.PackageManager$NameNotFoundException: com.evenwell.remotecare
04-26 16:29:21.296  1221  1245 W RCMonitor: 	at android.app.ApplicationPackageManager.getPackageInfoAsUser(ApplicationPackageManager.java:192)
04-26 16:29:21.296  1221  1245 W RCMonitor: 	at android.app.ApplicationPackageManager.getPackageInfo(ApplicationPackageManager.java:161)
04-26 16:29:21.296  1221  1245 W RCMonitor: 	at com.fihtdc.server.utils.RCMonitor.checkRemoteCareInstalled(RCMonitor.java:188)
04-26 16:29:21.296  1221  1245 W RCMonitor: 	at com.fihtdc.server.utils.RCMonitor.getSettings(RCMonitor.java:172)
04-26 16:29:21.296  1221  1245 W RCMonitor: 	at com.fihtdc.server.utils.RCMonitor.isLocked(RCMonitor.java:149)
04-26 16:29:21.296  1221  1245 W RCMonitor: 	at com.fihtdc.server.utils.RCMonitor.readDB(RCMonitor.java:133)
04-26 16:29:21.296  1221  1245 W RCMonitor: 	at com.android.server.usb.fih.RemoteLockMonitor.isRemoteLockManagedEnable(RemoteLockMonitor.java:55)
04-26 16:29:21.296  1221  1245 W RCMonitor: 	at com.android.server.usb.UsbDeviceManager$UsbHandler.isAdbEnabled(UsbDeviceManager.java:1444)
04-26 16:29:21.296  1221  1245 W RCMonitor: 	at com.android.server.usb.UsbDeviceManager$UsbHandler.updateAdbNotification(UsbDeviceManager.java:1457)
04-26 16:29:21.296  1221  1245 W RCMonitor: 	at com.android.server.usb.UsbDeviceManager$UsbHandler.handleMessage(UsbDeviceManager.java:942)
04-26 16:29:21.296  1221  1245 W RCMonitor: 	at android.os.Handler.dispatchMessage(Handler.java:107)
04-26 16:29:21.296  1221  1245 W RCMonitor: 	at android.os.Looper.loop(Looper.java:214)
04-26 16:29:21.296  1221  1245 W RCMonitor: 	at android.os.HandlerThread.run(HandlerThread.java:67)
04-26 16:29:21.296  1221  1245 W RCMonitor: 	at com.android.server.ServiceThread.run(ServiceThread.java:44)
04-26 16:29:21.296  1221  1245 D RCMonitor: RC readDB Status mIsManaged= false , mIsLock = false
04-26 16:29:21.297  1221  1245 W RCMonitor: android.content.pm.PackageManager$NameNotFoundException: com.evenwell.remotecare
04-26 16:29:21.297  1221  1245 W RCMonitor: 	at android.app.ApplicationPackageManager.getPackageInfoAsUser(ApplicationPackageManager.java:192)
04-26 16:29:21.297  1221  1245 W RCMonitor: 	at android.app.ApplicationPackageManager.getPackageInfo(ApplicationPackageManager.java:161)
04-26 16:29:21.297  1221  1245 W RCMonitor: 	at com.fihtdc.server.utils.RCMonitor.checkRemoteCareInstalled(RCMonitor.java:188)
04-26 16:29:21.297  1221  1245 W RCMonitor: 	at com.fihtdc.server.utils.RCMonitor.getSettings(RCMonitor.java:172)
04-26 16:29:21.297  1221  1245 W RCMonitor: 	at com.fihtdc.server.utils.RCMonitor.isManaged(RCMonitor.java:139)
04-26 16:29:21.297  1221  1245 W RCMonitor: 	at com.fihtdc.server.utils.RCMonitor.readDB(RCMonitor.java:132)
04-26 16:29:21.297  1221  1245 W RCMonitor: 	at com.android.server.usb.fih.RemoteLockMonitor.isRemoteLockManagedEnable(RemoteLockMonitor.java:55)
04-26 16:29:21.297  1221  1245 W RCMonitor: 	at com.android.server.usb.UsbDeviceManager$UsbHandler.isAdbEnabled(UsbDeviceManager.java:1444)
04-26 16:29:21.297  1221  1245 W RCMonitor: 	at com.android.server.usb.UsbDeviceManager$UsbHandler.getChargingFunctions(UsbDeviceManager.java:1511)
04-26 16:29:21.297  1221  1245 W RCMonitor: 	at com.android.server.usb.UsbDeviceManager$UsbHandler.getAppliedFunctions(UsbDeviceManager.java:926)
04-26 16:29:21.297  1221  1245 W RCMonitor: 	at com.android.server.usb.UsbDeviceManager$UsbHandler.handleMessage(UsbDeviceManager.java:944)
04-26 16:29:21.297  1221  1245 W RCMonitor: 	at android.os.Handler.dispatchMessage(Handler.java:107)
04-26 16:29:21.297  1221  1245 W RCMonitor: 	at android.os.Looper.loop(Looper.java:214)
04-26 16:29:21.297  1221  1245 W RCMonitor: 	at android.os.HandlerThread.run(HandlerThread.java:67)
04-26 16:29:21.297  1221  1245 W RCMonitor: 	at com.android.server.ServiceThread.run(ServiceThread.java:44)
04-26 16:29:21.298  1221  1245 W RCMonitor: android.content.pm.PackageManager$NameNotFoundException: com.evenwell.remotecare
04-26 16:29:21.298  1221  1245 W RCMonitor: 	at android.app.ApplicationPackageManager.getPackageInfoAsUser(ApplicationPackageManager.java:192)
04-26 16:29:21.298  1221  1245 W RCMonitor: 	at android.app.ApplicationPackageManager.getPackageInfo(ApplicationPackageManager.java:161)
04-26 16:29:21.298  1221  1245 W RCMonitor: 	at com.fihtdc.server.utils.RCMonitor.checkRemoteCareInstalled(RCMonitor.java:188)
04-26 16:29:21.298  1221  1245 W RCMonitor: 	at com.fihtdc.server.utils.RCMonitor.getSettings(RCMonitor.java:172)
04-26 16:29:21.298  1221  1245 W RCMonitor: 	at com.fihtdc.server.utils.RCMonitor.isLocked(RCMonitor.java:149)
04-26 16:29:21.298  1221  1245 W RCMonitor: 	at com.fihtdc.server.utils.RCMonitor.readDB(RCMonitor.java:133)
04-26 16:29:21.298  1221  1245 W RCMonitor: 	at com.android.server.usb.fih.RemoteLockMonitor.isRemoteLockManagedEnable(RemoteLockMonitor.java:55)
04-26 16:29:21.298  1221  1245 W RCMonitor: 	at com.android.server.usb.UsbDeviceManager$UsbHandler.isAdbEnabled(UsbDeviceManager.java:1444)
04-26 16:29:21.298  1221  1245 W RCMonitor: 	at com.android.server.usb.UsbDeviceManager$UsbHandler.getChargingFunctions(UsbDeviceManager.java:1511)
04-26 16:29:21.298  1221  1245 W RCMonitor: 	at com.android.server.usb.UsbDeviceManager$UsbHandler.getAppliedFunctions(UsbDeviceManager.java:926)
04-26 16:29:21.298  1221  1245 W RCMonitor: 	at com.android.server.usb.UsbDeviceManager$UsbHandler.handleMessage(UsbDeviceManager.java:944)
04-26 16:29:21.298  1221  1245 W RCMonitor: 	at android.os.Handler.dispatchMessage(Handler.java:107)
04-26 16:29:21.298  1221  1245 W RCMonitor: 	at android.os.Looper.loop(Looper.java:214)
04-26 16:29:21.298  1221  1245 W RCMonitor: 	at android.os.HandlerThread.run(HandlerThread.java:67)
04-26 16:29:21.298  1221  1245 W RCMonitor: 	at com.android.server.ServiceThread.run(ServiceThread.java:44)
04-26 16:29:21.298  1221  1245 D RCMonitor: RC readDB Status mIsManaged= false , mIsLock = false
04-26 16:29:21.298  1221  1245 D UsbDeviceManager: broadcasting Intent { act=android.hardware.usb.action.USB_STATE flg=0x31000000 (has extras) } extras: Bundle[{host_connected=false, connected=true, unlocked=false, adb=true, configured=false}]
04-26 16:29:21.298  1221  1245 D UsbDeviceManager:  mDisplayDataTransferDialog=true
04-26 16:29:21.298  1221  1654 V UsbDeviceManager: USB UEVENT: {SUBSYSTEM=android_usb, SEQNUM=143219, ACTION=change, USB_STATE=CONFIGURED, DEVPATH=/devices/virtual/android_usb/android0}
04-26 16:29:21.299  1221  1245 W RCMonitor: android.content.pm.PackageManager$NameNotFoundException: com.evenwell.remotecare
04-26 16:29:21.299  1221  1245 W RCMonitor: 	at android.app.ApplicationPackageManager.getPackageInfoAsUser(ApplicationPackageManager.java:192)
04-26 16:29:21.299  1221  1245 W RCMonitor: 	at android.app.ApplicationPackageManager.getPackageInfo(ApplicationPackageManager.java:161)
04-26 16:29:21.299  1221  1245 W RCMonitor: 	at com.fihtdc.server.utils.RCMonitor.checkRemoteCareInstalled(RCMonitor.java:188)
04-26 16:29:21.299  1221  1245 W RCMonitor: 	at com.fihtdc.server.utils.RCMonitor.getSettings(RCMonitor.java:172)
04-26 16:29:21.299  1221  1245 W RCMonitor: 	at com.fihtdc.server.utils.RCMonitor.isManaged(RCMonitor.java:139)
04-26 16:29:21.299  1221  1245 W RCMonitor: 	at com.fihtdc.server.utils.RCMonitor.readDB(RCMonitor.java:132)
04-26 16:29:21.299  1221  1245 W RCMonitor: 	at com.android.server.usb.fih.RemoteLockMonitor.isRemoteLockManagedEnable(RemoteLockMonitor.java:55)
04-26 16:29:21.299  1221  1245 W RCMonitor: 	at com.android.server.usb.UsbDeviceManager$UsbHandler.isAdbEnabled(UsbDeviceManager.java:1444)
04-26 16:29:21.299  1221  1245 W RCMonitor: 	at com.android.server.usb.UsbDeviceManager$UsbHandler.updateAdbNotification(UsbDeviceManager.java:1457)
04-26 16:29:21.299  1221  1245 W RCMonitor: 	at com.android.server.usb.UsbDeviceManager$UsbHandler.handleMessage(UsbDeviceManager.java:942)
04-26 16:29:21.299  1221  1245 W RCMonitor: 	at android.os.Handler.dispatchMessage(Handler.java:107)
04-26 16:29:21.299  1221  1245 W RCMonitor: 	at android.os.Looper.loop(Looper.java:214)
04-26 16:29:21.299  1221  1245 W RCMonitor: 	at android.os.HandlerThread.run(HandlerThread.java:67)
04-26 16:29:21.299  1221  1245 W RCMonitor: 	at com.android.server.ServiceThread.run(ServiceThread.java:44)
04-26 16:29:21.299  1221  1245 W RCMonitor: android.content.pm.PackageManager$NameNotFoundException: com.evenwell.remotecare
04-26 16:29:21.299  1221  1245 W RCMonitor: 	at android.app.ApplicationPackageManager.getPackageInfoAsUser(ApplicationPackageManager.java:192)
04-26 16:29:21.299  1221  1245 W RCMonitor: 	at android.app.ApplicationPackageManager.getPackageInfo(ApplicationPackageManager.java:161)
04-26 16:29:21.299  1221  1245 W RCMonitor: 	at com.fihtdc.server.utils.RCMonitor.checkRemoteCareInstalled(RCMonitor.java:188)
04-26 16:29:21.299  1221  1245 W RCMonitor: 	at com.fihtdc.server.utils.RCMonitor.getSettings(RCMonitor.java:172)
04-26 16:29:21.299  1221  1245 W RCMonitor: 	at com.fihtdc.server.utils.RCMonitor.isLocked(RCMonitor.java:149)
04-26 16:29:21.299  1221  1245 W RCMonitor: 	at com.fihtdc.server.utils.RCMonitor.readDB(RCMonitor.java:133)
04-26 16:29:21.299  1221  1245 W RCMonitor: 	at com.android.server.usb.fih.RemoteLockMonitor.isRemoteLockManagedEnable(RemoteLockMonitor.java:55)
04-26 16:29:21.299  1221  1245 W RCMonitor: 	at com.android.server.usb.UsbDeviceManager$UsbHandler.isAdbEnabled(UsbDeviceManager.java:1444)
04-26 16:29:21.299  1221  1245 W RCMonitor: 	at com.android.server.usb.UsbDeviceManager$UsbHandler.updateAdbNotification(UsbDeviceManager.java:1457)
04-26 16:29:21.299  1221  1245 W RCMonitor: 	at com.android.server.usb.UsbDeviceManager$UsbHandler.handleMessage(UsbDeviceManager.java:942)
04-26 16:29:21.299  1221  1245 W RCMonitor: 	at android.os.Handler.dispatchMessage(Handler.java:107)
04-26 16:29:21.299  1221  1245 W RCMonitor: 	at android.os.Looper.loop(Looper.java:214)
04-26 16:29:21.299  1221  1245 W RCMonitor: 	at android.os.HandlerThread.run(HandlerThread.java:67)
04-26 16:29:21.299  1221  1245 W RCMonitor: 	at com.android.server.ServiceThread.run(ServiceThread.java:44)
04-26 16:29:21.299  1221  1245 D RCMonitor: RC readDB Status mIsManaged= false , mIsLock = false
04-26 16:29:21.300  1221  1245 W RCMonitor: android.content.pm.PackageManager$NameNotFoundException: com.evenwell.remotecare
04-26 16:29:21.300  1221  1245 W RCMonitor: 	at android.app.ApplicationPackageManager.getPackageInfoAsUser(ApplicationPackageManager.java:192)
04-26 16:29:21.300  1221  1245 W RCMonitor: 	at android.app.ApplicationPackageManager.getPackageInfo(ApplicationPackageManager.java:161)
04-26 16:29:21.300  1221  1245 W RCMonitor: 	at com.fihtdc.server.utils.RCMonitor.checkRemoteCareInstalled(RCMonitor.java:188)
04-26 16:29:21.300  1221  1245 W RCMonitor: 	at com.fihtdc.server.utils.RCMonitor.getSettings(RCMonitor.java:172)
04-26 16:29:21.300  1221  1245 W RCMonitor: 	at com.fihtdc.server.utils.RCMonitor.isManaged(RCMonitor.java:139)
04-26 16:29:21.300  1221  1245 W RCMonitor: 	at com.fihtdc.server.utils.RCMonitor.readDB(RCMonitor.java:132)
04-26 16:29:21.300  1221  1245 W RCMonitor: 	at com.android.server.usb.fih.RemoteLockMonitor.isRemoteLockManagedEnable(RemoteLockMonitor.java:55)
04-26 16:29:21.300  1221  1245 W RCMonitor: 	at com.android.server.usb.UsbDeviceManager$UsbHandler.isAdbEnabled(UsbDeviceManager.java:1444)
04-26 16:29:21.300  1221  1245 W RCMonitor: 	at com.android.server.usb.UsbDeviceManager$UsbHandler.getChargingFunctions(UsbDeviceManager.java:1511)
04-26 16:29:21.300  1221  1245 W RCMonitor: 	at com.android.server.usb.UsbDeviceManager$UsbHandler.getAppliedFunctions(UsbDeviceManager.java:926)
04-26 16:29:21.300  1221  1245 W RCMonitor: 	at com.android.server.usb.UsbDeviceManager$UsbHandler.handleMessage(UsbDeviceManager.java:944)
04-26 16:29:21.300  1221  1245 W RCMonitor: 	at android.os.Handler.dispatchMessage(Handler.java:107)
04-26 16:29:21.300  1221  1245 W RCMonitor: 	at android.os.Looper.loop(Looper.java:214)
04-26 16:29:21.300  1221  1245 W RCMonitor: 	at android.os.HandlerThread.run(HandlerThread.java:67)
04-26 16:29:21.300  1221  1245 W RCMonitor: 	at com.android.server.ServiceThread.run(ServiceThread.java:44)
04-26 16:29:21.300  1221  1245 W RCMonitor: android.content.pm.PackageManager$NameNotFoundException: com.evenwell.remotecare
04-26 16:29:21.300  1221  1245 W RCMonitor: 	at android.app.ApplicationPackageManager.getPackageInfoAsUser(ApplicationPackageManager.java:192)
04-26 16:29:21.300  1221  1245 W RCMonitor: 	at android.app.ApplicationPackageManager.getPackageInfo(ApplicationPackageManager.java:161)
04-26 16:29:21.300  1221  1245 W RCMonitor: 	at com.fihtdc.server.utils.RCMonitor.checkRemoteCareInstalled(RCMonitor.java:188)
04-26 16:29:21.300  1221  1245 W RCMonitor: 	at com.fihtdc.server.utils.RCMonitor.getSettings(RCMonitor.java:172)
04-26 16:29:21.300  1221  1245 W RCMonitor: 	at com.fihtdc.server.utils.RCMonitor.isLocked(RCMonitor.java:149)
04-26 16:29:21.300  1221  1245 W RCMonitor: 	at com.fihtdc.server.utils.RCMonitor.readDB(RCMonitor.java:133)
04-26 16:29:21.300  1221  1245 W RCMonitor: 	at com.android.server.usb.fih.RemoteLockMonitor.isRemoteLockManagedEnable(RemoteLockMonitor.java:55)
04-26 16:29:21.300  1221  1245 W RCMonitor: 	at com.android.server.usb.UsbDeviceManager$UsbHandler.isAdbEnabled(UsbDeviceManager.java:1444)
04-26 16:29:21.300  1221  1245 W RCMonitor: 	at com.android.server.usb.UsbDeviceManager$UsbHandler.getChargingFunctions(UsbDeviceManager.java:1511)
04-26 16:29:21.300  1221  1245 W RCMonitor: 	at com.android.server.usb.UsbDeviceManager$UsbHandler.getAppliedFunctions(UsbDeviceManager.java:926)
04-26 16:29:21.300  1221  1245 W RCMonitor: 	at com.android.server.usb.UsbDeviceManager$UsbHandler.handleMessage(UsbDeviceManager.java:944)
04-26 16:29:21.300  1221  1245 W RCMonitor: 	at android.os.Handler.dispatchMessage(Handler.java:107)
04-26 16:29:21.300  1221  1245 W RCMonitor: 	at android.os.Looper.loop(Looper.java:214)
04-26 16:29:21.300  1221  1245 W RCMonitor: 	at android.os.HandlerThread.run(HandlerThread.java:67)
04-26 16:29:21.300  1221  1245 W RCMonitor: 	at com.android.server.ServiceThread.run(ServiceThread.java:44)
04-26 16:29:21.300  1221  1245 D RCMonitor: RC readDB Status mIsManaged= false , mIsLock = false
04-26 16:29:21.300  1221  1245 D UsbDeviceManager: broadcasting Intent { act=android.hardware.usb.action.USB_STATE flg=0x31000000 (has extras) } extras: Bundle[{host_connected=false, connected=true, unlocked=false, adb=true, configured=true}]
04-26 16:29:21.300  1221  1245 D UsbDeviceManager:  mDisplayDataTransferDialog=true
04-26 16:29:21.302  1221  1245 I UsbDeviceManager: USB_CONFIG_PROPERTY = mass_storage,adb
04-26 16:29:21.302  1221  1245 D UsbDeviceManager: MSG_DISPLAY_DATA_TRANSFER_DIALOG: Intent { act=com.fihtdc.usb.dialog flg=0x31000000 (has extras) } connected: true configured: true
04-26 16:29:21.328 21910 21910 W ContextImpl: Calling a method in the system process without a qualified user: android.app.ContextImpl.startActivity:928 android.content.ContextWrapper.startActivity:383 android.content.ContextWrapper.startActivity:383 cust.settings.deviceinfo.MtpEnableSettingReceiver.onReceive:67 android.app.ActivityThread.handleReceiver:3816 
04-26 16:29:21.328 21910 21910 W ContextImpl: Calling a method in the system process without a qualified user: android.app.ContextImpl.startActivity:940 android.app.ContextImpl.startActivity:929 android.content.ContextWrapper.startActivity:383 android.content.ContextWrapper.startActivity:383 cust.settings.deviceinfo.MtpEnableSettingReceiver.onReceive:67 
04-26 16:29:21.328  1221  7845 I ActivityTaskManager: START u0 {flg=0x10010000 cmp=com.android.settings/cust.settings.deviceinfo.MtpEnableActivity} from uid 1000
04-26 16:29:21.402  1221  4587 I WindowManager: Relayout Window{54e6094 u0 com.android.settings/cust.settings.deviceinfo.MtpEnableActivity}: oldVis=4 newVis=0 focusMayChange = true
04-26 16:29:21.413  1221  1464 I BatteryService: shutdownIfLowCurrentLocked batteryLevel = 91 , hasChargingCurrent = true(isPowered=true,batteryCurrent=189,hardware=mt6771) , hitShutdownVoltage = true(batteryVoltage=4379,mBatteryMinVoltage=-1) , isSystemReady = true
04-26 16:29:22.694  1221 22746 D AdbDebuggingManager: Received connected key message: QAAAAKfZDqbpwRPFq8yVlG6Y1OdnPVKoP2Ge3eWhP25cUdJBGClSFRB1ppZUv68db4YyHOWsReCcEHangD9GELkwjnrHTc8Fyr3zM9OMSX1fLkMU8oG65/+ZNgl+4VE5KhHBl5yke38ijTbJLkHJqjU0Emc+sl+C2aI+u+wNQXHJLcAMrFe0v6QL5jxCoqOzPh8ir6SJ94oc39BxnvC8kt0ieDBCb/3KcuwriVsCzeyGY2MlF0Wk4oMH7bcGhBfCGYXnXwhUK4uC5rlURuvB9mm58pOiwjkVqJrpfPumYFFdKS70FwDLsrYCCBbuG5OfVYE7p3Mi+moM68ccQFGC4QPbD4zi5sPYx0OMLBOzBg2Q6C/Nz3WmB0ZfKrCBNEdzlcqR/H/OVgkG5YGa/QyYj4u1/mSb1pNOJAuUHDUAEqvsfxjyxkZZFCn/EMgLxiNOQw+I1204Zm7UYxwAKicunEZsoDI7P2QTHJnnfZfhoJBfNZZdwmMcZXpPP3kDPc3vAfmAWBLv7IXWbv6qX0hgWa/PSfg46WIIpRCO55hOfolUnA5ganiDP0YXTpZxobtEql7NoOl64w7hxnArQI4esVKQNqbOxveQ7iXdmYr/2IkujxTl1NtCGTRDyLNUNaepecZinjJc0Ad8ZkCgAgORANHAsY7tE7i9PZFK7bl933UkTDidxYl4AAEAAQA= oem@oem-Latitude-3410
04-26 16:29:22.694  1221  1245 D AdbDebuggingManager: Logging key QAAAAKfZDqbpwRPFq8yVlG6Y1OdnPVKoP2Ge3eWhP25cUdJBGClSFRB1ppZUv68db4YyHOWsReCcEHangD9GELkwjnrHTc8Fyr3zM9OMSX1fLkMU8oG65/+ZNgl+4VE5KhHBl5yke38ijTbJLkHJqjU0Emc+sl+C2aI+u+wNQXHJLcAMrFe0v6QL5jxCoqOzPh8ir6SJ94oc39BxnvC8kt0ieDBCb/3KcuwriVsCzeyGY2MlF0Wk4oMH7bcGhBfCGYXnXwhUK4uC5rlURuvB9mm58pOiwjkVqJrpfPumYFFdKS70FwDLsrYCCBbuG5OfVYE7p3Mi+moM68ccQFGC4QPbD4zi5sPYx0OMLBOzBg2Q6C/Nz3WmB0ZfKrCBNEdzlcqR/H/OVgkG5YGa/QyYj4u1/mSb1pNOJAuUHDUAEqvsfxjyxkZZFCn/EMgLxiNOQw+I1204Zm7UYxwAKicunEZsoDI7P2QTHJnnfZfhoJBfNZZdwmMcZXpPP3kDPc3vAfmAWBLv7IXWbv6qX0hgWa/PSfg46WIIpRCO55hOfolUnA5ganiDP0YXTpZxobtEql7NoOl64w7hxnArQI4esVKQNqbOxveQ7iXdmYr/2IkujxTl1NtCGTRDyLNUNaepecZinjJc0Ad8ZkCgAgORANHAsY7tE7i9PZFK7bl933UkTDidxYl4AAEAAQA= oem@oem-Latitude-3410, state = 4, alwaysAllow = true, lastConnectionTime = 1619434762694, authWindow = 604800000
04-26 16:29:23.605  1221  1260 E KernelCpuSpeedReader: Failed to read cpu-freq: /sys/devices/system/cpu/cpu4/cpufreq/stats/time_in_state: open failed: ENOENT (No such file or directory)
04-26 16:29:23.605  1221  1260 E KernelCpuSpeedReader: Failed to read cpu-freq: /sys/devices/system/cpu/cpu0/cpufreq/stats/time_in_state: open failed: ENOENT (No such file or directory)
04-26 16:29:26.220  1221  1464 I BatteryService: shutdownIfLowCurrentLocked batteryLevel = 91 , hasChargingCurrent = true(isPowered=true,batteryCurrent=546,hardware=mt6771) , hitShutdownVoltage = true(batteryVoltage=4379,mBatteryMinVoltage=-1) , isSystemReady = true
04-26 16:29:52.820  1221  1246 V WindowOrientationListener: Proposed rotation changed!  proposedRotation=0, oldProposedRotation=-1
04-26 16:29:54.659  1221  1246 I chatty  : uid=1000(system) android.ui identical 1 line
04-26 16:29:55.979  1221  1246 V WindowOrientationListener: Proposed rotation changed!  proposedRotation=0, oldProposedRotation=-1
04-26 16:30:11.294  1221  1264 V DisplayPowerController: Brightness [10] reason changing to: 'manual [ dim ]', previous reason: 'manual'.
04-26 16:30:11.313  1221  1671 D DisplayManagerService: Set backlight to 27
04-26 16:30:11.329  1221  1671 D DisplayManagerService: Set backlight to 24
04-26 16:30:11.346  1221  1671 D DisplayManagerService: Set backlight to 21
04-26 16:30:11.362  1221  1671 D DisplayManagerService: Set backlight to 18
04-26 16:30:11.378  1221  1671 D DisplayManagerService: Set backlight to 15
04-26 16:30:11.395  1221  1671 D DisplayManagerService: Set backlight to 12
04-26 16:30:11.411  1221  1671 D DisplayManagerService: Set backlight to 10
04-26 16:30:18.299  1221  1264 I PowerManagerService: Going to sleep due to timeout (uid 1000)...
04-26 16:30:18.299  1221  1221 W UsageStatsService: Event reported without a package name, eventType:16
04-26 16:30:18.392  1221  1264 V DisplayPowerController: Brightness [30] reason changing to: 'manual', previous reason: 'manual [ dim ]'.
04-26 16:30:18.526  1221  1671 D DisplayManagerService: Set backlight to 0
04-26 16:30:18.526  1221  1264 I DisplayPowerController: Blocking screen off
04-26 16:30:18.527  1221  1264 I DisplayPowerController: Unblocked screen off after 0 ms
04-26 16:30:18.547  1221  1260 E KernelCpuSpeedReader: Failed to read cpu-freq: /sys/devices/system/cpu/cpu4/cpufreq/stats/time_in_state: open failed: ENOENT (No such file or directory)
04-26 16:30:18.548  1221  1260 E KernelCpuSpeedReader: Failed to read cpu-freq: /sys/devices/system/cpu/cpu0/cpufreq/stats/time_in_state: open failed: ENOENT (No such file or directory)
04-26 16:30:18.564  1221  1264 D ActivityTaskManager: Top Process State changed to PROCESS_STATE_TOP_SLEEPING
04-26 16:30:18.567  1221  1264 D WindowOrientationListener: WindowOrientationListener disabled
04-26 16:30:18.575  1221  1264 V DisplayPowerController: Brightness [0] reason changing to: 'screen_off', previous reason: 'manual'.
04-26 16:30:18.578  1221  1671 D DisplayManagerService: Set backlight to 0
04-26 16:30:18.596  1221  1248 I DisplayManagerService: Display device changed state: "Built-in Screen", OFF
04-26 16:30:18.811  1221  1264 I DreamManagerService: Entering dreamland.
04-26 16:30:18.811  1221  1264 I PowerManagerService: Dozing...
04-26 16:30:18.812  1221  1245 I DreamController: Starting dream: name=ComponentInfo{com.android.systemui/com.android.systemui.doze.DozeService}, isTest=false, canDoze=true, userId=0
04-26 16:30:18.917  1221  1221 I NotificationService: updateLightsLocked() : ledNotification = null ,mInCall = false ,mScreenOn = false ,FQC = false
04-26 16:30:19.034  1221  1221 V FingerprintService: startAuthentication(com.android.systemui)
04-26 16:30:19.034  1221  1221 V FingerprintService: starting client AuthenticationClientImpl(com.android.systemui) cookie: 0/0
04-26 16:30:19.056  1221  1221 W FingerprintService: client com.android.systemui is authenticating...
04-26 16:30:19.264  1221  2669 I ActivityTaskManager: START u0 {flg=0x10000000 cmp=com.google.android.googlequicksearchbox/com.google.android.apps.gsa.staticplugins.opa.samson.activity.OpaAmbActivity (has extras)} from uid 10133
04-26 16:30:19.493  1221  2639 I WindowManager: Relayout Window{eecd9b8 u0 com.google.android.googlequicksearchbox/com.google.android.apps.gsa.staticplugins.opa.samson.activity.OpaAmbActivity}: oldVis=8 newVis=0 focusMayChange = true
04-26 16:30:19.588  1221  1249 D PowerManagerService: WAKE_LOCK_SCREEN_BRIGHT Change, Total ACQUIRED: 
04-26 16:30:19.588  1221  1249 D PowerManagerService:   DOZE_WAKE_LOCK                 'DreamManagerService' ACQ=-692ms (uid=1000 pid=1221)
04-26 16:30:19.588  1221  1249 D PowerManagerService:   SCREEN_BRIGHT_WAKE_LOCK        'WindowManager' ON_AFTER_RELEASE (uid=1000 pid=1221 ws=WorkSource{10133})
04-26 16:30:21.415  1221  1464 I BatteryService: shutdownIfLowCurrentLocked batteryLevel = 91 , hasChargingCurrent = true(isPowered=true,batteryCurrent=742,hardware=mt6771) , hitShutdownVoltage = true(batteryVoltage=4379,mBatteryMinVoltage=-1) , isSystemReady = true
04-26 16:30:23.281  1221  1464 I BatteryService: shutdownIfLowCurrentLocked batteryLevel = 91 , hasChargingCurrent = true(isPowered=true,batteryCurrent=737,hardware=mt6771) , hitShutdownVoltage = true(batteryVoltage=4409,mBatteryMinVoltage=-1) , isSystemReady = true
04-26 16:30:23.325  1221  1248 W UsageStatsService: Event reported without a package name, eventType:17
04-26 16:30:23.355  1680  1680 I EmergencyButton: ss.getState()=0 ss.isEmergencyOnly()=false for simId=0
04-26 16:30:23.362  1680  1680 I EmergencyButton: ss.getState()=0 ss.isEmergencyOnly()=false for simId=1
04-26 16:30:23.364  1680  1680 I EmergencyButton: show = true
04-26 16:30:23.390  1680  1680 I EmergencyButton: ss.getState()=0 ss.isEmergencyOnly()=false for simId=0
04-26 16:30:23.396  1680  1680 I EmergencyButton: ss.getState()=0 ss.isEmergencyOnly()=false for simId=1
04-26 16:30:23.399  1680  1680 I EmergencyButton: show = true
04-26 16:30:23.409  1680  1680 I EmergencyButton: ss.getState()=0 ss.isEmergencyOnly()=false for simId=0
04-26 16:30:23.415  1680  1680 I EmergencyButton: ss.getState()=0 ss.isEmergencyOnly()=false for simId=1
04-26 16:30:23.417  1680  1680 I EmergencyButton: show = true
04-26 16:30:23.426  1680  1680 I EmergencyButton: ss.getState()=0 ss.isEmergencyOnly()=false for simId=0
04-26 16:30:23.431  1680  1680 I EmergencyButton: ss.getState()=0 ss.isEmergencyOnly()=false for simId=1
04-26 16:30:23.433  1680  1680 I EmergencyButton: show = true
04-26 16:30:23.442  1680  1680 I EmergencyButton: ss.getState()=0 ss.isEmergencyOnly()=false for simId=0
04-26 16:30:23.448  1680  1680 I EmergencyButton: ss.getState()=0 ss.isEmergencyOnly()=false for simId=1
04-26 16:30:23.451  1680  1680 I EmergencyButton: show = true
04-26 16:30:36.225  1221  1464 I BatteryService: shutdownIfLowCurrentLocked batteryLevel = 91 , hasChargingCurrent = true(isPowered=true,batteryCurrent=732,hardware=mt6771) , hitShutdownVoltage = true(batteryVoltage=4411,mBatteryMinVoltage=-1) , isSystemReady = true
04-26 16:30:44.316  1221  4587 I DropBoxManagerService: add tag=keymaster isTagEnabled=true flags=0x0
04-26 16:30:59.612  1221  1255 I ActivityManager: Start proc 25111:com.evenwell.AprUploadService/u0a118 for service {com.evenwell.AprUploadService/com.fihtdc.AprUploadService.service.job.CommonUploadJobService}
04-26 16:30:59.612  1221  1255 D ActivityManager: handleProcessStartedLocked mDoneFinishBooting && app.pid != 0 ---> notifyProcessStart, app.processName = com.evenwell.AprUploadService, app.info = ApplicationInfo{aa5c705 com.evenwell.AprUploadService}, app.hostingType = service, getHostingName() = ComponentInfo{com.evenwell.AprUploadService/com.fihtdc.AprUploadService.service.job.CommonUploadJobService}, getIntentFlag() = 0, getIsPackageRunning() = false, app = ProcessRecord{e17735a 25111:com.evenwell.AprUploadService/u0a118}, getExtraData() = Bundle[{SERVICE_INTENT=Intent { cmp=com.evenwell.AprUploadService/com.fihtdc.AprUploadService.service.job.CommonUploadJobService }, CALLER_PACKAGE=android}]
04-26 16:30:59.640  1221  4431 V ActivityManager: New death recipient com.android.server.am.ActivityManagerService$AppDeathRecipient@6bdb98b for thread android.os.BinderProxy@9d28a68, pid:25111,mApp:null
04-26 16:30:59.710  1221  2639 V SettingsProvider: packageValueForCallResult, name = sqlite_compatibility_wal_flags, value : Bundle[{_track_generation=android.util.MemoryIntArray@74, value=, _generation_index=0, _generation=890}]
04-26 16:30:59.724  1221  4431 I ActivityManager: Killing 24174:com.google.android.googlequicksearchbox/u0a133 (adj 985): empty #17
04-26 16:30:59.767  1221  4431 V ActivityManager: Death received in com.android.server.am.ActivityManagerService$AppDeathRecipient@e0fc07c for thread android.os.BinderProxy@542ed05, mPid:24174,mApp:ProcessRecord{ffc6b6f 24174:com.google.android.googlequicksearchbox/u0a133}
04-26 16:31:10.243  1221  4431 V SettingsProvider: name : status_inactivewakeup appId : 1000
04-26 16:31:10.246  1221  1221 V SettingsProvider: Notifying for 0: content://settings/system/status_inactivewakeup
04-26 16:31:10.250  1221  4431 I PowerManagerService: Waking up from Dozing (uid=10106, reason=WAKE_REASON_GESTURE, details=com.android.systemui:NODOZE)...
04-26 16:31:10.253  1221  1264 I DisplayPowerController: Blocking screen on until initial contents have been drawn.
04-26 16:31:10.261  1221  1249 D PowerManagerService: WAKE_LOCK_SCREEN_BRIGHT Change, RELEASE:
04-26 16:31:10.261  1221  1249 D PowerManagerService:   SCREEN_BRIGHT_WAKE_LOCK        'WindowManager' ON_AFTER_RELEASE ACQ=-50s673ms (uid=1000 pid=1221 ws=WorkSource{10133})
04-26 16:31:10.271  1221  1260 E KernelCpuSpeedReader: Failed to read cpu-freq: /sys/devices/system/cpu/cpu4/cpufreq/stats/time_in_state: open failed: ENOENT (No such file or directory)
04-26 16:31:10.272  1221  1260 E KernelCpuSpeedReader: Failed to read cpu-freq: /sys/devices/system/cpu/cpu0/cpufreq/stats/time_in_state: open failed: ENOENT (No such file or directory)
04-26 16:31:10.279  1221  1260 D KernelCpuUidUserSysTimeReader: Removing uids 99250-99250
04-26 16:31:10.285  1221  1264 V DisplayPowerController: Brightness [30] reason changing to: 'manual', previous reason: 'screen_off'.
04-26 16:31:10.288  1221  1671 D DisplayManagerService: Set backlight to 0
04-26 16:31:10.288  1221  1248 I DisplayManagerService: Display device changed state: "Built-in Screen", ON
04-26 16:31:10.295  1221  1221 W UsageStatsService: Event reported without a package name, eventType:15
04-26 16:31:10.336  1221  1221 I NotificationService: updateLightsLocked() : ledNotification = null ,mInCall = false ,mScreenOn = true ,FQC = false
04-26 16:31:10.370  1221  1246 D WindowOrientationListener: WindowOrientationListener enabled clearCurrentRotation=true
04-26 16:31:10.373  1221  1264 I DisplayPowerController: Unblocked screen on after 120 ms
04-26 16:31:10.396  1221  6215 D PowerManagerService: WAKE_LOCK_SCREEN_BRIGHT Change, Total ACQUIRED: 
04-26 16:31:10.396  1221  6215 D PowerManagerService:   DOZE_WAKE_LOCK                 'DreamManagerService' ACQ=-51s500ms (uid=1000 pid=1221)
04-26 16:31:10.396  1221  6215 D PowerManagerService:   PARTIAL_WAKE_LOCK              'Doze' ACQ=-222ms (uid=10106 pid=1680)
04-26 16:31:10.396  1221  6215 D PowerManagerService:   SCREEN_BRIGHT_WAKE_LOCK        'WindowManager' ON_AFTER_RELEASE (uid=1000 pid=1221 ws=WorkSource{10133})
04-26 16:31:10.397  1221  6215 D ActivityTaskManager: Top Process State changed to PROCESS_STATE_TOP
04-26 16:31:10.402  1221  6215 V SettingsProvider: name : status_inactivewakeup appId : 1000
04-26 16:31:10.538  1221  1671 D DisplayManagerService: Set backlight to 30
04-26 16:31:10.538  1221  1264 W PowerManagerService: Screen on took 296 ms
04-26 16:31:10.538  1221  1264 I DreamManagerService: Gently waking up from dream.
04-26 16:31:10.538  1221  1245 I DreamManagerService: Performing gentle wake from dream.
04-26 16:31:10.555  1221  1812 I WindowManager: Relayout Window{e399fdd u0 NavigationBar0}: oldVis=8 newVis=0 focusMayChange = true
04-26 16:31:10.601  1221  2639 I DreamManagerService: Leaving dreamland.
04-26 16:31:10.602  1221  1245 I DreamManagerService: Performing gentle wake from dream.
04-26 16:31:10.602  1221  1245 I DreamController: Stopping dream: name=ComponentInfo{com.android.systemui/com.android.systemui.doze.DozeService}, isTest=false, canDoze=true, userId=0
04-26 16:31:13.444  1221  4587 D MtkConnectivityService: requestNetwork for uid/pid:10133/11926 NetworkRequest [ REQUEST id=7258, [ Transports: CELLULAR Capabilities: INTERNET&NOT_RESTRICTED&TRUSTED&NOT_VPN Uid: 10133] ]
04-26 16:31:13.446  1221  1582 D MtkConnectivityService: reportNetworkConnectivity(181, false) by 10133
04-26 16:31:13.447  1221  1582 D MtkConnectivityService: reportNetworkConnectivity(181, false) by 10133
04-26 16:31:13.890  1221  1254 W BroadcastQueue: Background execution not allowed: receiving Intent { act=android.net.conn.NETWORK_CONDITIONS_MEASURED flg=0x10 (has extras) } to com.google.android.gms/.chimera.GmsIntentOperationService$PersistentTrustedReceiver
04-26 16:31:13.894  1221  1582 D MtkConnectivityService: NetworkAgentInfo [WIFI () - 181] validation passed
04-26 16:31:21.414  1221  1464 I BatteryService: shutdownIfLowCurrentLocked batteryLevel = 91 , hasChargingCurrent = true(isPowered=true,batteryCurrent=549,hardware=mt6771) , hitShutdownVoltage = true(batteryVoltage=4411,mBatteryMinVoltage=-1) , isSystemReady = true
04-26 16:31:29.782  1221  1246 V WindowOrientationListener: Proposed rotation changed!  proposedRotation=0, oldProposedRotation=-1
04-26 16:31:29.783  1221  1464 I BatteryService: shutdownIfLowCurrentLocked batteryLevel = 92 , hasChargingCurrent = true(isPowered=true,batteryCurrent=611,hardware=mt6771) , hitShutdownVoltage = true(batteryVoltage=4398,mBatteryMinVoltage=-1) , isSystemReady = true
04-26 16:31:30.401  1221  1246 V WindowOrientationListener: Proposed rotation changed!  proposedRotation=0, oldProposedRotation=-1
04-26 16:31:30.761  1221  1246 I chatty  : uid=1000(system) android.ui identical 1 line
04-26 16:31:32.441  1221  1246 V WindowOrientationListener: Proposed rotation changed!  proposedRotation=0, oldProposedRotation=-1
04-26 16:31:40.607  1221  1260 E KernelCpuSpeedReader: Failed to read cpu-freq: /sys/devices/system/cpu/cpu4/cpufreq/stats/time_in_state: open failed: ENOENT (No such file or directory)
04-26 16:31:40.609  1221  1260 E KernelCpuSpeedReader: Failed to read cpu-freq: /sys/devices/system/cpu/cpu0/cpufreq/stats/time_in_state: open failed: ENOENT (No such file or directory)
04-26 16:31:42.875  1221  1458 V SettingsProvider: name : status_inactivewakeup appId : 1000
04-26 16:31:42.878  1221  1221 V SettingsProvider: Notifying for 0: content://settings/system/status_inactivewakeup
04-26 16:31:42.978  1221  1458 V SettingsProvider: name : status_inactivewakeup appId : 1000
04-26 16:31:43.187  1221  4978 I ActivityTaskManager: Activity requesting to dismiss Keyguard: ActivityRecord{6a53c3b u0 com.google.android.googlequicksearchbox/com.google.android.apps.gsa.staticplugins.opa.samson.activity.OpaAmbActivity t906}
04-26 16:31:43.187  1221  4978 V SettingsProvider: name : status_inactivewakeup appId : 1000
04-26 16:31:43.189  1221  1221 V SettingsProvider: Notifying for 0: content://settings/system/status_inactivewakeup
04-26 16:31:43.191  1680  1680 D KeyguardBouncer: show() - try to dismiss "Bouncer" directly.
04-26 16:31:44.255  1221  1246 V WindowOrientationListener: Proposed rotation changed!  proposedRotation=0, oldProposedRotation=-1
04-26 16:31:44.306  1221  1221 D AppOps  : checkOperation: uid reject #1 for code 87 uid 10125 package com.hmdglobal.support
04-26 16:31:44.339  1221  1255 I ActivityManager: Start proc 25165:com.hmdglobal.support/u0a125 for service {com.hmdglobal.support/androidx.work.impl.background.systemjob.SystemJobService}
04-26 16:31:44.340  1221  1255 D ActivityManager: handleProcessStartedLocked mDoneFinishBooting && app.pid != 0 ---> notifyProcessStart, app.processName = com.hmdglobal.support, app.info = ApplicationInfo{d08ef5 com.hmdglobal.support}, app.hostingType = service, getHostingName() = ComponentInfo{com.hmdglobal.support/androidx.work.impl.background.systemjob.SystemJobService}, getIntentFlag() = 0, getIsPackageRunning() = false, app = ProcessRecord{ad9b48a 25165:com.hmdglobal.support/u0a125}, getExtraData() = Bundle[{SERVICE_INTENT=Intent { cmp=com.hmdglobal.support/androidx.work.impl.background.systemjob.SystemJobService }, CALLER_PACKAGE=android}]
04-26 16:31:44.357  1221  4431 V ActivityManager: New death recipient com.android.server.am.ActivityManagerService$AppDeathRecipient@701afb for thread android.os.BinderProxy@1162718, pid:25165,mApp:null
04-26 16:31:44.358  1221  1458 V SettingsProvider: name : status_inactivewakeup appId : 1000
04-26 16:31:44.359  1221  4978 V SettingsProvider: name : status_inactivewakeup appId : 1000
04-26 16:31:44.363  1221  1221 V SettingsProvider: Notifying for 0: content://settings/system/status_inactivewakeup
04-26 16:31:44.464  1221  1458 V SettingsProvider: name : status_inactivewakeup appId : 1000
04-26 16:31:44.572  1221  1458 V SettingsProvider: name : status_inactivewakeup appId : 1000
04-26 16:31:44.580  1221  5737 V SettingsProvider: packageValueForCallResult, name = sqlite_compatibility_wal_flags, value : Bundle[{_track_generation=android.util.MemoryIntArray@74, value=, _generation_index=0, _generation=890}]
04-26 16:31:44.632  1221  4978 V SettingsProvider: packageValueForCallResult, name = android_id, value : Bundle[{_track_generation=android.util.MemoryIntArray@74, value=e7d07afe2046e24a, _generation_index=2, _generation=2290}]
04-26 16:31:44.675  1221  1458 V SettingsProvider: name : status_inactivewakeup appId : 1000
04-26 16:31:44.718  1221  5737 D AppOps  : checkOperation: uid reject #1 for code 87 uid 10125 package com.hmdglobal.support
04-26 16:31:44.720  1221  5737 D AppOps  : checkOperation: uid reject #1 for code 87 uid 10125 package com.hmdglobal.support
04-26 16:31:44.750  1221  5737 V SettingsProvider: name : status_inactivewakeup appId : 1000
04-26 16:31:44.782  1221  1458 V SettingsProvider: name : status_inactivewakeup appId : 1000
04-26 16:31:44.888  1221  1458 V SettingsProvider: name : status_inactivewakeup appId : 1000
04-26 16:31:44.967  1221  5737 D MtkConnectivityService: requestNetwork for uid/pid:10125/25165 NetworkRequest [ TRACK_DEFAULT id=7260, [ Capabilities: INTERNET&NOT_RESTRICTED&TRUSTED Uid: 10125] ]
04-26 16:31:44.995  1221  1458 V SettingsProvider: name : status_inactivewakeup appId : 1000
04-26 16:31:45.059  1221  4978 V SettingsProvider: name : status_inactivewakeup appId : 1000
04-26 16:31:45.100  1221  1458 V SettingsProvider: name : status_inactivewakeup appId : 1000
04-26 16:31:45.208  1221  1458 I chatty  : uid=1000(system) InputDispatcher identical 1 line
04-26 16:31:45.312  1221  1458 V SettingsProvider: name : status_inactivewakeup appId : 1000
04-26 16:31:45.397  1221  4978 D ActivityManager: Package [com.hmdglobal.support] have process
04-26 16:31:45.418  1221  1458 V SettingsProvider: name : status_inactivewakeup appId : 1000
04-26 16:31:45.451  1221  4431 V SettingsProvider: name : status_inactivewakeup appId : 1000
04-26 16:31:45.502  1221  1255 I ActivityManager: Start proc 25253:com.google.android.webview:sandboxed_process0:org.chromium.content.app.SandboxedProcessService0:0/u0i251 for  {com.hmdglobal.support/org.chromium.content.app.SandboxedProcessService0:0}
04-26 16:31:45.502  1221  1255 D ActivityManager: handleProcessStartedLocked mDoneFinishBooting && app.pid != 0 ---> notifyProcessStart, app.processName = com.google.android.webview:sandboxed_process0:org.chromium.content.app.SandboxedProcessService0:0, app.info = ApplicationInfo{e46c754 com.hmdglobal.support}, app.hostingType = , getHostingName() = null, getIntentFlag() = 0, getIsPackageRunning() = true, app = ProcessRecord{3d6a6fd 25253:com.google.android.webview:sandboxed_process0:org.chromium.content.app.SandboxedProcessService0:0/u0a125i251}, getExtraData() = Bundle[{SERVICE_INTENT=Intent { cmp=com.hmdglobal.support/org.chromium.content.app.SandboxedProcessService0:0 }, CALLER_PACKAGE=com.hmdglobal.support}]
04-26 16:31:45.525  1221  1458 V SettingsProvider: name : status_inactivewakeup appId : 1000
04-26 16:31:45.598  1221  4431 V SettingsProvider: name : status_inactivewakeup appId : 1000
04-26 16:31:45.631  1221  1458 V SettingsProvider: name : status_inactivewakeup appId : 1000
04-26 16:31:45.736  1221  1458 V SettingsProvider: name : status_inactivewakeup appId : 1000
04-26 16:31:45.820  1221  4431 V SettingsProvider: packageValueForCallResult, name = show_password, value : Bundle[{_track_generation=android.util.MemoryIntArray@74, value=0, _generation_index=3, _generation=681}]
04-26 16:31:45.844  1221  1458 V SettingsProvider: name : status_inactivewakeup appId : 1000
04-26 16:31:45.845  1221  4431 V SettingsProvider: name : status_inactivewakeup appId : 1000
04-26 16:31:45.857  1221  4431 D MtkConnectivityService: requestNetwork for uid/pid:10125/25165 NetworkRequest [ TRACK_DEFAULT id=7261, [ Capabilities: INTERNET&NOT_RESTRICTED&TRUSTED Uid: 10125] ]
04-26 16:31:45.907  1221  1745 V ActivityManager: New death recipient com.android.server.am.ActivityManagerService$AppDeathRecipient@454ad84 for thread android.os.BinderProxy@d04496d, pid:25253,mApp:null
04-26 16:31:46.232  1221  1464 I BatteryService: shutdownIfLowCurrentLocked batteryLevel = 92 , hasChargingCurrent = true(isPowered=true,batteryCurrent=252,hardware=mt6771) , hitShutdownVoltage = true(batteryVoltage=4324,mBatteryMinVoltage=-1) , isSystemReady = true
04-26 16:31:46.259  1221  7845 D MtkConnectivityService: requestNetwork for uid/pid:10125/25165 NetworkRequest [ TRACK_DEFAULT id=7263, [ Capabilities: INTERNET&NOT_RESTRICTED&TRUSTED Uid: 10125] ]
04-26 16:31:46.326  1221  4978 I LockSettingsService: Resetting lockout, length: 69
04-26 16:31:46.326  1221  4978 I LockSettingsService: Unlocking user 0 with secret only, length 64
04-26 16:31:46.326  1221  4978 I LockSettingsService: Disabling escrow token on user 0
04-26 16:31:46.328  1221  4978 I LockSettingsService: Caching SP for user 0
04-26 16:31:46.331  1221  1221 I LockSettingsService: Removing SP from cache for user 0
04-26 16:31:46.454  1221  1246 V WindowOrientationListener: Proposed rotation changed!  proposedRotation=0, oldProposedRotation=-1
04-26 16:31:46.553  1221  1248 W UsageStatsService: Event reported without a package name, eventType:18
04-26 16:31:46.600  1221  1515 I WindowManager: Relayout Window{8479aa6 u0 com.android.settings/cust.settings.deviceinfo.MtpEnableActivity}: oldVis=8 newVis=0 focusMayChange = true
04-26 16:31:46.651  1221  2639 W BroadcastQueue: Background execution not allowed: receiving Intent { act=android.intent.action.USER_PRESENT flg=0x24200010 } to com.android.chrome/org.chromium.chrome.browser.sharing.click_to_call.ClickToCallMessageHandler$PhoneUnlockedReceiver
04-26 16:31:46.730  1221  1254 W BroadcastQueue: Background execution not allowed: receiving Intent { act=android.intent.action.USER_PRESENT flg=0x24200010 } to com.google.android.gms/.auth.setup.devicesignals.LockScreenReceiver
04-26 16:31:46.730  1221  1254 W BroadcastQueue: Background execution not allowed: receiving Intent { act=android.intent.action.USER_PRESENT flg=0x24200010 } to com.google.android.gms/.chimera.GmsIntentOperationService$PersistentTrustedReceiver
04-26 16:31:46.730  1221  1254 W BroadcastQueue: Background execution not allowed: receiving Intent { act=android.intent.action.USER_PRESENT flg=0x24200010 } to com.facebook.lite/com.facebook.rti.push.service.MqttSystemBroadcastReceiver
04-26 16:31:46.742  1221  1221 V FingerprintService: Stopping client com.android.systemui, fromClient: true
04-26 16:31:46.745  1221  1254 W BroadcastQueue: Background execution not allowed: receiving Intent { act=android.intent.action.USER_PRESENT flg=0x24200010 } to com.instagram.android/com.instagram.push.FbnsInitBroadcastReceiver
04-26 16:31:46.773  1221  1221 W FingerprintService: client com.android.systemui is no longer authenticating
04-26 16:31:46.773  1221  1221 V FingerprintService: handleError(client=com.android.systemui, error = 5)
04-26 16:31:46.774  1221  1221 V FingerprintService: Done with client: com.android.systemui
04-26 16:31:46.791  1221  7845 I WindowManager: Relayout Window{2a79dea u0 com.android.settings/com.android.settings.Settings$DevelopmentSettingsDashboardActivity}: oldVis=8 newVis=0 focusMayChange = true
04-26 16:31:46.819  1221  4978 I WindowManager: Relayout Window{54e6094 u0 com.android.settings/cust.settings.deviceinfo.MtpEnableActivity}: oldVis=4 newVis=0 focusMayChange = true
04-26 16:31:47.297  1221  1249 D PowerManagerService: WAKE_LOCK_SCREEN_BRIGHT Change, RELEASE:
04-26 16:31:47.298  1221  1249 D PowerManagerService:   SCREEN_BRIGHT_WAKE_LOCK        'WindowManager' ON_AFTER_RELEASE ACQ=-36s901ms (uid=1000 pid=1221 ws=WorkSource{10133})
04-26 16:31:47.351  1221  1582 D MtkConnectivityService: releasing NetworkRequest [ TRACK_DEFAULT id=7263, [ Capabilities: INTERNET&NOT_RESTRICTED&TRUSTED Uid: 10125] ] (release request)
04-26 16:31:47.414  1221  1246 V WindowOrientationListener: Proposed rotation changed!  proposedRotation=0, oldProposedRotation=-1
04-26 16:31:47.674  1221  1246 V WindowOrientationListener: Proposed rotation changed!  proposedRotation=0, oldProposedRotation=-1
04-26 16:31:47.763  1221  4978 E NotificationService: Suppressing notification from package by user request.
04-26 16:31:47.974  1221  1246 V WindowOrientationListener: Proposed rotation changed!  proposedRotation=0, oldProposedRotation=-1
04-26 16:31:48.594  1221  1246 V WindowOrientationListener: Proposed rotation changed!  proposedRotation=0, oldProposedRotation=-1
04-26 16:31:48.828  1221  1458 V SettingsProvider: name : status_inactivewakeup appId : 1000
04-26 16:31:48.942  1221  1458 V SettingsProvider: name : status_inactivewakeup appId : 1000
04-26 16:31:48.979  1221  1245 D UsbDeviceManager: setEnabledFunctions functions=4, forceRestart=false, usbDataUnlocked=true
04-26 16:31:48.980  1221  1245 W RCMonitor: android.content.pm.PackageManager$NameNotFoundException: com.evenwell.remotecare
04-26 16:31:48.980  1221  1245 W RCMonitor: 	at android.app.ApplicationPackageManager.getPackageInfoAsUser(ApplicationPackageManager.java:192)
04-26 16:31:48.980  1221  1245 W RCMonitor: 	at android.app.ApplicationPackageManager.getPackageInfo(ApplicationPackageManager.java:161)
04-26 16:31:48.980  1221  1245 W RCMonitor: 	at com.fihtdc.server.utils.RCMonitor.checkRemoteCareInstalled(RCMonitor.java:188)
04-26 16:31:48.980  1221  1245 W RCMonitor: 	at com.fihtdc.server.utils.RCMonitor.getSettings(RCMonitor.java:172)
04-26 16:31:48.980  1221  1245 W RCMonitor: 	at com.fihtdc.server.utils.RCMonitor.isManaged(RCMonitor.java:139)
04-26 16:31:48.980  1221  1245 W RCMonitor: 	at com.fihtdc.server.utils.RCMonitor.readDB(RCMonitor.java:132)
04-26 16:31:48.980  1221  1245 W RCMonitor: 	at com.android.server.usb.fih.RemoteLockMonitor.isRemoteLockManagedEnable(RemoteLockMonitor.java:55)
04-26 16:31:48.980  1221  1245 W RCMonitor: 	at com.android.server.usb.UsbDeviceManager$UsbHandler.isAdbEnabled(UsbDeviceManager.java:1444)
04-26 16:31:48.980  1221  1245 W RCMonitor: 	at com.android.server.usb.UsbDeviceManager$UsbHandlerLegacy.applyAdbFunction(UsbDeviceManager.java:1843)
04-26 16:31:48.980  1221  1245 W RCMonitor: 	at com.android.server.usb.UsbDeviceManager$UsbHandlerLegacy.trySetEnabledFunctions(UsbDeviceManager.java:1857)
04-26 16:31:48.980  1221  1245 W RCMonitor: 	at com.android.server.usb.UsbDeviceManager$UsbHandlerLegacy.setEnabledFunctions(UsbDeviceManager.java:1783)
04-26 16:31:48.980  1221  1245 W RCMonitor: 	at com.android.server.usb.UsbDeviceManager$UsbHandler.handleMessage(UsbDeviceManager.java:1048)
04-26 16:31:48.980  1221  1245 W RCMonitor: 	at android.os.Handler.dispatchMessage(Handler.java:107)
04-26 16:31:48.980  1221  1245 W RCMonitor: 	at android.os.Looper.loop(Looper.java:214)
