04-26 16:29:21.328 21910 21910 W ContextImpl: Calling a method in the system process without a qualified user: android.app.ContextImpl.startActivity:940 android.app.ContextImpl.startActivity:929 android.content.ContextWrapper.startActivity:383 android.content.ContextWrapper.startActivity:383 cust.settings.deviceinfo.MtpEnableSettingReceiver.onReceive:67 
04-26 16:29:21.328  1221  7845 I ActivityTaskManager: START u0 {flg=0x10010000 cmp=com.android.settings/cust.settings.deviceinfo.MtpEnableActivity} from uid 1000
04-26 16:29:21.402  1221  4587 I WindowManager: Relayout Window{54e6094 u0 com.android.settings/cust.settings.deviceinfo.MtpEnableActivity}: oldVis=4 newVis=0 focusMayChange = true
04-26 16:29:21.413  1221  1464 I BatteryService: shutdownIfLowCurrentLocked batteryLevel = 91 , hasChargingCurrent = true(isPowered=true,batteryCurrent=189,hardware=mt6771) , hitShutdownVoltage = true(batteryVoltage=4379,mBatteryMinVoltage=-1) , isSystemReady = true
04-26 16:29:22.694  1221 22746 D AdbDebuggingManager: Received connected key message: QAAAAKfZDqbpwRPFq8yVlG6Y1OdnPVKoP2Ge3eWhP25cUdJBGClSFRB1ppZUv68db4YyHOWsReCcEHangD9GELkwjnrHTc8Fyr3zM9OMSX1fLkMU8oG65/+ZNgl+4VE5KhHBl5yke38ijTbJLkHJqjU0Emc+sl+C2aI+u+wNQXHJLcAMrFe0v6QL5jxCoqOzPh8ir6SJ94oc39BxnvC8kt0ieDBCb/3KcuwriVsCzeyGY2MlF0Wk4oMH7bcGhBfCGYXnXwhUK4uC5rlURuvB9mm58pOiwjkVqJrpfPumYFFdKS70FwDLsrYCCBbuG5OfVYE7p3Mi+moM68ccQFGC4QPbD4zi5sPYx0OMLBOzBg2Q6C/Nz3WmB0ZfKrCBNEdzlcqR/H/OVgkG5YGa/QyYj4u1/mSb1pNOJAuUHDUAEqvsfxjyxkZZFCn/EMgLxiNOQw+I1204Zm7UYxwAKicunEZsoDI7P2QTHJnnfZfhoJBfNZZdwmMcZXpPP3kDPc3vAfmAWBLv7IXWbv6qX0hgWa/PSfg46WIIpRCO55hOfolUnA5ganiDP0YXTpZxobtEql7NoOl64w7hxnArQI4esVKQNqbOxveQ7iXdmYr/2IkujxTl1NtCGTRDyLNUNaepecZinjJc0Ad8ZkCgAgORANHAsY7tE7i9PZFK7bl933UkTDidxYl4AAEAAQA= oem@oem-Latitude-3410
04-26 16:29:22.694  1221  1245 D AdbDebuggingManager: Logging key QAAAAKfZDqbpwRPFq8yVlG6Y1OdnPVKoP2Ge3eWhP25cUdJBGClSFRB1ppZUv68db4YyHOWsReCcEHangD9GELkwjnrHTc8Fyr3zM9OMSX1fLkMU8oG65/+ZNgl+4VE5KhHBl5yke38ijTbJLkHJqjU0Emc+sl+C2aI+u+wNQXHJLcAMrFe0v6QL5jxCoqOzPh8ir6SJ94oc39BxnvC8kt0ieDBCb/3KcuwriVsCzeyGY2MlF0Wk4oMH7bcGhBfCGYXnXwhUK4uC5rlURuvB9mm58pOiwjkVqJrpfPumYFFdKS70FwDLsrYCCBbuG5OfVYE7p3Mi+moM68ccQFGC4QPbD4zi5sPYx0OMLBOzBg2Q6C/Nz3WmB0ZfKrCBNEdzlcqR/H/OVgkG5YGa/QyYj4u1/mSb1pNOJAuUHDUAEqvsfxjyxkZZFCn/EMgLxiNOQw+I1204Zm7UYxwAKicunEZsoDI7P2QTHJnnfZfhoJBfNZZdwmMcZXpPP3kDPc3vAfmAWBLv7IXWbv6qX0hgWa/PSfg46WIIpRCO55hOfolUnA5ganiDP0YXTpZxobtEql7NoOl64w7hxnArQI4esVKQNqbOxveQ7iXdmYr/2IkujxTl1NtCGTRDyLNUNaepecZinjJc0Ad8ZkCgAgORANHAsY7tE7i9PZFK7bl933UkTDidxYl4AAEAAQA= oem@oem-Latitude-3410, state = 4, alwaysAllow = true, lastConnectionTime = 1619434762694, authWindow = 604800000
04-26 16:29:23.605  1221  1260 E KernelCpuSpeedReader: Failed to read cpu-freq: /sys/devices/system/cpu/cpu4/cpufreq/stats/time_in_state: open failed: ENOENT (No such file or directory)
04-26 16:29:23.605  1221  1260 E KernelCpuSpeedReader: Failed to read cpu-freq: /sys/devices/system/cpu/cpu0/cpufreq/stats/time_in_state: open failed: ENOENT (No such file or directory)
04-26 16:29:26.220  1221  1464 I BatteryService: shutdownIfLowCurrentLocked batteryLevel = 91 , hasChargingCurrent = true(isPowered=true,batteryCurrent=546,hardware=mt6771) , hitShutdownVoltage = true(batteryVoltage=4379,mBatteryMinVoltage=-1) , isSystemReady = true
--------- beginning of main
04-26 16:29:40.631  1680  1680 I DataSaverController: registerReceiver() :  postDelayed Runnable 30000
04-26 16:29:41.857  2716  2716 W ll.PowerMonitor: type=1400 audit(0.0:218093): avc: denied { search } for name="battery" dev="sysfs" ino=10542 scontext=u:r:system_app:s0 tcontext=u:object_r:sysfs_batteryinfo:s0 tclass=dir permissive=0
04-26 16:29:42.057  1221  1535 E WifiVendorHal: getWifiLinkLayerStats_1_3_Internal(l.927) failed {.code = ERROR_NOT_SUPPORTED, .description = }
04-26 16:29:42.080  1680  1680 D NetworkController.WifiSignalController: Change in state from: this=125166008,connected=true,enabled=true,level=4,inetCondition=1,iconGroup=IconGroup(Wi-Fi Icons),activityIn=true,activityOut=true,rssi=-55,lastModified=04-26 16:29:39,ssid="Binatone",isTransient=false,statusLabel=null
04-26 16:29:42.080  1680  1680 D NetworkController.WifiSignalController:                   to: this=71785361,connected=true,enabled=true,level=4,inetCondition=1,iconGroup=IconGroup(Wi-Fi Icons),activityIn=true,activityOut=false,rssi=-55,lastModified=04-26 16:29:39,ssid="Binatone",isTransient=false,statusLabel=null
04-26 16:29:43.521 11926 12003 W A       : Weather data could not be extracted from Zerostate response
04-26 16:29:43.524 11926 12003 W OpaSSRequestSender: Failed to get ZeroStateResponse from AssistantClientSyncWorker with error java.util.concurrent.TimeoutException
04-26 16:29:43.524 11926 12003 W OpaSSRequestSender: java.util.concurrent.TimeoutException
04-26 16:29:43.524 11926 12003 W OpaSSRequestSender: 	at com.google.android.apps.gsa.shared.util.c.y.run(Unknown Source:2)
04-26 16:29:43.524 11926 12003 W OpaSSRequestSender: 	at com.google.android.libraries.gsa.k.a.k.run(Unknown Source:2)
04-26 16:29:43.524 11926 12003 W OpaSSRequestSender: 	at com.google.android.apps.gsa.shared.util.c.a.bx.a(SourceFile:1)
04-26 16:29:43.524 11926 12003 W OpaSSRequestSender: 	at com.google.android.apps.gsa.shared.util.c.a.ca.run(SourceFile:1)
04-26 16:29:43.524 11926 12003 W OpaSSRequestSender: 	at java.util.concurrent.Executors$RunnableAdapter.call(Executors.java:462)
04-26 16:29:43.524 11926 12003 W OpaSSRequestSender: 	at java.util.concurrent.FutureTask.run(FutureTask.java:266)
04-26 16:29:43.524 11926 12003 W OpaSSRequestSender: 	at com.google.android.libraries.g.w.run(Unknown Source:1)
04-26 16:29:43.524 11926 12003 W OpaSSRequestSender: 	at java.util.concurrent.ThreadPoolExecutor.runWorker(ThreadPoolExecutor.java:1167)
04-26 16:29:43.524 11926 12003 W OpaSSRequestSender: 	at java.util.concurrent.ThreadPoolExecutor$Worker.run(ThreadPoolExecutor.java:641)
04-26 16:29:43.524 11926 12003 W OpaSSRequestSender: 	at com.google.android.libraries.g.q.run(Unknown Source:2)
04-26 16:29:43.524 11926 12003 W OpaSSRequestSender: 	at com.google.android.libraries.g.d.run(Unknown Source:2)
04-26 16:29:43.524 11926 12003 W OpaSSRequestSender: 	at java.lang.Thread.run(Thread.java:919)
04-26 16:29:43.733  1680  1862 D NetworkTypeUtils: nrState = -1
04-26 16:29:43.861  2716  2716 W ll.PowerMonitor: type=1400 audit(0.0:218094): avc: denied { search } for name="battery" dev="sysfs" ino=10542 scontext=u:r:system_app:s0 tcontext=u:object_r:sysfs_batteryinfo:s0 tclass=dir permissive=0
04-26 16:29:44.141  1680  1862 D NetworkTypeUtils: nrState = -1
04-26 16:29:45.079   937   937 I thermal_repeater: [recvMdThermalInfo] ret=29, strLen=127,  3, 43, -50, -28366, 32767, 0
04-26 16:29:45.081  1221  1535 E WifiVendorHal: getWifiLinkLayerStats_1_3_Internal(l.927) failed {.code = ERROR_NOT_SUPPORTED, .description = }
04-26 16:29:45.104  1680  1680 D NetworkController.WifiSignalController: Change in state from: this=125166008,connected=true,enabled=true,level=4,inetCondition=1,iconGroup=IconGroup(Wi-Fi Icons),activityIn=true,activityOut=false,rssi=-55,lastModified=04-26 16:29:42,ssid="Binatone",isTransient=false,statusLabel=null
04-26 16:29:45.104  1680  1680 D NetworkController.WifiSignalController:                   to: this=71785361,connected=true,enabled=true,level=4,inetCondition=1,iconGroup=IconGroup(Wi-Fi Icons),activityIn=false,activityOut=false,rssi=-55,lastModified=04-26 16:29:42,ssid="Binatone",isTransient=false,statusLabel=null
04-26 16:29:45.865  2716  2716 W ll.PowerMonitor: type=1400 audit(0.0:218095): avc: denied { search } for name="battery" dev="sysfs" ino=10542 scontext=u:r:system_app:s0 tcontext=u:object_r:sysfs_batteryinfo:s0 tclass=dir permissive=0
04-26 16:29:47.865  2716  2716 W ll.PowerMonitor: type=1400 audit(0.0:218096): avc: denied { search } for name="battery" dev="sysfs" ino=10542 scontext=u:r:system_app:s0 tcontext=u:object_r:sysfs_batteryinfo:s0 tclass=dir permissive=0
04-26 16:29:48.105  1221  1535 E WifiVendorHal: getWifiLinkLayerStats_1_3_Internal(l.927) failed {.code = ERROR_NOT_SUPPORTED, .description = }
04-26 16:29:48.853  1680  1862 D NetworkTypeUtils: nrState = -1
04-26 16:29:49.261  1680  1862 D NetworkTypeUtils: nrState = -1
04-26 16:29:49.869  2716  2716 W ll.PowerMonitor: type=1400 audit(0.0:218097): avc: denied { search } for name="battery" dev="sysfs" ino=10542 scontext=u:r:system_app:s0 tcontext=u:object_r:sysfs_batteryinfo:s0 tclass=dir permissive=0
04-26 16:29:51.130  1221  1535 E WifiVendorHal: getWifiLinkLayerStats_1_3_Internal(l.927) failed {.code = ERROR_NOT_SUPPORTED, .description = }
04-26 16:29:51.873  2716  2716 W ll.PowerMonitor: type=1400 audit(0.0:218098): avc: denied { search } for name="battery" dev="sysfs" ino=10542 scontext=u:r:system_app:s0 tcontext=u:object_r:sysfs_batteryinfo:s0 tclass=dir permissive=0
04-26 16:29:52.665 12777 24999 I ThreadHelper: Checking multiple alive threads for: com.martianmode.applock.MAIN_THREAD
04-26 16:29:52.820  1221  1246 V WindowOrientationListener: Proposed rotation changed!  proposedRotation=0, oldProposedRotation=-1
04-26 16:29:53.877  2716  2716 W ll.PowerMonitor: type=1400 audit(0.0:218099): avc: denied { search } for name="battery" dev="sysfs" ino=10542 scontext=u:r:system_app:s0 tcontext=u:object_r:sysfs_batteryinfo:s0 tclass=dir permissive=0
04-26 16:29:53.973  1680  1862 D NetworkTypeUtils: nrState = -1
04-26 16:29:54.149  1221  1535 E WifiVendorHal: getWifiLinkLayerStats_1_3_Internal(l.927) failed {.code = ERROR_NOT_SUPPORTED, .description = }
04-26 16:29:54.161  1680  1680 D NetworkController.WifiSignalController: Change in state from: this=125166008,connected=true,enabled=true,level=4,inetCondition=1,iconGroup=IconGroup(Wi-Fi Icons),activityIn=false,activityOut=false,rssi=-55,lastModified=04-26 16:29:45,ssid="Binatone",isTransient=false,statusLabel=null
04-26 16:29:54.161  1680  1680 D NetworkController.WifiSignalController:                   to: this=71785361,connected=true,enabled=true,level=4,inetCondition=1,iconGroup=IconGroup(Wi-Fi Icons),activityIn=true,activityOut=true,rssi=-55,lastModified=04-26 16:29:45,ssid="Binatone",isTransient=false,statusLabel=null
04-26 16:29:54.381  1680  1862 D NetworkTypeUtils: nrState = -1
04-26 16:29:55.096   937   937 I thermal_repeater: [recvMdThermalInfo] ret=29, strLen=127,  3, 43, -50, -28366, 32767, 0
04-26 16:29:55.881  2716  2716 W ll.PowerMonitor: type=1400 audit(0.0:218100): avc: denied { search } for name="battery" dev="sysfs" ino=10542 scontext=u:r:system_app:s0 tcontext=u:object_r:sysfs_batteryinfo:s0 tclass=dir permissive=0
04-26 16:29:57.161  1221  1535 E WifiVendorHal: getWifiLinkLayerStats_1_3_Internal(l.927) failed {.code = ERROR_NOT_SUPPORTED, .description = }
04-26 16:29:57.188  1680  1862 D NetworkController.WifiSignalController: Change in state from: this=125166008,connected=true,enabled=true,level=4,inetCondition=1,iconGroup=IconGroup(Wi-Fi Icons),activityIn=true,activityOut=true,rssi=-55,lastModified=04-26 16:29:54,ssid="Binatone",isTransient=false,statusLabel=null
04-26 16:29:57.188  1680  1862 D NetworkController.WifiSignalController:                   to: this=71785361,connected=true,enabled=true,level=3,inetCondition=1,iconGroup=IconGroup(Wi-Fi Icons),activityIn=true,activityOut=true,rssi=-56,lastModified=04-26 16:29:54,ssid="Binatone",isTransient=false,statusLabel=null
04-26 16:29:57.194  1680  1680 D CustomizeUtils: getConfig() : srsId = F_FIH_DISABLE_STATUS_BAR_SCALE result = true type = bool pkg = com.android.systemui
04-26 16:29:57.195  3756  3940 I CarrierServices: [204] byw.e: (PEv2-SM-61640623): ConfiguredState: event Connectivity event [null]
04-26 16:29:57.198  1680  1680 D CustomizeUtils: getConfig() : srsId = F_USE_SMALL_PADDING_ICON result = true type = bool pkg = com.android.systemui
04-26 16:29:57.200  1680  1680 D CustomizeUtils: getConfig() : srsId = F_FIH_DISABLE_STATUS_BAR_SCALE result = true type = bool pkg = com.android.systemui
04-26 16:29:57.202  1680  1680 D CustomizeUtils: getConfig() : srsId = F_USE_SMALL_PADDING_ICON result = true type = bool pkg = com.android.systemui
04-26 16:29:57.203  1680  1680 D CustomizeUtils: getConfig() : srsId = F_FIH_DISABLE_STATUS_BAR_SCALE result = true type = bool pkg = com.android.systemui
04-26 16:29:57.206  3756  3945 I CarrierServices: [206] bso.d: Connected state: [1], networkType: [WIFI]
04-26 16:29:57.208  1680  1680 D CustomizeUtils: getConfig() : srsId = F_USE_SMALL_PADDING_ICON result = true type = bool pkg = com.android.systemui
04-26 16:29:57.210  1680  1680 D CustomizeUtils: getConfig() : srsId = F_FIH_DISABLE_STATUS_BAR_SCALE result = true type = bool pkg = com.android.systemui
04-26 16:29:57.213  1680  1680 D CustomizeUtils: getConfig() : srsId = F_USE_SMALL_PADDING_ICON result = true type = bool pkg = com.android.systemui
04-26 16:29:57.215  3756  3963 I CarrierServices: [222] bse.f: (RCS): [WiFi]: Set IP address (wlan0, ipv4): redacted-pii:ip_address[13-chars]
04-26 16:29:57.222  3756  3946 I CarrierServices: [207] cfd.a: Rcs is enabled from user settings: true
04-26 16:29:57.226  3756  3963 E CarrierServices: [222] bse.f: (RCS): [VPN]: NetworkType 17 not found.
04-26 16:29:57.235   496  1929 I BufferQueueProducer: [StatusBar#0](this:0x7f04b71000,id:6,api:1,p:1680,c:496) queueBuffer: fps=0.11 dur=18129.60 max=18113.93 min=15.67
04-26 16:29:57.242   451  2701 I hwcomposer: [HWCDisplay] [Display_0 (type:1)] fps:0.110357,dur:18123.03,max:18109.35,min:13.68  
04-26 16:29:57.881  2716  2716 W ll.PowerMonitor: type=1400 audit(0.0:218101): avc: denied { search } for name="battery" dev="sysfs" ino=10542 scontext=u:r:system_app:s0 tcontext=u:object_r:sysfs_batteryinfo:s0 tclass=dir permissive=0
04-26 16:29:59.092  1680  1862 D NetworkTypeUtils: nrState = -1
04-26 16:29:59.501  1680  1862 D NetworkTypeUtils: nrState = -1
04-26 16:29:59.885  2716  2716 W ll.PowerMonitor: type=1400 audit(0.0:218102): avc: denied { search } for name="battery" dev="sysfs" ino=10542 scontext=u:r:system_app:s0 tcontext=u:object_r:sysfs_batteryinfo:s0 tclass=dir permissive=0
04-26 16:30:00.002  1680  1680 D SystemUIUpdateMonitor: run() curMinutes = 26990580 mLastMinute = 26990577
04-26 16:30:00.002  1680  1680 D SystemUIUpdateMonitor: setTimeHandler() mTimeTICK_receiver.size() = 4
04-26 16:30:00.002  1680  1680 D SystemUIUpdateMonitor: setTimeHandler() newDelay = 59998
04-26 16:30:00.025   496  1929 I BufferQueueProducer: [StatusBar#0](this:0x7f04b71000,id:6,api:1,p:1680,c:496) queueBuffer: fps=0.72 dur=2789.90 max=2777.36 min=12.54
04-26 16:30:00.050   451  2701 I hwcomposer: [HWCDisplay] [Display_0 (type:1)] fps:0.712253,dur:2807.99,max:2793.29,min:14.70  
04-26 16:30:00.189  1221  1535 E WifiVendorHal: getWifiLinkLayerStats_1_3_Internal(l.927) failed {.code = ERROR_NOT_SUPPORTED, .description = }
04-26 16:30:00.208  1680  1680 D NetworkController.WifiSignalController: Change in state from: this=125166008,connected=true,enabled=true,level=3,inetCondition=1,iconGroup=IconGroup(Wi-Fi Icons),activityIn=true,activityOut=true,rssi=-56,lastModified=04-26 16:29:57,ssid="Binatone",isTransient=false,statusLabel=null
04-26 16:30:00.208  1680  1680 D NetworkController.WifiSignalController:                   to: this=71785361,connected=true,enabled=true,level=3,inetCondition=1,iconGroup=IconGroup(Wi-Fi Icons),activityIn=false,activityOut=false,rssi=-56,lastModified=04-26 16:29:57,ssid="Binatone",isTransient=false,statusLabel=null
04-26 16:30:01.862  1221  1251 D AES     : AEEIOCTL_GET/SET_SF_STATE IOCTL,cmd= 1074294797, lParam=0. 
04-26 16:30:01.862  1221  1251 D AES     : AEEIOCTL_RT_MON_Kick IOCTL,cmd= 2147774474, lParam=300. 
04-26 16:30:01.889  2716  2716 W ll.PowerMonitor: type=1400 audit(0.0:218103): avc: denied { search } for name="battery" dev="sysfs" ino=10542 scontext=u:r:system_app:s0 tcontext=u:object_r:sysfs_batteryinfo:s0 tclass=dir permissive=0
04-26 16:30:03.209  1221  1535 E WifiVendorHal: getWifiLinkLayerStats_1_3_Internal(l.927) failed {.code = ERROR_NOT_SUPPORTED, .description = }
04-26 16:30:03.893  2716  2716 W ll.PowerMonitor: type=1400 audit(0.0:218104): avc: denied { search } for name="battery" dev="sysfs" ino=10542 scontext=u:r:system_app:s0 tcontext=u:object_r:sysfs_batteryinfo:s0 tclass=dir permissive=0
04-26 16:30:04.213  1680  1862 D NetworkTypeUtils: nrState = -1
04-26 16:30:04.621  1680  1862 D NetworkTypeUtils: nrState = -1
04-26 16:30:05.111   937   937 I thermal_repeater: [recvMdThermalInfo] ret=29, strLen=127,  3, 43, -50, -28366, 32767, 0
04-26 16:30:05.893  2716  2716 W ll.PowerMonitor: type=1400 audit(0.0:218105): avc: denied { search } for name="battery" dev="sysfs" ino=10542 scontext=u:r:system_app:s0 tcontext=u:object_r:sysfs_batteryinfo:s0 tclass=dir permissive=0
04-26 16:30:06.225  1221  1535 E WifiVendorHal: getWifiLinkLayerStats_1_3_Internal(l.927) failed {.code = ERROR_NOT_SUPPORTED, .description = }
04-26 16:30:07.897  2716  2716 W ll.PowerMonitor: type=1400 audit(0.0:218106): avc: denied { search } for name="battery" dev="sysfs" ino=10542 scontext=u:r:system_app:s0 tcontext=u:object_r:sysfs_batteryinfo:s0 tclass=dir permissive=0
04-26 16:30:09.241  1221  1535 E WifiVendorHal: getWifiLinkLayerStats_1_3_Internal(l.927) failed {.code = ERROR_NOT_SUPPORTED, .description = }
04-26 16:30:09.266  3756  3940 I CarrierServices: [204] byw.e: (PEv2-SM-61640623): ConfiguredState: event Connectivity event [null]
04-26 16:30:09.276  1680  1862 D NetworkController.WifiSignalController: Change in state from: this=125166008,connected=true,enabled=true,level=3,inetCondition=1,iconGroup=IconGroup(Wi-Fi Icons),activityIn=false,activityOut=false,rssi=-56,lastModified=04-26 16:30:00,ssid="Binatone",isTransient=false,statusLabel=null
04-26 16:30:09.276  1680  1862 D NetworkController.WifiSignalController:                   to: this=71785361,connected=true,enabled=true,level=4,inetCondition=1,iconGroup=IconGroup(Wi-Fi Icons),activityIn=false,activityOut=false,rssi=-54,lastModified=04-26 16:30:00,ssid="Binatone",isTransient=false,statusLabel=null
04-26 16:30:09.277  1680  1680 D CustomizeUtils: getConfig() : srsId = F_FIH_DISABLE_STATUS_BAR_SCALE result = true type = bool pkg = com.android.systemui
04-26 16:30:09.278  3756  3945 I CarrierServices: [206] bso.d: Connected state: [1], networkType: [WIFI]
04-26 16:30:09.279  3756  3963 I CarrierServices: [222] bse.f: (RCS): [WiFi]: Set IP address (wlan0, ipv4): redacted-pii:ip_address[13-chars]
04-26 16:30:09.282  1680  1680 D CustomizeUtils: getConfig() : srsId = F_USE_SMALL_PADDING_ICON result = true type = bool pkg = com.android.systemui
04-26 16:30:09.284  1680  1680 D CustomizeUtils: getConfig() : srsId = F_FIH_DISABLE_STATUS_BAR_SCALE result = true type = bool pkg = com.android.systemui
04-26 16:30:09.286  3756  3963 E CarrierServices: [222] bse.f: (RCS): [VPN]: NetworkType 17 not found.
04-26 16:30:09.289  1680  1680 D CustomizeUtils: getConfig() : srsId = F_USE_SMALL_PADDING_ICON result = true type = bool pkg = com.android.systemui
04-26 16:30:09.290  1680  1680 D CustomizeUtils: getConfig() : srsId = F_FIH_DISABLE_STATUS_BAR_SCALE result = true type = bool pkg = com.android.systemui
04-26 16:30:09.294  1680  1680 D CustomizeUtils: getConfig() : srsId = F_USE_SMALL_PADDING_ICON result = true type = bool pkg = com.android.systemui
04-26 16:30:09.295  1680  1680 D CustomizeUtils: getConfig() : srsId = F_FIH_DISABLE_STATUS_BAR_SCALE result = true type = bool pkg = com.android.systemui
04-26 16:30:09.296  3756  3946 I CarrierServices: [207] cfd.a: Rcs is enabled from user settings: true
04-26 16:30:09.302  1680  1680 D CustomizeUtils: getConfig() : srsId = F_USE_SMALL_PADDING_ICON result = true type = bool pkg = com.android.systemui
04-26 16:30:09.333   496  1929 I BufferQueueProducer: [StatusBar#0](this:0x7f04b71000,id:6,api:1,p:1680,c:496) queueBuffer: fps=0.32 dur=9307.37 max=9270.43 min=17.10
04-26 16:30:09.334  1680  1862 D NetworkTypeUtils: nrState = -1
04-26 16:30:09.348   451  2701 I hwcomposer: [HWCDisplay] [Display_0 (type:1)] fps:0.322625,dur:9298.72,max:9271.70,min:10.43  
04-26 16:30:09.742  1680  1862 D NetworkTypeUtils: nrState = -1
04-26 16:30:09.901  2716  2716 W ll.PowerMonitor: type=1400 audit(0.0:218107): avc: denied { search } for name="battery" dev="sysfs" ino=10542 scontext=u:r:system_app:s0 tcontext=u:object_r:sysfs_batteryinfo:s0 tclass=dir permissive=0
04-26 16:30:10.632  1680  1680 I DataSaverController: registerReceiver() : Runnable call registerReceiver()
04-26 16:30:10.633  1680  1680 I DataSaverController: registerReceiver() : queryIntentServices = 0
04-26 16:30:10.633  1680  1680 I DataSaverController: registerReceiver() :  postDelayed Runnable 30000
04-26 16:29:54.659  1221  1246 I chatty  : uid=1000(system) android.ui identical 1 line
04-26 16:29:55.979  1221  1246 V WindowOrientationListener: Proposed rotation changed!  proposedRotation=0, oldProposedRotation=-1
04-26 16:30:11.294  1221  1264 V DisplayPowerController: Brightness [10] reason changing to: 'manual [ dim ]', previous reason: 'manual'.
04-26 16:30:11.313  1221  1671 D DisplayManagerService: Set backlight to 27
04-26 16:30:11.316   453   453 D lights  : write_int open fd=7
04-26 16:30:11.329  1221  1671 D DisplayManagerService: Set backlight to 24
04-26 16:30:11.346  1221  1671 D DisplayManagerService: Set backlight to 21
04-26 16:30:11.362  1221  1671 D DisplayManagerService: Set backlight to 18
04-26 16:30:11.378  1221  1671 D DisplayManagerService: Set backlight to 15
04-26 16:30:11.395  1221  1671 D DisplayManagerService: Set backlight to 12
04-26 16:30:11.411  1221  1671 D DisplayManagerService: Set backlight to 10
04-26 16:30:11.397   453   453 I chatty  : uid=1000(system) light@2.0-servi identical 5 lines
04-26 16:30:11.413   453   453 D lights  : write_int open fd=7
04-26 16:30:11.905  2716  2716 W ll.PowerMonitor: type=1400 audit(0.0:218108): avc: denied { search } for name="battery" dev="sysfs" ino=10542 scontext=u:r:system_app:s0 tcontext=u:object_r:sysfs_batteryinfo:s0 tclass=dir permissive=0
04-26 16:30:12.261  1221  1535 E WifiVendorHal: getWifiLinkLayerStats_1_3_Internal(l.927) failed {.code = ERROR_NOT_SUPPORTED, .description = }
04-26 16:30:12.276  1680  1680 D NetworkController.WifiSignalController: Change in state from: this=125166008,connected=true,enabled=true,level=4,inetCondition=1,iconGroup=IconGroup(Wi-Fi Icons),activityIn=false,activityOut=false,rssi=-54,lastModified=04-26 16:30:09,ssid="Binatone",isTransient=false,statusLabel=null
04-26 16:30:12.276  1680  1680 D NetworkController.WifiSignalController:                   to: this=71785361,connected=true,enabled=true,level=4,inetCondition=1,iconGroup=IconGroup(Wi-Fi Icons),activityIn=true,activityOut=true,rssi=-54,lastModified=04-26 16:30:09,ssid="Binatone",isTransient=false,statusLabel=null
04-26 16:30:12.908 12777 12789 I ianmode.apploc: Background concurrent copying GC freed 161541(6089KB) AllocSpace objects, 0(0B) LOS objects, 33% free, 11MB/17MB, paused 350us total 225.027ms
04-26 16:30:13.909  2716  2716 W ll.PowerMonitor: type=1400 audit(0.0:218109): avc: denied { search } for name="battery" dev="sysfs" ino=10542 scontext=u:r:system_app:s0 tcontext=u:object_r:sysfs_batteryinfo:s0 tclass=dir permissive=0
04-26 16:30:14.452  1680  1862 D NetworkTypeUtils: nrState = -1
04-26 16:30:14.861  1680  1862 D NetworkTypeUtils: nrState = -1
04-26 16:30:15.127   937   937 I thermal_repeater: [recvMdThermalInfo] ret=29, strLen=127,  3, 43, -50, -28366, 32767, 0
04-26 16:30:15.277  1221  1535 E WifiVendorHal: getWifiLinkLayerStats_1_3_Internal(l.927) failed {.code = ERROR_NOT_SUPPORTED, .description = }
04-26 16:30:15.290  1680  1680 D NetworkController.WifiSignalController: Change in state from: this=125166008,connected=true,enabled=true,level=4,inetCondition=1,iconGroup=IconGroup(Wi-Fi Icons),activityIn=true,activityOut=true,rssi=-54,lastModified=04-26 16:30:12,ssid="Binatone",isTransient=false,statusLabel=null
04-26 16:30:15.290  1680  1680 D NetworkController.WifiSignalController:                   to: this=71785361,connected=true,enabled=true,level=4,inetCondition=1,iconGroup=IconGroup(Wi-Fi Icons),activityIn=false,activityOut=false,rssi=-54,lastModified=04-26 16:30:12,ssid="Binatone",isTransient=false,statusLabel=null
04-26 16:30:15.909  2716  2716 W ll.PowerMonitor: type=1400 audit(0.0:218110): avc: denied { search } for name="battery" dev="sysfs" ino=10542 scontext=u:r:system_app:s0 tcontext=u:object_r:sysfs_batteryinfo:s0 tclass=dir permissive=0
04-26 16:30:17.913  2716  2716 W ll.PowerMonitor: type=1400 audit(0.0:218111): avc: denied { search } for name="battery" dev="sysfs" ino=10542 scontext=u:r:system_app:s0 tcontext=u:object_r:sysfs_batteryinfo:s0 tclass=dir permissive=0
04-26 16:30:18.293  1221  1535 E WifiVendorHal: getWifiLinkLayerStats_1_3_Internal(l.927) failed {.code = ERROR_NOT_SUPPORTED, .description = }
04-26 16:30:18.299  1221  1264 I PowerManagerService: Going to sleep due to timeout (uid 1000)...
04-26 16:30:18.299  1221  1221 W UsageStatsService: Event reported without a package name, eventType:16
04-26 16:30:18.301   496  1929 I BufferQueue: [unnamed-496-13563](this:0x7f1fb72000,id:13563,api:0,p:-1,c:-1) BufferQueue core=(496:/system/bin/surfaceflinger)
04-26 16:30:18.301   496  1929 I BufferQueueConsumer: [unnamed-496-13563](this:0x7f1fb72000,id:13563,api:0,p:-1,c:496) connect(C): consumer=(496:/system/bin/surfaceflinger) controlledByApp=false
04-26 16:30:18.301   496  1929 I BufferQueueConsumer: [unnamed-496-13563](this:0x7f1fb72000,id:13563,api:0,p:-1,c:496) setConsumerName: unnamed-496-13563
04-26 16:30:18.301   496  1929 I BufferQueueConsumer: [ColorFade#0](this:0x7f1fb72000,id:13563,api:0,p:-1,c:496) setConsumerName: ColorFade#0
04-26 16:30:18.301   496  1929 I BufferQueueConsumer: [ColorFade#0](this:0x7f1fb72000,id:13563,api:0,p:-1,c:496) setDefaultBufferSize: width=720 height=1520
04-26 16:30:18.308  1221  1264 E GraphicExt: GraphicExtModuleLoader::CreateGraphicExtInstance false
04-26 16:30:18.310  1221  1264 D Surface : Surface::connect(this=0x728c4f0000,api=1)
04-26 16:30:18.311   496   538 I BufferQueueProducer: [ColorFade#0](this:0x7f1fb72000,id:13563,api:1,p:1221,c:496) connect(P): api=1 producer=(1221:system_server) producerControlledByApp=false
04-26 16:30:18.313  1221  1264 D mali_winsys: EGLint new_window_surface(egl_winsys_display *, void *, EGLSurface, EGLConfig, egl_winsys_surface **, EGLBoolean) returns 0x3000
04-26 16:30:18.313  1221  1264 I BufferQueue: [unnamed-1221-256](this:0x728c589800,id:256,api:0,p:-1,c:-1) BufferQueue core=(1221:system_server)
04-26 16:30:18.313  1221  1264 I BufferQueueConsumer: [unnamed-1221-256](this:0x728c589800,id:256,api:0,p:-1,c:1221) connect(C): consumer=(1221:system_server) controlledByApp=true
04-26 16:30:18.314  1221  1264 I BufferQueueConsumer: [unnamed-1221-256](this:0x728c589800,id:256,api:0,p:-1,c:1221) setConsumerName: unnamed-1221-256
04-26 16:30:18.314  1221  1264 I BufferQueueConsumer: [SurfaceTexture-1-1221-237](this:0x728c589800,id:256,api:0,p:-1,c:1221) setConsumerName: SurfaceTexture-1-1221-237
04-26 16:30:18.314  1221  1264 E GraphicExt: GraphicExtModuleLoader::CreateGraphicExtInstance false
04-26 16:30:18.316   451  2701 I hwcomposer: [HWCDisplay] [Display_0 (type:1)] fps:0.223035,dur:8967.20,max:8953.99,min:13.21  
04-26 16:30:18.322   496   496 I SurfaceFlinger: screenshot (com.android.settings/com.android.settings.Settings$DevelopmentSettingsDashboardActivity#0)
04-26 16:30:18.322   496   496 I SurfaceFlinger: screenshot (Dim Layer for - Task=905#0)
04-26 16:30:18.322   496   496 I SurfaceFlinger: screenshot (com.android.settings/cust.settings.deviceinfo.MtpEnableActivity#0)
04-26 16:30:18.322   496   496 I SurfaceFlinger: screenshot (StatusBar#0)
04-26 16:30:18.322   496   496 I SurfaceFlinger: screenshot (NavigationBar0#0)
04-26 16:30:18.334  1221  1264 D Surface : Surface::connect(this=0x722f618000,api=2)
04-26 16:30:18.334  1221  1264 I BufferQueueProducer: [SurfaceTexture-1-1221-237](this:0x728c589800,id:256,api:2,p:1221,c:1221) connect(P): api=2 producer=(1221:system_server) producerControlledByApp=true
04-26 16:30:18.335  1221  1264 D Surface : Surface::disconnect(this=0x722f618000,api=2)
04-26 16:30:18.335  1221  1264 I BufferQueueProducer: [SurfaceTexture-1-1221-237](this:0x728c589800,id:256,api:2,p:1221,c:1221) disconnect(P): api 2
04-26 16:30:18.347   496   535 I BufferQueueProducer: [StatusBar#0](this:0x7f04b71000,id:6,api:1,p:1680,c:496) queueBuffer: fps=0.22 dur=9014.35 max=9000.32 min=14.03
04-26 16:30:18.392  1221  1264 V DisplayPowerController: Brightness [30] reason changing to: 'manual', previous reason: 'manual [ dim ]'.
04-26 16:30:18.526  1221  1671 D DisplayManagerService: Set backlight to 0
04-26 16:30:18.526  1221  1264 I DisplayPowerController: Blocking screen off
04-26 16:30:18.527  1221  1264 I DisplayPowerController: Unblocked screen off after 0 ms
04-26 16:30:18.528   453   453 D lights  : write_int open fd=7
04-26 16:30:18.529   960  1017 D PQ      : ccorr table index=0
04-26 16:30:18.529   960  1017 D PQ      : [PQ_SERVICE] setPQParamWithFilter configFlag: 1
04-26 16:30:18.536   496   496 I SurfaceFlinger: screenshot (Dim Layer for - Task=905#0)
04-26 16:30:18.536   496   496 I SurfaceFlinger: screenshot (com.android.settings/cust.settings.deviceinfo.MtpEnableActivity#0)
04-26 16:30:18.547  1221  1260 E KernelCpuSpeedReader: Failed to read cpu-freq: /sys/devices/system/cpu/cpu4/cpufreq/stats/time_in_state: open failed: ENOENT (No such file or directory)
04-26 16:30:18.548  1221  1260 E KernelCpuSpeedReader: Failed to read cpu-freq: /sys/devices/system/cpu/cpu0/cpufreq/stats/time_in_state: open failed: ENOENT (No such file or directory)
04-26 16:30:18.558   496   496 I SurfaceFlinger: screenshot (com.android.settings/com.android.settings.Settings$DevelopmentSettingsDashboardActivity#0)
04-26 16:30:18.564  1221  1264 D ActivityTaskManager: Top Process State changed to PROCESS_STATE_TOP_SLEEPING
04-26 16:30:18.567  1221  1264 D WindowOrientationListener: WindowOrientationListener disabled
04-26 16:30:18.571   493   493 I lowmemorykiller: 4 memory pressure events were skipped after a kill!
04-26 16:30:18.573  1221  1264 D Surface : Surface::disconnect(this=0x728c4f0000,api=1)
04-26 16:30:18.573   496   535 I BufferQueueProducer: [ColorFade#0](this:0x7f1fb72000,id:13563,api:1,p:1221,c:496) disconnect(P): api 1
04-26 16:30:18.575  1221  1264 V DisplayPowerController: Brightness [0] reason changing to: 'screen_off', previous reason: 'manual'.
04-26 16:30:18.577  1680  1680 D StatusBar: disable<e i a s b h r c s > disable2<q i n >
04-26 16:30:18.578  1221  1671 D DisplayManagerService: Set backlight to 0
04-26 16:30:18.579   496   496 D SurfaceFlinger: Setting power mode 0 on display 0
04-26 16:30:18.579   451  2701 I hwcomposer: [HWCDisplay] Display(0) SetPowerMode(0)  
04-26 16:30:18.596  1680  1680 D CustomizeUtils: getConfig() : srsId = F_FIH_ADJUST_NOTIFICATION_PADDING result = true type = bool pkg = com.android.systemui
04-26 16:30:18.596  1221  1248 I DisplayManagerService: Display device changed state: "Built-in Screen", OFF
04-26 16:30:18.596  1680  1680 D CustomizeUtils: getConfig() : srsId = F_FIH_ADJUST_NOTIFICATION_PADDING result = true type = bool pkg = com.android.systemui
04-26 16:30:18.597  1221 16122 I GED     : ged_boost_gpu_freq, level 100, eOrigin 2, final_idx 15, oppidx_max 15, oppidx_min 0
04-26 16:30:18.597  1680  1680 I StatusBarIconView: updateScaleClearTransp() scaledWidth=0.41666666 scaledHeight: 0.8333333
04-26 16:30:18.597  1680  1680 I StatusBarIconView: updateScaleClearTransp() scaleDependValue: 0.8333333
04-26 16:30:18.597  1680  1680 I StatusBarIconView: updateScaleClearTransp() scaled: 1.056
04-26 16:30:18.598  1680  1680 D CustomizeUtils: getConfig() : srsId = F_FIH_ADJUST_NOTIFICATION_PADDING result = true type = bool pkg = com.android.systemui
04-26 16:30:18.599  1680  1680 D CustomizeUtils: getConfig() : srsId = F_FIH_ADJUST_NOTIFICATION_PADDING result = true type = bool pkg = com.android.systemui
04-26 16:30:18.599  1680  1680 I StatusBarIconView: updateScaleClearTransp() scaledWidth=0.9583333 scaledHeight: 0.9375
04-26 16:30:18.600  1680  1680 I StatusBarIconView: updateScaleClearTransp() scaleDependValue: 0.9583333
04-26 16:30:18.600  1680  1680 I StatusBarIconView: updateScaleClearTransp() scaled: 0.9182609
04-26 16:30:18.600  1680  1680 D CustomizeUtils: getConfig() : srsId = F_FIH_ADJUST_NOTIFICATION_PADDING result = true type = bool pkg = com.android.systemui
04-26 16:30:18.601  1680  1680 D CustomizeUtils: getConfig() : srsId = F_FIH_ADJUST_NOTIFICATION_PADDING result = true type = bool pkg = com.android.systemui
04-26 16:30:18.601  1680  1680 I StatusBarIconView: updateScaleClearTransp() scaledWidth=0.9583333 scaledHeight: 0.9375
04-26 16:30:18.601  1680  1680 I StatusBarIconView: updateScaleClearTransp() scaleDependValue: 0.9583333
04-26 16:30:18.601  1680  1680 I StatusBarIconView: updateScaleClearTransp() scaled: 0.9182609
04-26 16:30:18.621 21910 21910 E GraphicExt: GraphicExtModuleLoader::CreateGraphicExtInstance false
04-26 16:30:18.624 21910 22109 D Surface : Surface::disconnect(this=0x7293fb1000,api=1)
04-26 16:30:18.628   496  1929 I BufferQueueProducer: [com.android.settings/com.android.settings.Settings$DevelopmentSettingsDashboardActivity#0](this:0x7f046f5800,id:13560,api:1,p:21910,c:496) disconnect(P): api 1
04-26 16:30:18.642 21910 22109 D Surface : Surface::connect(this=0x725ef59000,api=1)
04-26 16:30:18.643   496  1929 I BufferQueueProducer: [com.android.settings/com.android.settings.Settings$DevelopmentSettingsDashboardActivity#0](this:0x7f046f5800,id:13560,api:1,p:21910,c:496) connect(P): api=1 producer=(21910:com.android.settings) producerControlledByApp=false
04-26 16:30:18.646 21910 22109 D mali_winsys: EGLint new_window_surface(egl_winsys_display *, void *, EGLSurface, EGLConfig, egl_winsys_surface **, EGLBoolean) returns 0x3000
04-26 16:30:18.646 21910 22109 D Surface : Surface::setBufferCount(this=0x725ef59000,bufferCount=3)
04-26 16:30:18.650 21910 22109 I GED     : ged_boost_gpu_freq, level 100, eOrigin 2, final_idx 15, oppidx_max 15, oppidx_min 0
04-26 16:30:18.660  1680  1680 D StatusBar: disable<e i a s b h r c s > disable2<q i n >
04-26 16:30:18.662  1680  1911 I GED     : ged_boost_gpu_freq, level 100, eOrigin 2, final_idx 15, oppidx_max 15, oppidx_min 0
04-26 16:30:18.683   496   932 I BufferQueueConsumer: [StatusBar#0](this:0x7f04b71000,id:6,api:1,p:1680,c:496) setDefaultBufferSize: width=720 height=62
04-26 16:30:18.685  1221  1229 I system_server: Background young concurrent copying GC freed 110315(4309KB) AllocSpace objects, 15(752KB) LOS objects, 10% free, 37MB/42MB, paused 453us total 145.946ms
04-26 16:30:18.687  1221  1231 I BufferQueue: [SurfaceTexture-1-1221-237](this:0x728c589800,id:256,api:2,p:-1,c:-1) ~BufferQueueCore
04-26 16:30:18.687  1221  1231 D RefBase : RefBase: Explicit destruction, weak count = 0 (in 0x728c58ac58)
04-26 16:30:18.687  1221  1231 W RefBase : CallStack::getCurrentInternal not linked, returning null
04-26 16:30:18.687  1221  1231 W RefBase : CallStack::logStackInternal not linked
04-26 16:30:18.693  1680  1911 D Surface : Surface::disconnect(this=0x73061ef000,api=1)
04-26 16:30:18.694   496   932 I BufferQueueProducer: [StatusBar#0](this:0x7f04b71000,id:6,api:1,p:1680,c:496) disconnect(P): api 1
04-26 16:30:18.695  1680  1911 D Surface : Surface::connect(this=0x73061ef000,api=1)
04-26 16:30:18.697   496   932 I BufferQueueProducer: [StatusBar#0](this:0x7f04b71000,id:6,api:1,p:1680,c:496) connect(P): api=1 producer=(1680:com.android.systemui) producerControlledByApp=false
04-26 16:30:18.698  1680  1911 D mali_winsys: EGLint new_window_surface(egl_winsys_display *, void *, EGLSurface, EGLConfig, egl_winsys_surface **, EGLBoolean) returns 0x3000
04-26 16:30:18.698  1680  1911 D Surface : Surface::setBufferCount(this=0x73061ef000,bufferCount=3)
04-26 16:30:18.705  1680  1693 I ndroid.systemu: NativeAlloc concurrent copying GC freed 91855(4578KB) AllocSpace objects, 0(0B) LOS objects, 33% free, 11MB/17MB, paused 188us total 110.529ms
04-26 16:30:18.722   496   932 I BufferQueueProducer: [StatusBar#0](this:0x7f04b71000,id:6,api:1,p:1680,c:496) RunningBehind, queued size:2
04-26 16:30:18.801   968  1111 V [GF_HAL][gf_hal]: [gf_hal_screen_off] enter
04-26 16:30:18.801   968  1114 D [GF_HAL][gf_hal_device]: [gf_hal_netlink_recv] send message value=2
04-26 16:30:18.801   968  1111 I [GF_HAL][gf_hal]: [gf_hal_screen_off]
04-26 16:30:18.801   968  1111 V [GF_HAL][gf_hal_milan_f_series]: [hal_milan_f_series_screen_off] enter
04-26 16:30:18.801   968  1111 V [GF_HAL][gf_hal_common]: [gf_hal_common_screen_off] enter
04-26 16:30:18.801   968  1111 V [GF_HAL][gf_hal_common]: [gf_hal_invoke_command_ex] enter
04-26 16:30:18.801   968  1111 V [GF_HAL][gf_hal_common]: [gf_hal_invoke_command] enter
04-26 16:30:18.801   968  1111 V [GF_HAL][gf_hal_milan_f_series]: [hal_milan_f_series_invoke_command] enter
04-26 16:30:18.801   496   496 D SurfaceFlinger: Finished setting power mode 0 on display 0
04-26 16:30:18.801  1221  1671 D SurfaceControl: Excessive delay in setPowerMode()
04-26 16:30:18.802   474   520 I power@1.3-impl: setInteractive Disable All 308 308850
04-26 16:30:18.803   968  1111 V [GF_HAL][gf_hal_milan_f_series]: [hal_milan_f_series_invoke_command] exit
04-26 16:30:18.803   968  1111 V [GF_HAL][gf_hal_common]: [gf_hal_invoke_command] exit
04-26 16:30:18.803   968  1111 V [GF_HAL][gf_hal_common]: [gf_hal_invoke_command_ex] exit
04-26 16:30:18.803   968  1111 V [GF_HAL][gf_hal_common]: [gf_hal_common_screen_off] exit
04-26 16:30:18.803   968  1111 V [GF_HAL][gf_hal_milan_f_series]: [hal_milan_f_series_screen_off] exit
04-26 16:30:18.803   968  1111 V [GF_HAL][gf_hal]: [gf_hal_screen_off] exit
04-26 16:30:18.803   474   519 I powerd  : [powerd_req] POWER_MSG_SCN_DISABLE_ALL
04-26 16:30:18.810   900   952 E flp     : flp_screen_monitor_thread: Screen off
04-26 16:30:18.811  1221  1264 I DreamManagerService: Entering dreamland.
04-26 16:30:18.811   900   951 D MNLD    : mnld_main_thread: flp2mnl_hdlr msg
04-26 16:30:18.811   900   951 D flpint  : mtk_flp2mnl_process: mtk_flp2mnl_process, recv prmsg, type:502, len:1 status:2
04-26 16:30:18.811   900   951 D flpint  : mtk_flp2mnl_process: free screen dbg
04-26 16:30:18.811   900   951 D MNLD    : mnld_main_thread: n=2
04-26 16:30:18.811   900   951 D MNLD    : mnld_main_thread: gfc2mnl_hdlr msg
04-26 16:30:18.811   900   951 D         : mtk_gfc_ofl2mnl_process: free screen dbg
04-26 16:30:18.811   900   951 D MNLD    : main_event_hdlr: SCREEN2MAIN_EVENT_SCREEN = 0
04-26 16:30:18.811  1221  1264 I PowerManagerService: Dozing...
04-26 16:30:18.812  1221  1245 I DreamController: Starting dream: name=ComponentInfo{com.android.systemui/com.android.systemui.doze.DozeService}, isTest=false, canDoze=true, userId=0
04-26 16:30:18.814  1680  1680 V StatusBar: mStatusBarWindow: com.android.systemui.statusbar.phone.StatusBarWindowView{14141d V.E...... .......D 0,0-720,62} canPanelBeCollapsed(): false
04-26 16:30:18.814 12777 12777 E hg      : action:android.intent.action.CLOSE_SYSTEM_DIALOGS,reason:dream
04-26 16:30:18.817   496   496 W BufferQueueDump: [StatusBar#0] [addBuffer] slot(0) acquired, seems to be abnormal, just update ...
04-26 16:30:18.836  1680  1680 D StatusBar: updateQsExpansionEnabled - QS Expand enabled: false
04-26 16:30:18.842  1680  1680 D StatusBar: updateQsExpansionEnabled - QS Expand enabled: false
04-26 16:30:18.860  1221 16122 I GED     : ged_boost_gpu_freq, level 100, eOrigin 2, final_idx 15, oppidx_max 15, oppidx_min 0
04-26 16:30:18.871  1680  1680 D StatusBar: updateQsExpansionEnabled - QS Expand enabled: false
04-26 16:30:18.877 21910 22109 D Surface : Surface::disconnect(this=0x729c8a2000,api=1)
04-26 16:30:18.880   496  1929 I BufferQueueProducer: [com.android.settings/cust.settings.deviceinfo.MtpEnableActivity#0](this:0x7f1fa46800,id:13561,api:1,p:21910,c:496) disconnect(P): api 1
04-26 16:30:18.881  1680  1680 D StatusBar: disable<e i a s b h r c s > disable2<q i n >
04-26 16:30:18.886  1680  1680 D StatusBar: disable<e i a s b h r c s > disable2<q i n >
04-26 16:30:18.888 21910 22109 D Surface : Surface::disconnect(this=0x728ed94000,api=1)
04-26 16:30:18.888   496   535 I BufferQueueProducer: [com.android.settings/cust.settings.deviceinfo.MtpEnableActivity#1](this:0x7f00ab5800,id:13562,api:1,p:21910,c:496) disconnect(P): api 1
04-26 16:30:18.893   933   933 I Situation: batch: handle:22, flag:0,samplingPeriodNs:1000000 maxBatchReportLatencyNs:0
04-26 16:30:18.894   933   933 I Situation: enable: handle:22, en:1 
04-26 16:30:18.897 21910 21910 V PhoneWindow: DecorView setVisiblity: visibility = 4, Parent = android.view.ViewRootImpl@eab4c5c, this = DecorView@26aeda9[MtpEnableActivity]
04-26 16:30:18.897  1221  1221 D WakeGestureListener: isSupported() mWakeGestureToAmbient:true
04-26 16:30:18.898   496   496 I BufferQueue: [com.android.settings/cust.settings.deviceinfo.MtpEnableActivity#0](this:0x7f1fa46800,id:13561,api:1,p:-1,c:-1) ~BufferQueueCore
04-26 16:30:18.898   496   496 D RefBase : RefBase: Explicit destruction, weak count = 0 (in 0x7f1fa47c58)
04-26 16:30:18.898   496   496 W RefBase : CallStack::getCurrentInternal not linked, returning null
04-26 16:30:18.898   496   496 W RefBase : CallStack::logStackInternal not linked
04-26 16:30:18.898  1680  1680 D CustomizeUtils: getConfig() : srsId = F_FIH_ADJUST_NOTIFICATION_PADDING result = true type = bool pkg = com.android.systemui
04-26 16:30:18.899  1680  1680 D CustomizeUtils: getConfig() : srsId = F_FIH_ADJUST_NOTIFICATION_PADDING result = true type = bool pkg = com.android.systemui
04-26 16:30:18.899  1680  1680 I StatusBarIconView: updateScaleClearTransp() scaledWidth=0.41666666 scaledHeight: 0.8333333
04-26 16:30:18.899  1680  1680 I StatusBarIconView: updateScaleClearTransp() scaleDependValue: 0.8333333
04-26 16:30:18.899  1680  1680 I StatusBarIconView: updateScaleClearTransp() scaled: 1.056
04-26 16:30:18.900  1680  1680 D CustomizeUtils: getConfig() : srsId = F_FIH_ADJUST_NOTIFICATION_PADDING result = true type = bool pkg = com.android.systemui
04-26 16:30:18.900  1680  1680 D CustomizeUtils: getConfig() : srsId = F_FIH_ADJUST_NOTIFICATION_PADDING result = true type = bool pkg = com.android.systemui
04-26 16:30:18.900  1680  1680 I StatusBarIconView: updateScaleClearTransp() scaledWidth=0.9583333 scaledHeight: 0.9375
04-26 16:30:18.900  1680  1680 I StatusBarIconView: updateScaleClearTransp() scaleDependValue: 0.9583333
04-26 16:30:18.900  1680  1680 I StatusBarIconView: updateScaleClearTransp() scaled: 0.9182609
04-26 16:30:18.903 21910 21910 V PhoneWindow: DecorView setVisiblity: visibility = 4, Parent = android.view.ViewRootImpl@d1805c7, this = DecorView@2557f48[Settings$DevelopmentSettingsDashboardActivity]
04-26 16:30:18.904   496   535 I BufferQueueConsumer: [StatusBar#0](this:0x7f04b71000,id:6,api:1,p:1680,c:496) setDefaultBufferSize: width=720 height=1520
04-26 16:30:18.916  1680  1911 D Surface : Surface::disconnect(this=0x73061ef000,api=1)
04-26 16:30:18.916  1221  1535 E WifiVendorHal: getWifiLinkLayerStats_1_3_Internal(l.927) failed {.code = ERROR_NOT_SUPPORTED, .description = }
04-26 16:30:18.916   496  1929 I BufferQueueProducer: [StatusBar#0](this:0x7f04b71000,id:6,api:1,p:1680,c:496) disconnect(P): api 1
04-26 16:30:18.916  1680  1911 D Surface : Surface::connect(this=0x73061ef000,api=1)
04-26 16:30:18.916   496  1929 I BufferQueueProducer: [StatusBar#0](this:0x7f04b71000,id:6,api:1,p:1680,c:496) connect(P): api=1 producer=(1680:com.android.systemui) producerControlledByApp=false
04-26 16:30:18.917  1221  1221 I NotificationService: updateLightsLocked() : ledNotification = null ,mInCall = false ,mScreenOn = false ,FQC = false
04-26 16:30:18.918  1680  1680 D StatusBar: disable<e i a s b h r c s > disable2<q i n >
04-26 16:30:18.918  1221  1221 D AudioSystem: +setParameters(): screen_state=off 
04-26 16:30:18.918  1680  1680 W View    : requestLayout() improperly called by com.android.systemui.statusbar.notification.stack.NotificationStackScrollLayout{54be296 V.ED..... ......ID 0,0-720,1360 #7f0a02bd app:id/notification_stack_scroller} during layout: running second layout pass
04-26 16:30:18.918  1680  1680 W View    : requestLayout() improperly called by com.android.keyguard.CarrierText{8b67401 V.ED..... ......ID 32,0-176,80 #7f0a01e6 app:id/keyguard_carrier_text} during layout: running second layout pass
04-26 16:30:18.919  1680  1911 D mali_winsys: EGLint new_window_surface(egl_winsys_display *, void *, EGLSurface, EGLConfig, egl_winsys_surface **, EGLBoolean) returns 0x3000
04-26 16:30:18.919   438   438 D AudioALSAHardware: +setParameters(): screen_state=off
04-26 16:30:18.919   438   438 D AudioALSAStreamOut: +setScreenState(), flag 2, mode 0
04-26 16:30:18.919   438   438 D AudioALSAStreamOut: +setScreenState(), flag 8, mode 0
04-26 16:30:18.919   438   438 D AudioALSAStreamOut: +setScreenState(), flag 4, mode 0
04-26 16:30:18.919   438   438 D AudioALSAStreamOut: +setScreenState(), flag 65536, mode 0
04-26 16:30:18.919   438   438 D AudioALSACaptureHandlerBase: getCaptureHandlerType(), mCaptureHandlerType = 2
04-26 16:30:18.919   438   438 E AudioALSAStreamManager: setScreenState, mStreamInVector[0]->getInputFlags() = 0x0
04-26 16:30:18.919   438   438 D AudioALSAStreamIn: +setLowLatencyMode(), mode 0
04-26 16:30:18.919  1680  1680 D CustomizeUtils: getConfig() : srsId = F_FIH_ADJUST_NOTIFICATION_PADDING result = true type = bool pkg = com.android.systemui
04-26 16:30:18.920  1221  1535 D WifiConnectivityManager: handleScreenStateChanged: screenOn=false
04-26 16:30:18.920  1221  1535 D WifiConnectivityManager: startConnectivityScan: screenOn=false wifiState=connected scanImmediately=false wifiEnabled=true wifiConnectivityManagerEnabled=true
04-26 16:30:18.920  1680  1680 D CustomizeUtils: getConfig() : srsId = F_FIH_ADJUST_NOTIFICATION_PADDING result = true type = bool pkg = com.android.systemui
04-26 16:30:18.920  1680  1680 I StatusBarIconView: updateScaleClearTransp() scaledWidth=0.41666666 scaledHeight: 0.8333333
04-26 16:30:18.920  1680  1680 I StatusBarIconView: updateScaleClearTransp() scaleDependValue: 0.8333333
04-26 16:30:18.921  1680  1680 I StatusBarIconView: updateScaleClearTransp() scaled: 1.056
04-26 16:30:18.921  1680  1911 D Surface : Surface::setBufferCount(this=0x73061ef000,bufferCount=3)
04-26 16:30:18.921 13818 13818 I wpa_supplicant: wpa_driver_nl80211_driver_cmd: wlan0 recv cmd SETSUSPENDMODE 1
04-26 16:30:18.921  1680  1680 D CustomizeUtils: getConfig() : srsId = F_FIH_ADJUST_NOTIFICATION_PADDING result = true type = bool pkg = com.android.systemui
04-26 16:30:18.922  1680  1680 D CustomizeUtils: getConfig() : srsId = F_FIH_ADJUST_NOTIFICATION_PADDING result = true type = bool pkg = com.android.systemui
04-26 16:30:18.922  1680  1680 I StatusBarIconView: updateScaleClearTransp() scaledWidth=0.9583333 scaledHeight: 0.9375
04-26 16:30:18.922  1680  1680 I StatusBarIconView: updateScaleClearTransp() scaleDependValue: 0.9583333
04-26 16:30:18.922  1680  1680 I StatusBarIconView: updateScaleClearTransp() scaled: 0.9182609
04-26 16:30:18.927   438   438 D AudioALSACaptureHandlerBase: setLowLatencyMode, kernel_buffer_size 32768, rate 2880 , mode = 0 , channel 2, format 4, bforce = 0
04-26 16:30:18.927   438   438 D AudioALSAHardware: -setParameters(): screen_state=off 
04-26 16:30:18.927 21910 22109 D Surface : Surface::disconnect(this=0x725ef59000,api=1)
04-26 16:30:18.928   496   535 I BufferQueueProducer: [com.android.settings/com.android.settings.Settings$DevelopmentSettingsDashboardActivity#0](this:0x7f046f5800,id:13560,api:1,p:21910,c:496) disconnect(P): api 1
04-26 16:30:18.928   496  1929 I BufferQueue: [com.android.settings/cust.settings.deviceinfo.MtpEnableActivity#1](this:0x7f00ab5800,id:13562,api:1,p:-1,c:-1) ~BufferQueueCore
04-26 16:30:18.928   496  1929 D RefBase : RefBase: Explicit destruction, weak count = 0 (in 0x7f00ab6c58)
04-26 16:30:18.928   496  1929 W RefBase : CallStack::getCurrentInternal not linked, returning null
04-26 16:30:18.928   496  1929 W RefBase : CallStack::logStackInternal not linked
04-26 16:30:18.935 13818 13818 I wpa_supplicant: wpa_driver_nl80211_driver_cmd: ret = 0 used = 17 total = 512
04-26 16:30:18.954  1680  1911 D Surface : Surface::disconnect(this=0x72570f8000,api=1)
04-26 16:30:18.954   496   932 I BufferQueueProducer: [NavigationBar0#0](this:0x7f00bbd800,id:13556,api:1,p:1680,c:496) disconnect(P): api 1
04-26 16:30:18.963   496   496 I BufferQueue: [com.android.settings/com.android.settings.Settings$DevelopmentSettingsDashboardActivity#0](this:0x7f046f5800,id:13560,api:1,p:-1,c:-1) ~BufferQueueCore
04-26 16:30:18.963   496   496 D RefBase : RefBase: Explicit destruction, weak count = 0 (in 0x7f046f6c58)
04-26 16:30:18.963   496   496 W RefBase : CallStack::getCurrentInternal not linked, returning null
04-26 16:30:18.963   496   496 W RefBase : CallStack::logStackInternal not linked
04-26 16:30:18.963   496   496 I BufferQueue: [NavigationBar0#0](this:0x7f00bbd800,id:13556,api:1,p:-1,c:-1) ~BufferQueueCore
04-26 16:30:18.963   496   496 D RefBase : RefBase: Explicit destruction, weak count = 0 (in 0x7f00bbec58)
04-26 16:30:18.963   496   496 W RefBase : CallStack::getCurrentInternal not linked, returning null
04-26 16:30:18.963   496   496 W RefBase : CallStack::logStackInternal not linked
04-26 16:30:18.977  1680  1770 D Surface : Surface::connect(this=0x7306120000,api=1)
04-26 16:30:18.978   496   932 I BufferQueueProducer: [com.android.systemui.ImageWallpaper#0](this:0x7f04b72800,id:7,api:1,p:1680,c:496) connect(P): api=1 producer=(1680:com.android.systemui) producerControlledByApp=false
04-26 16:30:18.979  1680  1770 D mali_winsys: EGLint new_window_surface(egl_winsys_display *, void *, EGLSurface, EGLConfig, egl_winsys_surface **, EGLBoolean) returns 0x3000
04-26 16:30:18.985  1680  1770 D skia    : SkJpegCodec::onGetPixels +
