04-26 16:40:47.517  1221  1458 V SettingsProvider: name : status_inactivewakeup appId : 1000
04-26 16:40:47.550  1221 10449 V SettingsProvider: name : status_inactivewakeup appId : 1000
04-26 16:40:47.615  1221 10449 V SettingsProvider: name : status_inactivewakeup appId : 1000
04-26 16:40:47.623  1221  1458 V SettingsProvider: name : status_inactivewakeup appId : 1000
04-26 16:40:47.729  1221  1458 V SettingsProvider: name : status_inactivewakeup appId : 1000
04-26 16:40:47.780  1221 10449 V SettingsProvider: name : status_inactivewakeup appId : 1000
04-26 16:40:48.071  1221 10449 I LockSettingsService: Resetting lockout, length: 69
04-26 16:40:48.072  1221 10449 I LockSettingsService: Unlocking user 0 with secret only, length 64
04-26 16:40:48.072  1221 10449 I LockSettingsService: Disabling escrow token on user 0
04-26 16:40:48.077  1221 10449 I LockSettingsService: Caching SP for user 0
04-26 16:40:48.080  1221  1221 I LockSettingsService: Removing SP from cache for user 0
04-26 16:40:48.292  1221  1246 V WindowOrientationListener: Proposed rotation changed!  proposedRotation=0, oldProposedRotation=-1
04-26 16:40:48.311  1221  1248 W UsageStatsService: Event reported without a package name, eventType:18
04-26 16:40:48.362  1221  1254 W BroadcastQueue: Background execution not allowed: receiving Intent { act=android.intent.action.USER_PRESENT flg=0x24200010 } to com.android.chrome/org.chromium.chrome.browser.sharing.click_to_call.ClickToCallMessageHandler$PhoneUnlockedReceiver
04-26 16:40:48.362  1221  1254 W BroadcastQueue: Background execution not allowed: receiving Intent { act=android.intent.action.USER_PRESENT flg=0x24200010 } to com.google.android.gms/.auth.setup.devicesignals.LockScreenReceiver
04-26 16:40:48.469  1221  2669 I ActivityTaskManager: Activity requesting to dismiss Keyguard: ActivityRecord{ce0bc46 u0 com.google.android.googlequicksearchbox/com.google.android.apps.gsa.staticplugins.opa.samson.activity.OpaAmbActivity t909}
04-26 16:40:48.469  1221  2669 V SettingsProvider: name : status_inactivewakeup appId : 1000
04-26 16:40:48.474  1221  1254 W BroadcastQueue: Background execution not allowed: receiving Intent { act=android.intent.action.USER_PRESENT flg=0x24200010 } to com.google.android.gms/.chimera.GmsIntentOperationService$PersistentTrustedReceiver
04-26 16:40:48.474  1221  1254 W BroadcastQueue: Background execution not allowed: receiving Intent { act=android.intent.action.USER_PRESENT flg=0x24200010 } to com.facebook.lite/com.facebook.rti.push.service.MqttSystemBroadcastReceiver
04-26 16:40:48.474  1221  1254 W BroadcastQueue: Background execution not allowed: receiving Intent { act=android.intent.action.USER_PRESENT flg=0x24200010 } to com.instagram.android/com.instagram.push.FbnsInitBroadcastReceiver
04-26 16:40:48.476  1221  1221 W Looper  : Slow dispatch took 119ms main h=android.app.ActivityThread$H c=android.app.-$$Lambda$LoadedApk$ReceiverDispatcher$Args$_BumDX2UKsnxLVrE6UJsJZkotuA@3959e05 m=0
04-26 16:40:48.476  1221  1246 W Looper  : Slow dispatch took 102ms android.ui h=com.android.server.wm.BarController$BarHandler c=null m=1
04-26 16:40:48.489  1221  1221 V SettingsProvider: Notifying for 0: content://settings/system/status_inactivewakeup
04-26 16:40:48.592  1221  1221 V FingerprintService: Stopping client com.android.systemui, fromClient: true
04-26 16:40:48.620  1221  1221 W FingerprintService: client com.android.systemui is no longer authenticating
04-26 16:40:48.620  1221  1221 V FingerprintService: handleError(client=com.android.systemui, error = 5)
04-26 16:40:48.621  1221  1221 V FingerprintService: Done with client: com.android.systemui
04-26 16:40:48.991  1221  1745 I WindowManager: Relayout Window{53f0e7b u0 com.google.android.gm/com.google.android.gm.ConversationListActivityGmail}: oldVis=4 newVis=0 focusMayChange = true
04-26 16:40:49.243  1221  1249 D PowerManagerService: WAKE_LOCK_SCREEN_BRIGHT Change, RELEASE:
04-26 16:40:49.243  1221  1249 D PowerManagerService:   SCREEN_BRIGHT_WAKE_LOCK        'WindowManager' ON_AFTER_RELEASE ACQ=-4s380ms (uid=1000 pid=1221 ws=WorkSource{10133})
04-26 16:40:49.288  1221  1458 V SettingsProvider: name : status_inactivewakeup appId : 1000
04-26 16:40:49.290  1221  1221 V SettingsProvider: Notifying for 0: content://settings/system/status_inactivewakeup
04-26 16:40:49.309  1221  1458 V SettingsProvider: name : status_inactivewakeup appId : 1000
04-26 16:40:49.323  1221  1233 D PowerManagerService: WAKE_LOCK_SCREEN_BRIGHT Change, Total ACQUIRED: 
04-26 16:40:49.323  1221  1233 D PowerManagerService:   PARTIAL_WAKE_LOCK              'AudioIn' ACQ=-2s412ms (uid=1041 ws=WorkSource{10133})
04-26 16:40:49.323  1221  1233 D PowerManagerService:   PARTIAL_WAKE_LOCK              '*launch*' ACQ=-789ms (uid=1000 pid=1221 ws=WorkSource{10138})
04-26 16:40:49.323  1221  1233 D PowerManagerService:   SCREEN_BRIGHT_WAKE_LOCK        'WindowManager' ON_AFTER_RELEASE (uid=1000 pid=1221 ws=WorkSource{10133})
04-26 16:40:49.372  1221  6215 V SettingsProvider: name : status_inactivewakeup appId : 1000
04-26 16:40:49.394  1221  2669 I WindowManager: Relayout Window{dabe714 u0 com.android.launcher3/com.android.searchlauncher.SearchLauncher}: oldVis=8 newVis=0 focusMayChange = true
04-26 16:40:49.394  1221  1458 V SettingsProvider: name : status_inactivewakeup appId : 1000
04-26 16:40:49.649  1221  1249 D PowerManagerService: WAKE_LOCK_SCREEN_BRIGHT Change, RELEASE:
04-26 16:40:49.649  1221  1249 D PowerManagerService:   SCREEN_BRIGHT_WAKE_LOCK        'WindowManager' ON_AFTER_RELEASE ACQ=-326ms (uid=1000 pid=1221 ws=WorkSource{10133})
04-26 16:40:49.747  1221  2669 E NotificationService: Suppressing notification from package by user request.
04-26 16:40:50.018  1221  2639 I WindowManager: Relayout Window{8c85a66 u0 com.android.launcher3/com.android.searchlauncher.SearchLauncher}: oldVis=4 newVis=0 focusMayChange = true
04-26 16:40:50.265  1221  1458 V SettingsProvider: name : status_inactivewakeup appId : 1000
04-26 16:40:50.497  1221  1248 I ActivityManager: Killing 26973:com.google.android.gm/u0a138 (adj 915): remove task
04-26 16:40:50.499  1221  1248 I ActivityManager: Killing 27249:com.google.android.webview:sandboxed_process0:org.chromium.content.app.SandboxedProcessService0:0/u0a138i253 (adj 905): remove task
04-26 16:40:50.623  1221  2669 V ActivityManager: Death received in com.android.server.am.ActivityManagerService$AppDeathRecipient@f1644b7 for thread android.os.BinderProxy@1f53424, mPid:27249,mApp:ProcessRecord{b93bfb6 27249:com.google.android.webview:sandboxed_process0:org.chromium.content.app.SandboxedProcessService0:0/u0a138i253}
04-26 16:40:50.624  1221  2669 W ActivityManager: Scheduling restart of crashed service com.google.android.gm/org.chromium.content.app.SandboxedProcessService0:0 in 1000ms
04-26 16:40:50.628  1221  2639 D MtkConnectivityService: ConnectivityService NetworkRequestInfo binderDied(NetworkRequest [ LISTEN id=7288, [ Capabilities: INTERNET&NOT_RESTRICTED&TRUSTED Uid: 10138] ], android.os.BinderProxy@5c225f5)
04-26 16:40:50.628  1221 12709 D MtkConnectivityService: ConnectivityService NetworkRequestInfo binderDied(NetworkRequest [ TRACK_DEFAULT id=7287, [ Capabilities: INTERNET&NOT_RESTRICTED&TRUSTED Uid: 10138] ], android.os.BinderProxy@bb8ff8a)
04-26 16:40:50.629  1221  5584 I WindowManager: WIN DEATH: Window{53f0e7b u0 com.google.android.gm/com.google.android.gm.ConversationListActivityGmail}
04-26 16:40:50.635  1221  2650 D MtkConnectivityService: ConnectivityService NetworkRequestInfo binderDied(NetworkRequest [ LISTEN id=7284, [ Capabilities: INTERNET&NOT_RESTRICTED&TRUSTED Uid: 10138] ], android.os.BinderProxy@a5d09fb)
04-26 16:40:50.636  1221  2466 D MtkConnectivityService: ConnectivityService NetworkRequestInfo binderDied(NetworkRequest [ TRACK_DEFAULT id=7283, [ Capabilities: INTERNET&NOT_RESTRICTED&TRUSTED Uid: 10138] ], android.os.BinderProxy@5c9ea18)
04-26 16:40:50.636  1221  1582 D MtkConnectivityService: releasing NetworkRequest [ TRACK_DEFAULT id=7287, [ Capabilities: INTERNET&NOT_RESTRICTED&TRUSTED Uid: 10138] ] (release request)
04-26 16:40:50.638  1221  1582 D MtkConnectivityService: releasing NetworkRequest [ TRACK_DEFAULT id=7283, [ Capabilities: INTERNET&NOT_RESTRICTED&TRUSTED Uid: 10138] ] (release request)
04-26 16:40:50.641  1221  8736 V ActivityManager: Death received in com.android.server.am.ActivityManagerService$AppDeathRecipient@f57f532 for thread android.os.BinderProxy@bd4d283, mPid:26973,mApp:ProcessRecord{562493d 26973:com.google.android.gm/u0a138}
04-26 16:40:50.645  1221  1260 E KernelCpuSpeedReader: Failed to read cpu-freq: /sys/devices/system/cpu/cpu4/cpufreq/stats/time_in_state: open failed: ENOENT (No such file or directory)
04-26 16:40:50.646  1221  1260 E KernelCpuSpeedReader: Failed to read cpu-freq: /sys/devices/system/cpu/cpu0/cpufreq/stats/time_in_state: open failed: ENOENT (No such file or directory)
04-26 16:40:50.704  1221  1458 V SettingsProvider: name : status_inactivewakeup appId : 1000
04-26 16:40:50.903  1221  1248 I ActivityManager: Killing 20542:com.whatsapp/u0a179 (adj 905): remove task
04-26 16:40:50.994  1221  2669 D MtkConnectivityService: ConnectivityService NetworkRequestInfo binderDied(NetworkRequest [ TRACK_DEFAULT id=7218, [ Capabilities: INTERNET&NOT_RESTRICTED&TRUSTED Uid: 10179] ], android.os.BinderProxy@6b1f5e2)
04-26 16:40:50.994  1221  8736 I WindowManager: WIN DEATH: Window{61f1801 u0 com.whatsapp/com.whatsapp.HomeActivity}
04-26 16:40:50.994  1221 12709 V ActivityManager: Death received in com.android.server.am.ActivityManagerService$AppDeathRecipient@743275b for thread android.os.BinderProxy@8f7abf8, mPid:20542,mApp:ProcessRecord{9d9b66a 20542:com.whatsapp/u0a179}
04-26 16:40:50.994  1221  1582 D MtkConnectivityService: releasing NetworkRequest [ TRACK_DEFAULT id=7218, [ Capabilities: INTERNET&NOT_RESTRICTED&TRUSTED Uid: 10179] ] (release request)
04-26 16:40:51.019  1221  1248 W ActivityManager: setHasOverlayUi called on unknown pid: 20542
04-26 16:40:51.072  1221  1458 V SettingsProvider: name : status_inactivewakeup appId : 1000
04-26 16:40:51.456  1221  1458 I chatty  : uid=1000(system) InputDispatcher identical 1 line
04-26 16:40:51.561  1221  1458 V SettingsProvider: name : status_inactivewakeup appId : 1000
04-26 16:40:51.746  1221  1248 I ActivityManager: Killing 21910:com.android.settings/1000 (adj 905): remove task
04-26 16:40:51.813  1221  4587 V ActivityManager: Death received in com.android.server.am.ActivityManagerService$AppDeathRecipient@5749732 for thread android.os.BinderProxy@b61cc83, mPid:21910,mApp:ProcessRecord{964333d 21910:com.android.settings/1000}
04-26 16:40:51.814  1221  8736 I WindowManager: WIN DEATH: Window{dedbf4f u0 com.android.settings/com.android.settings.homepage.SettingsHomepageActivity}
04-26 16:40:51.818  1221  4431 I WindowManager: WIN DEATH: Window{3904495 u0 com.android.settings/com.android.settings.SubSettings}
04-26 16:40:51.841  1221  1248 W ActivityManager: setHasOverlayUi called on unknown pid: 21910
04-26 16:40:51.888  1221  1458 V SettingsProvider: name : status_inactivewakeup appId : 1000
04-26 16:40:52.101  1221  1248 I ActivityManager: Killing 17768:com.spotify.music/u0a184 (adj 905): remove task
04-26 16:40:52.209  1221 11114 V ActivityManager: Death received in com.android.server.am.ActivityManagerService$AppDeathRecipient@2a8ac0f for thread android.os.BinderProxy@8d8049c, mPid:17768,mApp:ProcessRecord{7cc4d6e 17768:com.spotify.music/u0a184}
04-26 16:40:52.210  1221  2669 I WindowManager: WIN DEATH: Window{578abec u0 com.spotify.music/com.spotify.nowplaying.installation.music.NowPlayingActivity}
04-26 16:40:52.215  1221  1797 I WindowManager: WIN DEATH: Window{7dd5d34 u0 com.spotify.music/com.spotify.music.MainActivity}
04-26 16:40:52.243  1221  1248 W ActivityManager: setHasOverlayUi called on unknown pid: 17768
04-26 16:40:52.558  1221  1458 V SettingsProvider: name : status_inactivewakeup appId : 1000
04-26 16:40:53.798  1221  1458 I chatty  : uid=1000(system) InputDispatcher identical 3 lines
04-26 16:40:53.901  1221  1458 V SettingsProvider: name : status_inactivewakeup appId : 1000
04-26 16:40:54.202  1221  2669 I WindowManager: Relayout Window{82c9206 u0 InputMethod}: oldVis=8 newVis=0 focusMayChange = true
04-26 16:40:54.727  1221  1458 V SettingsProvider: name : status_inactivewakeup appId : 1000
04-26 16:40:56.112  1221  1458 I chatty  : uid=1000(system) InputDispatcher identical 5 lines
04-26 16:40:56.236  1221  1458 V SettingsProvider: name : status_inactivewakeup appId : 1000
04-26 16:40:56.299  1221  1464 I BatteryService: shutdownIfLowCurrentLocked batteryLevel = 95 , hasChargingCurrent = true(isPowered=true,batteryCurrent=507,hardware=mt6771) , hitShutdownVoltage = true(batteryVoltage=4390,mBatteryMinVoltage=-1) , isSystemReady = true
04-26 16:40:56.398  1221  1458 V SettingsProvider: name : status_inactivewakeup appId : 1000
04-26 16:40:57.448  1221  1458 I chatty  : uid=1000(system) InputDispatcher identical 3 lines
04-26 16:40:57.547  1221  1458 V SettingsProvider: name : status_inactivewakeup appId : 1000
04-26 16:40:57.558  1221  1515 V SettingsProvider: name : status_inactivewakeup appId : 1000
04-26 16:40:57.561  1221  1458 V SettingsProvider: name : status_inactivewakeup appId : 1000
04-26 16:40:57.566  1221  1246 V SettingsProvider: name : status_inactivewakeup appId : 1000
04-26 16:40:57.568  1221  1246 I ActivityTaskManager: START u0 {act=android.intent.action.MAIN cat=[android.intent.category.HOME] flg=0x10000100 cmp=com.android.launcher3/com.android.searchlauncher.SearchLauncher (has extras)} from uid 0
04-26 16:40:58.625  1221  1458 V SettingsProvider: name : status_inactivewakeup appId : 1000
04-26 16:40:59.245  1221  1458 I chatty  : uid=1000(system) InputDispatcher identical 2 lines
04-26 16:41:00.453  1221  1458 V SettingsProvider: name : status_inactivewakeup appId : 1000
04-26 16:41:00.606  1221  2669 I WindowManager: Relayout Window{82c9206 u0 InputMethod}: oldVis=8 newVis=0 focusMayChange = true
04-26 16:41:01.334  1221  1458 V SettingsProvider: name : status_inactivewakeup appId : 1000
04-26 16:41:04.465  1221  1458 I chatty  : uid=1000(system) InputDispatcher identical 4 lines
04-26 16:41:04.568  1221  1458 V SettingsProvider: name : status_inactivewakeup appId : 1000
04-26 16:41:04.589  1221  5737 I ActivityTaskManager: START u0 {act=android.intent.action.MAIN cat=[android.intent.category.LAUNCHER] flg=0x10200000 cmp=com.whatsapp/.Main bnds=[567,239][706,402]} from uid 10100
04-26 16:41:04.615  1221  1248 D ActivityManager: Package [com.whatsapp] have process
04-26 16:41:04.638  1221  1255 I ActivityManager: Start proc 27768:com.whatsapp/u0a179 for activity {com.whatsapp/com.whatsapp.Main}
04-26 16:41:04.638  1221  1255 D ActivityManager: handleProcessStartedLocked mDoneFinishBooting && app.pid != 0 ---> notifyProcessStart, app.processName = com.whatsapp, app.info = ApplicationInfo{6b518f com.whatsapp}, app.hostingType = activity, getHostingName() = ComponentInfo{com.whatsapp/com.whatsapp.Main}, getIntentFlag() = 0, getIsPackageRunning() = true, app = ProcessRecord{4257c1c 27768:com.whatsapp/u0a179}, getExtraData() = null
04-26 16:41:04.668  1221  5737 V ActivityManager: New death recipient com.android.server.am.ActivityManagerService$AppDeathRecipient@96e9025 for thread android.os.BinderProxy@59cd5fa, pid:27768,mApp:null
04-26 16:41:05.110  1221  5737 V SettingsProvider: packageValueForCallResult, name = sqlite_compatibility_wal_flags, value : Bundle[{_track_generation=android.util.MemoryIntArray@74, value=, _generation_index=0, _generation=890}]
04-26 16:41:05.218  1221  2669 V SettingsProvider: packageValueForCallResult, name = time_12_24, value : Bundle[{_track_generation=android.util.MemoryIntArray@74, value=12, _generation_index=3, _generation=690}]
04-26 16:41:05.232  1221  2669 I ActivityTaskManager: START u0 {cmp=com.whatsapp/.HomeActivity} from uid 10179
04-26 16:41:05.264  1221  2669 D MtkConnectivityService: requestNetwork for uid/pid:10179/27768 NetworkRequest [ TRACK_DEFAULT id=7292, [ Capabilities: INTERNET&NOT_RESTRICTED&TRUSTED Uid: 10179] ]
04-26 16:41:05.474  1221  1910 I WindowManager: Relayout Window{fa0476b u0 com.whatsapp/com.whatsapp.HomeActivity}: oldVis=4 newVis=0 focusMayChange = true
04-26 16:41:06.644  1221  1255 I ActivityManager: Start proc 27907:com.snapchat.android/u0a428 for service {com.snapchat.android/com.firebase.jobdispatcher.GooglePlayReceiver}
04-26 16:41:06.645  1221  1255 D ActivityManager: handleProcessStartedLocked mDoneFinishBooting && app.pid != 0 ---> notifyProcessStart, app.processName = com.snapchat.android, app.info = ApplicationInfo{92a3172 com.snapchat.android}, app.hostingType = service, getHostingName() = ComponentInfo{com.snapchat.android/com.firebase.jobdispatcher.GooglePlayReceiver}, getIntentFlag() = 0, getIsPackageRunning() = false, app = ProcessRecord{5731e9 27907:com.snapchat.android/u0a428}, getExtraData() = Bundle[{SERVICE_INTENT=Intent { act=com.google.android.gms.gcm.ACTION_TASK_READY cmp=com.snapchat.android/com.firebase.jobdispatcher.GooglePlayReceiver }, CALLER_PACKAGE=com.google.android.gms}]
04-26 16:41:06.668  1221  2649 V ActivityManager: New death recipient com.android.server.am.ActivityManagerService$AppDeathRecipient@98b6e6e for thread android.os.BinderProxy@317b90f, pid:27907,mApp:null
04-26 16:41:07.128  1221 10449 V SettingsProvider: packageValueForCallResult, name = sqlite_compatibility_wal_flags, value : Bundle[{_track_generation=android.util.MemoryIntArray@74, value=, _generation_index=0, _generation=890}]
04-26 16:41:11.054  1221  1458 V SettingsProvider: name : status_inactivewakeup appId : 1000
04-26 16:41:11.146  1221  2669 I NotificationService: updateLightsLocked() : ledNotification = null ,mInCall = false ,mScreenOn = true ,FQC = false
04-26 16:41:11.158  1221  1458 V SettingsProvider: name : status_inactivewakeup appId : 1000
04-26 16:41:12.098  1221  1458 V SettingsProvider: name : status_inactivewakeup appId : 1000
04-26 16:41:12.099  1680  1680 V DeadZone: consuming errant click: (477.33704,1.0625)
04-26 16:41:12.099  1680  1680 V DeadZone: consuming errant click: (477.33704,1.0625)
04-26 16:41:12.203  1221  1458 V SettingsProvider: name : status_inactivewakeup appId : 1000
04-26 16:41:16.567  1221  1458 I chatty  : uid=1000(system) InputDispatcher identical 7 lines
04-26 16:41:16.688  1221  1458 V SettingsProvider: name : status_inactivewakeup appId : 1000
04-26 16:41:16.772  1221 10449 I ActivityTaskManager: START u0 {flg=0x14000000 cmp=com.whatsapp/.Conversation (has extras)} from uid 10179
04-26 16:41:16.849  1221  2649 V SettingsProvider: packageValueForCallResult, name = null, value : Bundle[{_track_generation=android.util.MemoryIntArray@74, value=null, _generation_index=1, _generation=1}]
04-26 16:41:16.885  1221 10449 V SettingsProvider: packageValueForCallResult, name = default_input_method, value : Bundle[{_track_generation=android.util.MemoryIntArray@74, value=com.google.android.inputmethod.latin/com.android.inputmethod.latin.LatinIME, _generation_index=2, _generation=2299}]
04-26 16:41:16.919  1221 10449 I WindowManager: Relayout Window{bbc9519 u0 com.whatsapp/com.whatsapp.Conversation}: oldVis=4 newVis=0 focusMayChange = true
04-26 16:41:18.092  1221  1458 V SettingsProvider: name : status_inactivewakeup appId : 1000
04-26 16:41:19.103  1221  1458 I chatty  : uid=1000(system) InputDispatcher identical 2 lines
04-26 16:41:19.209  1221  1458 V SettingsProvider: name : status_inactivewakeup appId : 1000
04-26 16:41:19.308  1221 10449 I ActivityTaskManager: START u0 {act=android.intent.action.VIEW dat=content://com.whatsapp.provider.media/item/17e1f6b6-e875-4b95-a410-708d8eeb691e typ=application/vnd.android.package-archive flg=0x1 cmp=com.google.android.packageinstaller/com.android.packageinstaller.InstallStart} from uid 10179
04-26 16:41:19.361  1221  1248 D ActivityManager: Package [com.google.android.packageinstaller] have process
04-26 16:41:19.377  1221  1255 I ActivityManager: Start proc 27967:com.google.android.packageinstaller/u0a119 for activity {com.google.android.packageinstaller/com.android.packageinstaller.InstallStart}
04-26 16:41:19.377  1221  1255 D ActivityManager: handleProcessStartedLocked mDoneFinishBooting && app.pid != 0 ---> notifyProcessStart, app.processName = com.google.android.packageinstaller, app.info = ApplicationInfo{553173e com.google.android.packageinstaller}, app.hostingType = activity, getHostingName() = ComponentInfo{com.google.android.packageinstaller/com.android.packageinstaller.InstallStart}, getIntentFlag() = 0, getIsPackageRunning() = true, app = ProcessRecord{f19b5b4 27967:com.google.android.packageinstaller/u0a119}, getExtraData() = null
04-26 16:41:19.399  1221 10449 V ActivityManager: New death recipient com.android.server.am.ActivityManagerService$AppDeathRecipient@8765dd for thread android.os.BinderProxy@9de552, pid:27967,mApp:null
04-26 16:41:19.457  1221  2669 V SettingsProvider: packageValueForCallResult, name = null, value : Bundle[{_track_generation=android.util.MemoryIntArray@74, value=null, _generation_index=0, _generation=890}]
04-26 16:41:19.463  1221 10449 I ActivityTaskManager: START u0 {act=android.intent.action.VIEW dat=content://com.whatsapp.provider.media/item/17e1f6b6-e875-4b95-a410-708d8eeb691e typ=application/vnd.android.package-archive flg=0x2000000 cmp=com.google.android.packageinstaller/com.android.packageinstaller.InstallStaging (has extras)} from uid 10119
04-26 16:41:19.547  1221 10449 I WindowManager: Relayout Window{59b0813 u0 com.google.android.packageinstaller/com.android.packageinstaller.InstallStaging}: oldVis=4 newVis=0 focusMayChange = true
04-26 16:41:19.941  1221 10449 I ActivityTaskManager: START u0 {act=android.intent.action.VIEW dat=file:///data/user_de/0/com.google.android.packageinstaller/no_backup/package2842621490970218311.apk flg=0x2010000 cmp=com.google.android.packageinstaller/com.android.packageinstaller.DeleteStagedFileOnResult (has extras)} from uid 10119
04-26 16:41:19.958  1221 10449 I ActivityTaskManager: START u0 {act=android.intent.action.VIEW dat=file:///data/user_de/0/com.google.android.packageinstaller/no_backup/package2842621490970218311.apk flg=0x10000 cmp=com.google.android.packageinstaller/com.android.packageinstaller.PackageInstallerActivity (has extras)} from uid 10119
04-26 16:41:20.010  1221 10449 I WindowManager: Relayout Window{ff29fe u0 com.google.android.packageinstaller/com.android.packageinstaller.DeleteStagedFileOnResult}: oldVis=4 newVis=0 focusMayChange = true
04-26 16:41:20.041 27967 27967 D SystemConfig: getSKUID from property skuid = 600WW
04-26 16:41:20.349 27967 27967 I SystemConfig: Non-xml file /system/etc/permissions/pms_sysapp_removable_system_list.txt in /system/etc/permissions directory, ignoring
04-26 16:41:20.351 27967 27967 I SystemConfig: Non-xml file /system/etc/permissions/pms_sysapp_removable_vendor_list.txt in /system/etc/permissions directory, ignoring
04-26 16:41:20.353 27967 27967 W SystemConfig: Tag packages is unknown in /system/etc/permissions/cust.display.notch.xml at START_TAG <packages>@4:15 in java.io.FileReader@e149e19
04-26 16:41:20.353 27967 27967 W SystemConfig: Tag systemui_res is unknown in /system/etc/permissions/cust.display.notch.xml at START_TAG <systemui_res>@54:19 in java.io.FileReader@e149e19
04-26 16:41:20.407 27967 27967 W SystemConfig: No directory /product_services/etc/sysconfig, skipping
04-26 16:41:20.407 27967 27967 W SystemConfig: No directory /product_services/etc/permissions, skipping
04-26 16:41:20.457  1221  2669 I WindowManager: Relayout Window{f496075 u0 com.google.android.packageinstaller/com.android.packageinstaller.PackageInstallerActivity}: oldVis=4 newVis=0 focusMayChange = true
04-26 16:41:20.860  1221  1246 V WindowOrientationListener: Proposed rotation changed!  proposedRotation=0, oldProposedRotation=-1
04-26 16:41:21.386  1221  1458 V SettingsProvider: name : status_inactivewakeup appId : 1000
04-26 16:41:21.413  1221  1464 I BatteryService: shutdownIfLowCurrentLocked batteryLevel = 95 , hasChargingCurrent = true(isPowered=true,batteryCurrent=576,hardware=mt6771) , hitShutdownVoltage = true(batteryVoltage=4390,mBatteryMinVoltage=-1) , isSystemReady = true
04-26 16:41:21.491  1221  1458 V SettingsProvider: name : status_inactivewakeup appId : 1000
04-26 16:41:21.494  1221  2649 V SettingsProvider: packageValueForCallResult, name = sound_effects_enabled, value : Bundle[{_track_generation=android.util.MemoryIntArray@74, value=0, _generation_index=3, _generation=690}]
04-26 16:41:21.497  1221  2649 I ActivityTaskManager: START u0 {dat=file:///data/user_de/0/com.google.android.packageinstaller/no_backup/package2842621490970218311.apk flg=0x2000000 cmp=com.google.android.packageinstaller/com.android.packageinstaller.InstallInstalling (has extras)} from uid 10119
04-26 16:41:21.972  1221  2649 I WindowManager: Relayout Window{8e23412 u0 com.google.android.packageinstaller/com.android.packageinstaller.InstallInstalling}: oldVis=4 newVis=0 focusMayChange = true
04-26 16:41:24.991  1221  1234 I ActivityTaskManager: START u0 {flg=0x58000000 cmp=com.android.vending/com.google.android.finsky.verifier.impl.PackageWarningDialog (has extras)} from uid 10115
04-26 16:41:25.022  1221  1260 E KernelCpuSpeedReader: Failed to read cpu-freq: /sys/devices/system/cpu/cpu4/cpufreq/stats/time_in_state: open failed: ENOENT (No such file or directory)
04-26 16:41:25.022  1221  1260 E KernelCpuSpeedReader: Failed to read cpu-freq: /sys/devices/system/cpu/cpu0/cpufreq/stats/time_in_state: open failed: ENOENT (No such file or directory)
04-26 16:41:25.247  1221 10449 I WindowManager: Relayout Window{55828d7 u0 com.android.vending/com.google.android.finsky.verifier.impl.PackageWarningDialog}: oldVis=4 newVis=0 focusMayChange = true
04-26 16:41:26.278  1221  1246 V WindowOrientationListener: Proposed rotation changed!  proposedRotation=3, oldProposedRotation=-1
04-26 16:41:26.663  1221  1458 V SettingsProvider: name : status_inactivewakeup appId : 1000
04-26 16:41:26.769  1221  1458 V SettingsProvider: name : status_inactivewakeup appId : 1000
04-26 16:41:27.156  1221  1268 D PackageManager: updatePermissions, packageName: com.log.log0, pkg: Package{9443b03 com.log.log0}, replaceGrant: true
04-26 16:41:27.156  1221  1268 I PackageManager: Un-granting permission android.permission.MANAGE_DOCUMENTS from package com.google.android.youtube (protectionLevel=262146 flags=0x30dbbec5)
04-26 16:41:27.157  1221  1268 I PackageManager: Un-granting permission android.permission.MANAGE_SOUND_TRIGGER from package com.google.android.googlequicksearchbox (protectionLevel=18 flags=0xa8dbbec5)
04-26 16:41:27.157  1221  1268 I PackageManager: Un-granting permission android.permission.CONTROL_INCALL_EXPERIENCE from package com.google.android.googlequicksearchbox (protectionLevel=18 flags=0xa8dbbec5)
04-26 16:41:27.157  1221  1268 I PackageManager: Un-granting permission android.permission.WRITE_APN_SETTINGS from package com.google.android.googlequicksearchbox (protectionLevel=18 flags=0xa8dbbec5)
04-26 16:41:27.157  1221  1268 I PackageManager: Un-granting permission com.google.android.googleapps.permission.GOOGLE_AUTH from package com.android.providers.calendar (protectionLevel=2 flags=0x20883e45)
04-26 16:41:27.158  1221  1268 I PackageManager: Un-granting permission com.google.android.googleapps.permission.GOOGLE_AUTH.cl from package com.android.providers.calendar (protectionLevel=2 flags=0x20883e45)
04-26 16:41:27.158  1221  1268 I PackageManager: Un-granting permission android.permission.INTERACT_ACROSS_USERS_FULL from package com.android.providers.calendar (protectionLevel=258 flags=0x20883e45)
04-26 16:41:27.158  1221  1268 I PackageManager: Un-granting permission android.permission.READ_LOGS from package com.linecorp.b612.android (protectionLevel=50 flags=0x38d83e44)
04-26 16:41:27.158  1221  1268 I PackageManager: Un-granting permission android.permission.REQUEST_INSTALL_PACKAGES from package com.whatsapp (protectionLevel=66 flags=0x30cbbe44)
04-26 16:41:27.159  1221  1268 I PackageManager: Un-granting permission com.google.android.setupwizard.READ_DEVICE_ORIGIN from package com.google.android.apps.messaging (protectionLevel=18 flags=0x28cbbec5)
04-26 16:41:27.159  1221  1268 I PackageManager: Un-granting permission android.permission.SEND_DOWNLOAD_COMPLETED_INTENTS from package com.android.vending (protectionLevel=2 flags=0x28cabec5)
04-26 16:41:27.160  1221  1268 I PackageManager: Un-granting permission android.permission.BIND_NOTIFICATION_LISTENER_SERVICE from package com.arkamys.audio (protectionLevel=2 flags=0x38c8be4d)
04-26 16:41:27.160  1221  1268 I PackageManager: Un-granting permission android.permission.MEDIA_CONTENT_CONTROL from package com.arkamys.audio (protectionLevel=18 flags=0x38c8be4d)
04-26 16:41:27.161  1221  1268 I PackageManager: Un-granting permission android.permission.INTERACT_ACROSS_PROFILES from package com.google.android.deskclock (protectionLevel=18 flags=0x30cbbec5)
04-26 16:41:27.161  1221  1268 I PackageManager: Un-granting permission android.permission.REQUEST_INSTALL_PACKAGES from package com.google.android.gm (protectionLevel=66 flags=0x28dbbec5)
04-26 16:41:27.167  1221  1268 I PackageManager: Un-granting permission android.permission.MANAGE_ROLE_HOLDERS from package com.google.android.apps.wellbeing (protectionLevel=258 flags=0x20cbbec5)
04-26 16:41:27.167  1221  1268 I PackageManager: Un-granting permission com.google.android.deskclock.permission.RECEIVE_ALERT_BROADCASTS from package com.google.android.apps.wellbeing (protectionLevel=18 flags=0x20cbbec5)
04-26 16:41:27.169  1221  1268 I PackageManager: Un-granting permission android.permission.REQUEST_INSTALL_PACKAGES from package com.google.android.apps.nbu.files (protectionLevel=66 flags=0x20cbbec5)
04-26 16:41:27.169  1221  1268 I PackageManager: Un-granting permission android.permission.SYSTEM_ALERT_WINDOW from package com.mxtech.videoplayer.ad (protectionLevel=1250 flags=0x30983e44)
04-26 16:41:27.169  1221  1268 I PackageManager: Un-granting permission android.permission.WRITE_SETTINGS from package com.mxtech.videoplayer.ad (protectionLevel=1218 flags=0x30983e44)
04-26 16:41:27.169  1221  1268 I PackageManager: Un-granting permission android.permission.REQUEST_INSTALL_PACKAGES from package com.mxtech.videoplayer.ad (protectionLevel=66 flags=0x30983e44)
04-26 16:41:27.170  1221  1268 I PackageManager: Un-granting permission android.permission.REQUEST_INSTALL_PACKAGES from package com.google.android.apps.docs (protectionLevel=66 flags=0x28cbbec5)
04-26 16:41:27.172  1221  1268 I PackageManager: Un-granting permission android.permission.INTERACT_ACROSS_USERS from package com.google.android.syncadapters.contacts (protectionLevel=50 flags=0x20883e45)
04-26 16:41:27.172  1221  1268 I PackageManager: Un-granting permission android.permission.REQUEST_INSTALL_PACKAGES from package com.android.chrome (protectionLevel=66 flags=0xa0cbbec5)
04-26 16:41:27.173  1221  1268 I PackageManager: Un-granting permission android.permission.CAPTURE_VIDEO_OUTPUT from package com.google.android.gms (protectionLevel=2 flags=0xa0cabec5)
04-26 16:41:27.174  1221  1268 I PackageManager: Un-granting permission android.permission.MANAGE_DEVICE_ADMINS from package com.google.android.gms (protectionLevel=2 flags=0xa0cabec5)
04-26 16:41:27.174  1221  1268 I PackageManager: Un-granting permission android.permission.MANAGE_ACTIVITY_STACKS from package com.google.android.gms (protectionLevel=2 flags=0xa0cabec5)
04-26 16:41:27.174  1221  1268 I PackageManager: Un-granting permission android.permission.CAPTURE_SECURE_VIDEO_OUTPUT from package com.google.android.gms (protectionLevel=2 flags=0xa0cabec5)
04-26 16:41:27.174  1221  1268 I PackageManager: Un-granting permission android.permission.MANAGE_ROLLBACKS from package com.google.android.gms (protectionLevel=514 flags=0xa0cabec5)
04-26 16:41:27.177  1221  1268 I PackageManager: Un-granting permission android.permission.WRITE_MEDIA_STORAGE from package com.google.android.apps.photos (protectionLevel=18 flags=0x38d9bec5)
04-26 16:41:27.177  1221  1268 I PackageManager: Un-granting permission android.permission.INTERACT_ACROSS_PROFILES from package com.google.android.calendar (protectionLevel=18 flags=0x30cbbec5)
04-26 16:41:27.178  1221  1268 I PackageManager: Un-granting permission android.permission.BATTERY_STATS from package com.facebook.lite (protectionLevel=50 flags=0x30883e44)
04-26 16:41:27.181  1221  1268 I PackageManager: Un-granting permission android.permission.PACKAGE_USAGE_STATS from package com.hmdglobal.support (protectionLevel=114 flags=0x20c8bec5)
04-26 16:41:27.181  1221  1268 I PackageManager: Un-granting permission com.google.android.finsky.permission.GEARHEAD_SERVICE from package com.google.android.projection.gearhead (protectionLevel=18 flags=0x388bbec5)
04-26 16:41:27.181  1221  1268 I PackageManager: Un-granting permission android.permission.CHANGE_COMPONENT_ENABLED_STATE from package com.google.android.projection.gearhead (protectionLevel=18 flags=0x388bbec5)
04-26 16:41:27.181  1221  1268 I PackageManager: Un-granting permission android.permission.INTERACT_ACROSS_PROFILES from package com.google.android.projection.gearhead (protectionLevel=18 flags=0x388bbec5)
04-26 16:41:27.182  1221  1268 I PackageManager: Un-granting permission android.permission.READ_WALLPAPER_INTERNAL from package com.google.android.apps.wallpaper (protectionLevel=18 flags=0x20cbbec5)
04-26 16:41:27.182  1221  1268 I PackageManager: Un-granting permission android.permission.SET_WALLPAPER_COMPONENT from package com.google.android.apps.wallpaper (protectionLevel=18 flags=0x20cbbec5)
04-26 16:41:27.182  1221  1268 I PackageManager: Un-granting permission android.permission.BIND_WALLPAPER from package com.google.android.apps.wallpaper (protectionLevel=18 flags=0x20cbbec5)
04-26 16:41:27.182  1221  1268 I PackageManager: Un-granting permission android.permission.CHANGE_OVERLAY_PACKAGES from package com.google.android.apps.wallpaper (protectionLevel=18 flags=0x20cbbec5)
04-26 16:41:27.182  1221  1268 I PackageManager: Un-granting permission android.permission.WRITE_SECURE_SETTINGS from package com.google.android.apps.wallpaper (protectionLevel=50 flags=0x20cbbec5)
04-26 16:41:27.182  1221  1268 I PackageManager: Un-granting permission android.permission.PACKAGE_USAGE_STATS from package com.martianmode.applock (protectionLevel=114 flags=0x30d83e04)
04-26 16:41:27.182  1221  1268 I PackageManager: Un-granting permission android.permission.SYSTEM_ALERT_WINDOW from package com.martianmode.applock (protectionLevel=1250 flags=0x30d83e04)
04-26 16:41:27.182  1221  1268 I PackageManager: Un-granting permission android.permission.WRITE_SETTINGS from package com.martianmode.applock (protectionLevel=1218 flags=0x30d83e04)
04-26 16:41:27.187  1221  1268 I PackageManager: Un-granting permission android.permission.WRITE_SETTINGS from package in.mohalla.video (protectionLevel=1218 flags=0x30d83e44)
04-26 16:41:27.187  1221  1268 I PackageManager: Un-granting permission android.permission.SYSTEM_ALERT_WINDOW from package in.mohalla.video (protectionLevel=1250 flags=0x30d83e44)
04-26 16:41:27.187  1221  1268 I PackageManager: Un-granting permission android.permission.REQUEST_INSTALL_PACKAGES from package in.mohalla.video (protectionLevel=66 flags=0x30d83e44)
04-26 16:41:27.189  1221  1268 I PackageManager: Un-granting permission android.permission.INTERACT_ACROSS_PROFILES from package com.google.android.inputmethod.latin (protectionLevel=18 flags=0x20cabec5)
04-26 16:41:27.189  1221  1268 I PackageManager: Un-granting permission android.permission.SYSTEM_ALERT_WINDOW from package com.log.log0 (protectionLevel=1250 flags=0x3858be44)
04-26 16:41:27.189  1221  1268 I PackageManager: Un-granting permission android.permission.MANAGE_DOCUMENTS from package com.log.log0 (protectionLevel=262146 flags=0x3858be44)
04-26 16:41:27.189  1221  1268 I PackageManager: Un-granting permission android.permission.WRITE_SETTINGS from package com.log.log0 (protectionLevel=1218 flags=0x3858be44)
04-26 16:41:32.099  1221  1268 V BackupManagerService: restoreAtInstall pkg=com.log.log0 token=a restoreSet=0
04-26 16:41:32.099  1221  1268 V BackupManagerService: Finishing install immediately
04-26 16:41:32.100  1221  1268 D PackageManager: setWhitelistedRestrictedPermissions, pkg: Package{9443b03 com.log.log0}, callingUid: 1000, whitelistFlags: 2
04-26 16:41:32.100  1221  1268 W PackageManager: Cannot whitelist unknown permission: android.permission.READ_INTERNAL_STORAGE
04-26 16:41:32.100  1221  1268 W PackageManager: Cannot whitelist unknown permission: host.exp.exponent.permission.C2D_MESSAGE
04-26 16:41:32.100  1221  1268 W PackageManager: Cannot whitelist unknown permission: com.sec.android.provider.badge.permission.READ
04-26 16:41:32.100  1221  1268 W PackageManager: Cannot whitelist unknown permission: com.sec.android.provider.badge.permission.WRITE
04-26 16:41:32.100  1221  1268 W PackageManager: Cannot whitelist unknown permission: com.htc.launcher.permission.READ_SETTINGS
04-26 16:41:32.100  1221  1268 W PackageManager: Cannot whitelist unknown permission: com.htc.launcher.permission.UPDATE_SHORTCUT
04-26 16:41:32.100  1221  1268 W PackageManager: Cannot whitelist unknown permission: com.sonyericsson.home.permission.BROADCAST_BADGE
04-26 16:41:32.100  1221  1268 W PackageManager: Cannot whitelist unknown permission: com.sonymobile.home.permission.PROVIDER_INSERT_BADGE
04-26 16:41:32.100  1221  1268 W PackageManager: Cannot whitelist unknown permission: com.anddoes.launcher.permission.UPDATE_COUNT
04-26 16:41:32.100  1221  1268 W PackageManager: Cannot whitelist unknown permission: com.majeur.launcher.permission.UPDATE_BADGE
04-26 16:41:32.100  1221  1268 W PackageManager: Cannot whitelist unknown permission: com.huawei.android.launcher.permission.CHANGE_BADGE
04-26 16:41:32.100  1221  1268 W PackageManager: Cannot whitelist unknown permission: com.huawei.android.launcher.permission.READ_SETTINGS
04-26 16:41:32.100  1221  1268 W PackageManager: Cannot whitelist unknown permission: com.huawei.android.launcher.permission.WRITE_SETTINGS
04-26 16:41:32.100  1221  1268 W PackageManager: Cannot whitelist unknown permission: android.permission.READ_APP_BADGE
04-26 16:41:32.100  1221  1268 W PackageManager: Cannot whitelist unknown permission: com.oppo.launcher.permission.READ_SETTINGS
04-26 16:41:32.100  1221  1268 W PackageManager: Cannot whitelist unknown permission: com.oppo.launcher.permission.WRITE_SETTINGS
04-26 16:41:32.100  1221  1268 W PackageManager: Cannot whitelist unknown permission: me.everything.badger.permission.BADGE_COUNT_READ
04-26 16:41:32.100  1221  1268 W PackageManager: Cannot whitelist unknown permission: me.everything.badger.permission.BADGE_COUNT_WRITE
04-26 16:41:32.100  1221  1245 D AppOps  : checkOperation: uid reject #1 for code 0 uid 10488 package com.log.log0
04-26 16:41:32.101  1221  1268 I PackageManager: Un-granting permission android.permission.SYSTEM_ALERT_WINDOW from package com.log.log0 (protectionLevel=1250 flags=0x3858be44)
04-26 16:41:32.101  1221  1268 I PackageManager: Un-granting permission android.permission.MANAGE_DOCUMENTS from package com.log.log0 (protectionLevel=262146 flags=0x3858be44)
04-26 16:41:32.101  1221  1268 I PackageManager: Un-granting permission android.permission.WRITE_SETTINGS from package com.log.log0 (protectionLevel=1218 flags=0x3858be44)
04-26 16:41:32.108  1221  1268 D PMS_ADV_APPS_INST_COL: collectAdvancedAppsInfo ...
04-26 16:41:32.108  1221  1268 I PackageManager: [SW3]StatsLog PKG_ADM__ADM__ADD, isSystemApp:false
04-26 16:41:32.110  1221  1245 D AppOps  : checkOperation: uid reject #1 for code 0 uid 10488 package com.log.log0
04-26 16:41:32.111  1221  1245 D AppOps  : checkOperation: uid reject #1 for code 0 uid 10488 package com.log.log0
04-26 16:41:32.111  1221  1268 D AppOps  : checkOperation: uid reject #1 for code 0 uid 10488 package com.log.log0
04-26 16:41:32.119   364   371 D vold    : Remounting 10488 as mode default
--------- beginning of main
04-26 16:41:33.996   916  1435 D installd: Purging /data/data/com.instagram.android/cache/ExoPlayerCacheDir/videocache/2553143288758883142_44353961512.null.203498274615358vd.-1.121170932_760635478178147_588729471241727078_n.mp4.102400.1619432213331.v2.exo size=102400 mod=1619432081 from UID=10006 used=960786432 quota=44288054 ratio=216940
04-26 16:41:33.996   916  1435 D installd: Purging /data/data/com.instagram.android/cache/ExoPlayerCacheDir/videocache/2553143288758883142_44353961512.null.561694641463957ad.-1.173252671_841811936679251_9011493668965908577_n.mp4.0.1619432213496.v2.exo size=40960 mod=1619432081 from UID=10006 used=960684032 quota=44288054 ratio=216917
04-26 16:41:33.996   916  1435 D installd: Purging /data/data/com.instagram.android/cache/ExoPlayerCacheDir/videocache/2553143288758883142_44353961512.null.203498274615358vd.-1.121170932_760635478178147_588729471241727078_n.mp4.716800.1619432213511.v2.exo size=102400 mod=1619432081 from UID=10006 used=960643072 quota=44288054 ratio=216907
04-26 16:41:33.996   916  1435 D installd: Purging /data/data/com.instagram.android/cache/ExoPlayerCacheDir/videocache/2553143288758883142_44353961512.null.203498274615358vd.-1.121170932_760635478178147_588729471241727078_n.mp4.307200.1619432213336.v2.exo size=102400 mod=1619432081 from UID=10006 used=960540672 quota=44288054 ratio=216884
04-26 16:41:33.996   916  1435 D installd: Purging /data/data/com.instagram.android/cache/ExoPlayerCacheDir/videocache/2553143288758883142_44353961512.null.203498274615358vd.-1.121170932_760635478178147_588729471241727078_n.mp4.0.1619432213324.v2.exo size=102400 mod=1619432081 from UID=10006 used=960438272 quota=44288054 ratio=216861
04-26 16:41:33.996   916  1435 D installd: Purging /data/data/com.instagram.android/cache/ExoPlayerCacheDir/videocache/2553143288758883142_44353961512.null.203498274615358vd.-1.121170932_760635478178147_588729471241727078_n.mp4.1024000.1619432213521.v2.exo size=102400 mod=1619432081 from UID=10006 used=960335872 quota=44288054 ratio=216838
04-26 16:41:33.996   916  1435 D installd: Purging /data/data/com.instagram.android/cache/ExoPlayerCacheDir/videocache/2553143288758883142_44353961512.null.203498274615358vd.-1.121170932_760635478178147_588729471241727078_n.mp4.1126400.1619432213525.v2.exo size=102400 mod=1619432081 from UID=10006 used=960233472 quota=44288054 ratio=216815
04-26 16:41:33.996   916  1435 D installd: Purging /data/data/com.instagram.android/cache/ExoPlayerCacheDir/videocache/2560286170300254381_8376883634.null.761876484470667vd.-1.44996746_496103195084739_5625907898721544765_n.mp4.1331200.1619432204333.v2.exo size=106496 mod=1619432081 from UID=10006 used=960131072 quota=44288054 ratio=216792
04-26 16:41:33.997   916  1435 D installd: Purging /data/data/com.instagram.android/cache/ExoPlayerCacheDir/videocache/2553143288758883142_44353961512.null.203498274615358vd.-1.121170932_760635478178147_588729471241727078_n.mp4.409600.1619432213339.v2.exo size=102400 mod=1619432081 from UID=10006 used=960024576 quota=44288054 ratio=216768
04-26 16:41:33.997   916  1435 D installd: Purging /data/data/com.instagram.android/cache/images/b5ba32d9.clean size=8192 mod=1619432081 from UID=10006 used=959922176 quota=44288054 ratio=216745
04-26 16:41:33.997   916  1435 D installd: Purging /data/data/com.instagram.android/cache/images/73f2b97c.clean size=90112 mod=1619432081 from UID=10006 used=959913984 quota=44288054 ratio=216743
04-26 16:41:33.997   916  1435 D installd: Purging /data/data/com.instagram.android/cache/ExoPlayerCacheDir/videocache/2551050105283502764_370248950.null.3652380524889934vd.-1.120609047_200176634986358_6593229006370137800_n.mp4.webm.716800.1619432237445.v2.exo size=102400 mod=1619432083 from UID=10006 used=959823872 quota=44288054 ratio=216722
04-26 16:41:33.997   916  1435 D installd: Purging /data/data/com.instagram.android/cache/ExoPlayerCacheDir/videocache/2551050105283502764_370248950.null.3652380524889934vd.-1.120609047_200176634986358_6593229006370137800_n.mp4.webm.1024000.1619432237462.v2.exo size=106496 mod=1619432083 from UID=10006 used=959721472 quota=44288054 ratio=216699
04-26 16:41:33.998   916  1435 D installd: Purging /data/data/com.instagram.android/cache/ExoPlayerCacheDir/videocache/2551050105283502764_370248950.null.3652380524889934vd.-1.120609047_200176634986358_6593229006370137800_n.mp4.webm.1228800.1619432237472.v2.exo size=106496 mod=1619432083 from UID=10006 used=959614976 quota=44288054 ratio=216675
04-26 16:41:33.998   916  1435 D installd: Purging /data/data/com.instagram.android/cache/ExoPlayerCacheDir/videocache/2551050105283502764_370248950.null.3652380524889934vd.-1.120609047_200176634986358_6593229006370137800_n.mp4.webm.307200.1619432237356.v2.exo size=106496 mod=1619432083 from UID=10006 used=959508480 quota=44288054 ratio=216651
04-26 16:41:33.999   916  1435 D installd: Purging /data/data/com.instagram.android/cache/ExoPlayerCacheDir/videocache/2555842606824447637_6128609719.null.305759304493800vd.-1.122260688_3043169092582423_6167705426553731528_n.mp4.102400.1619432248001.v2.exo size=102400 mod=1619432083 from UID=10006 used=959401984 quota=44288054 ratio=216627
04-26 16:41:33.999   916  1435 D installd: Purging /data/data/com.instagram.android/cache/ExoPlayerCacheDir/videocache/2551050105283502764_370248950.null.3652380524889934vd.-1.120609047_200176634986358_6593229006370137800_n.mp4.webm.102400.1619432237351.v2.exo size=102400 mod=1619432083 from UID=10006 used=959299584 quota=44288054 ratio=216604
04-26 16:41:33.999   916  1435 D installd: Purging /data/data/com.google.android.apps.photos/cache/exoplayer/9/255.0.1619430610121.v3.exo size=4096 mod=1619430610 from UID=10141 used=160886784 quota=7428426 ratio=216582
04-26 16:41:33.999   916  1435 D installd: Purging /data/data/com.instagram.android/cache/ExoPlayerCacheDir/videocache/2556572592769491131_202318783.null.1031603784034457ad.-1.176089541_300373081665213_5659408181690895609_n.mp4.153884.1619432140198.v2.exo size=24576 mod=1619432083 from UID=10006 used=959197184 quota=44288054 ratio=216581
04-26 16:41:33.999   916  1435 D installd: Purging /data/data/com.google.android.apps.photos/cache/exoplayer/8/260.0.1619430624779.v3.exo size=528384 mod=1619430611 from UID=10141 used=160882688 quota=7428426 ratio=216577
04-26 16:41:34.000   916  1435 D installd: Purging /data/data/com.instagram.android/cache/ExoPlayerCacheDir/videocache/2551050105283502764_370248950.null.3652380524889934vd.-1.120609047_200176634986358_6593229006370137800_n.mp4.webm.1126400.1619432237466.v2.exo size=102400 mod=1619432083 from UID=10006 used=959172608 quota=44288054 ratio=216575
04-26 16:41:34.000   916  1435 D installd: Purging /data/data/com.instagram.android/cache/ExoPlayerCacheDir/videocache/2551050105283502764_370248950.null.3652380524889934vd.-1.120609047_200176634986358_6593229006370137800_n.mp4.webm.819200.1619432237455.v2.exo size=106496 mod=1619432083 from UID=10006 used=959070208 quota=44288054 ratio=216552
04-26 16:41:34.000   916  1435 D installd: Purging /data/data/com.instagram.android/cache/ExoPlayerCacheDir/videocache/2556572592769491131_202318783.null.1031603784034457ad.-1.176089541_300373081665213_5659408181690895609_n.mp4.87796.1619432140128.v2.exo size=24576 mod=1619432083 from UID=10006 used=958963712 quota=44288054 ratio=216528
04-26 16:41:34.000   916  1435 D installd: Purging /data/data/com.instagram.android/cache/ExoPlayerCacheDir/videocache/2556572592769491131_202318783.null.1031603784034457ad.-1.176089541_300373081665213_5659408181690895609_n.mp4.131760.1619432140194.v2.exo size=24576 mod=1619432083 from UID=10006 used=958939136 quota=44288054 ratio=216523
04-26 16:41:34.001   916  1435 D installd: Purging /data/data/com.instagram.android/cache/ExoPlayerCacheDir/videocache/2555842606824447637_6128609719.null.305759304493800vd.-1.122260688_3043169092582423_6167705426553731528_n.mp4.0.1619432247999.v2.exo size=102400 mod=1619432083 from UID=10006 used=958914560 quota=44288054 ratio=216517
04-26 16:41:34.001   916  1435 D installd: Purging /data/data/com.instagram.android/cache/ExoPlayerCacheDir/videocache/2556572592769491131_202318783.null.1031603784034457ad.-1.176089541_300373081665213_5659408181690895609_n.mp4.110073.1619432140181.v2.exo size=24576 mod=1619432083 from UID=10006 used=958812160 quota=44288054 ratio=216494
04-26 16:41:34.001   916  1435 D installd: Purging /data/data/com.instagram.android/cache/ExoPlayerCacheDir/videocache/2551050105283502764_370248950.null.3652380524889934vd.-1.120609047_200176634986358_6593229006370137800_n.mp4.webm.512000.1619432237360.v2.exo size=102400 mod=1619432083 from UID=10006 used=958787584 quota=44288054 ratio=216488
04-26 16:41:34.001   916  1435 D installd: Purging /data/data/com.instagram.android/cache/ExoPlayerCacheDir/videocache/2556572592769491131_202318783.null.1031603784034457ad.-1.176089541_300373081665213_5659408181690895609_n.mp4.44477.1619432140030.v2.exo size=24576 mod=1619432083 from UID=10006 used=958685184 quota=44288054 ratio=216465
04-26 16:41:34.001   916  1435 D installd: Purging /data/data/com.instagram.android/cache/ExoPlayerCacheDir/videocache/2551050105283502764_370248950.null.3652380524889934vd.-1.120609047_200176634986358_6593229006370137800_n.mp4.webm.921600.1619432237459.v2.exo size=102400 mod=1619432083 from UID=10006 used=958660608 quota=44288054 ratio=216460
04-26 16:41:34.001   916  1435 D installd: Purging /data/data/com.instagram.android/cache/ExoPlayerCacheDir/videocache/2551050105283502764_370248950.null.3652380524889934vd.-1.120609047_200176634986358_6593229006370137800_n.mp4.webm.204800.1619432237353.v2.exo size=102400 mod=1619432083 from UID=10006 used=958558208 quota=44288054 ratio=216437
