04-26 16:29:05.646  1221  1245 W RCMonitor: 	at com.android.server.usb.UsbDeviceManager$UsbHandler.getAppliedFunctions(UsbDeviceManager.java:926)
04-26 16:29:05.646  1221  1245 W RCMonitor: 	at com.android.server.usb.UsbDeviceManager$UsbHandler.handleMessage(UsbDeviceManager.java:944)
04-26 16:29:05.646  1221  1245 W RCMonitor: 	at android.os.Handler.dispatchMessage(Handler.java:107)
04-26 16:29:05.646  1221  1245 W RCMonitor: 	at android.os.Looper.loop(Looper.java:214)
04-26 16:29:05.646  1221  1245 W RCMonitor: 	at android.os.HandlerThread.run(HandlerThread.java:67)
04-26 16:29:05.646  1221  1245 W RCMonitor: 	at com.android.server.ServiceThread.run(ServiceThread.java:44)
04-26 16:29:05.647  1221  1245 W RCMonitor: android.content.pm.PackageManager$NameNotFoundException: com.evenwell.remotecare
04-26 16:29:05.647  1221  1245 W RCMonitor: 	at android.app.ApplicationPackageManager.getPackageInfoAsUser(ApplicationPackageManager.java:192)
04-26 16:29:05.647  1221  1245 W RCMonitor: 	at android.app.ApplicationPackageManager.getPackageInfo(ApplicationPackageManager.java:161)
04-26 16:29:05.647  1221  1245 W RCMonitor: 	at com.fihtdc.server.utils.RCMonitor.checkRemoteCareInstalled(RCMonitor.java:188)
04-26 16:29:05.647  1221  1245 W RCMonitor: 	at com.fihtdc.server.utils.RCMonitor.getSettings(RCMonitor.java:172)
04-26 16:29:05.647  1221  1245 W RCMonitor: 	at com.fihtdc.server.utils.RCMonitor.isLocked(RCMonitor.java:149)
04-26 16:29:05.647  1221  1245 W RCMonitor: 	at com.fihtdc.server.utils.RCMonitor.readDB(RCMonitor.java:133)
04-26 16:29:05.647  1221  1245 W RCMonitor: 	at com.android.server.usb.fih.RemoteLockMonitor.isRemoteLockManagedEnable(RemoteLockMonitor.java:55)
04-26 16:29:05.647  1221  1245 W RCMonitor: 	at com.android.server.usb.UsbDeviceManager$UsbHandler.isAdbEnabled(UsbDeviceManager.java:1444)
04-26 16:29:05.647  1221  1245 W RCMonitor: 	at com.android.server.usb.UsbDeviceManager$UsbHandler.getChargingFunctions(UsbDeviceManager.java:1511)
04-26 16:29:05.647  1221  1245 W RCMonitor: 	at com.android.server.usb.UsbDeviceManager$UsbHandler.getAppliedFunctions(UsbDeviceManager.java:926)
04-26 16:29:05.647  1221  1245 W RCMonitor: 	at com.android.server.usb.UsbDeviceManager$UsbHandler.handleMessage(UsbDeviceManager.java:944)
04-26 16:29:05.647  1221  1245 W RCMonitor: 	at android.os.Handler.dispatchMessage(Handler.java:107)
04-26 16:29:05.647  1221  1245 W RCMonitor: 	at android.os.Looper.loop(Looper.java:214)
04-26 16:29:05.647  1221  1245 W RCMonitor: 	at android.os.HandlerThread.run(HandlerThread.java:67)
04-26 16:29:05.647  1221  1245 W RCMonitor: 	at com.android.server.ServiceThread.run(ServiceThread.java:44)
04-26 16:29:05.647  1221  1245 D RCMonitor: RC readDB Status mIsManaged= false , mIsLock = false
04-26 16:29:05.647  1221  1245 D UsbDeviceManager: skip broadcasting Intent { act=android.hardware.usb.action.USB_STATE flg=0x31000000 (has extras) } extras: Bundle[{host_connected=false, connected=true, unlocked=false, adb=true, configured=false}]
04-26 16:29:05.648  1221  1654 V UsbDeviceManager: USB UEVENT: {SUBSYSTEM=android_usb, SEQNUM=143198, ACTION=change, USB_STATE=DISCONNECTED, DEVPATH=/devices/virtual/android_usb/android0}
04-26 16:29:06.650  1221  1245 D UsbDeviceManager: Clear notification
04-26 16:29:06.650  1221  1245 W RCMonitor: android.content.pm.PackageManager$NameNotFoundException: com.evenwell.remotecare
04-26 16:29:06.650  1221  1245 W RCMonitor: 	at android.app.ApplicationPackageManager.getPackageInfoAsUser(ApplicationPackageManager.java:192)
04-26 16:29:06.650  1221  1245 W RCMonitor: 	at android.app.ApplicationPackageManager.getPackageInfo(ApplicationPackageManager.java:161)
04-26 16:29:06.650  1221  1245 W RCMonitor: 	at com.fihtdc.server.utils.RCMonitor.checkRemoteCareInstalled(RCMonitor.java:188)
04-26 16:29:06.650  1221  1245 W RCMonitor: 	at com.fihtdc.server.utils.RCMonitor.getSettings(RCMonitor.java:172)
04-26 16:29:06.650  1221  1245 W RCMonitor: 	at com.fihtdc.server.utils.RCMonitor.isManaged(RCMonitor.java:139)
04-26 16:29:06.650  1221  1245 W RCMonitor: 	at com.fihtdc.server.utils.RCMonitor.readDB(RCMonitor.java:132)
04-26 16:29:06.650  1221  1245 W RCMonitor: 	at com.android.server.usb.fih.RemoteLockMonitor.isRemoteLockManagedEnable(RemoteLockMonitor.java:55)
04-26 16:29:06.650  1221  1245 W RCMonitor: 	at com.android.server.usb.UsbDeviceManager$UsbHandler.isAdbEnabled(UsbDeviceManager.java:1444)
04-26 16:29:06.650  1221  1245 W RCMonitor: 	at com.android.server.usb.UsbDeviceManager$UsbHandler.updateAdbNotification(UsbDeviceManager.java:1457)
04-26 16:29:06.650  1221  1245 W RCMonitor: 	at com.android.server.usb.UsbDeviceManager$UsbHandler.handleMessage(UsbDeviceManager.java:942)
04-26 16:29:06.650  1221  1245 W RCMonitor: 	at android.os.Handler.dispatchMessage(Handler.java:107)
04-26 16:29:06.650  1221  1245 W RCMonitor: 	at android.os.Looper.loop(Looper.java:214)
04-26 16:29:06.650  1221  1245 W RCMonitor: 	at android.os.HandlerThread.run(HandlerThread.java:67)
04-26 16:29:06.650  1221  1245 W RCMonitor: 	at com.android.server.ServiceThread.run(ServiceThread.java:44)
04-26 16:29:06.651  1221  1221 I NotificationService: updateLightsLocked() : ledNotification = null ,mInCall = false ,mScreenOn = false ,FQC = false
04-26 16:29:06.651  1221  1245 W RCMonitor: android.content.pm.PackageManager$NameNotFoundException: com.evenwell.remotecare
04-26 16:29:06.651  1221  1245 W RCMonitor: 	at android.app.ApplicationPackageManager.getPackageInfoAsUser(ApplicationPackageManager.java:192)
04-26 16:29:06.651  1221  1245 W RCMonitor: 	at android.app.ApplicationPackageManager.getPackageInfo(ApplicationPackageManager.java:161)
04-26 16:29:06.651  1221  1245 W RCMonitor: 	at com.fihtdc.server.utils.RCMonitor.checkRemoteCareInstalled(RCMonitor.java:188)
04-26 16:29:06.651  1221  1245 W RCMonitor: 	at com.fihtdc.server.utils.RCMonitor.getSettings(RCMonitor.java:172)
04-26 16:29:06.651  1221  1245 W RCMonitor: 	at com.fihtdc.server.utils.RCMonitor.isLocked(RCMonitor.java:149)
04-26 16:29:06.651  1221  1245 W RCMonitor: 	at com.fihtdc.server.utils.RCMonitor.readDB(RCMonitor.java:133)
04-26 16:29:06.651  1221  1245 W RCMonitor: 	at com.android.server.usb.fih.RemoteLockMonitor.isRemoteLockManagedEnable(RemoteLockMonitor.java:55)
04-26 16:29:06.651  1221  1245 W RCMonitor: 	at com.android.server.usb.UsbDeviceManager$UsbHandler.isAdbEnabled(UsbDeviceManager.java:1444)
04-26 16:29:06.651  1221  1245 W RCMonitor: 	at com.android.server.usb.UsbDeviceManager$UsbHandler.updateAdbNotification(UsbDeviceManager.java:1457)
04-26 16:29:06.651  1221  1245 W RCMonitor: 	at com.android.server.usb.UsbDeviceManager$UsbHandler.handleMessage(UsbDeviceManager.java:942)
04-26 16:29:06.651  1221  1245 W RCMonitor: 	at android.os.Handler.dispatchMessage(Handler.java:107)
04-26 16:29:06.651  1221  1245 W RCMonitor: 	at android.os.Looper.loop(Looper.java:214)
04-26 16:29:06.651  1221  1245 W RCMonitor: 	at android.os.HandlerThread.run(HandlerThread.java:67)
04-26 16:29:06.651  1221  1245 W RCMonitor: 	at com.android.server.ServiceThread.run(ServiceThread.java:44)
04-26 16:29:06.651  1221  1245 D RCMonitor: RC readDB Status mIsManaged= false , mIsLock = false
04-26 16:29:06.652  1221  1245 W RCMonitor: android.content.pm.PackageManager$NameNotFoundException: com.evenwell.remotecare
04-26 16:29:06.652  1221  1245 W RCMonitor: 	at android.app.ApplicationPackageManager.getPackageInfoAsUser(ApplicationPackageManager.java:192)
04-26 16:29:06.652  1221  1245 W RCMonitor: 	at android.app.ApplicationPackageManager.getPackageInfo(ApplicationPackageManager.java:161)
04-26 16:29:06.652  1221  1245 W RCMonitor: 	at com.fihtdc.server.utils.RCMonitor.checkRemoteCareInstalled(RCMonitor.java:188)
04-26 16:29:06.652  1221  1245 W RCMonitor: 	at com.fihtdc.server.utils.RCMonitor.getSettings(RCMonitor.java:172)
04-26 16:29:06.652  1221  1245 W RCMonitor: 	at com.fihtdc.server.utils.RCMonitor.isManaged(RCMonitor.java:139)
04-26 16:29:06.652  1221  1245 W RCMonitor: 	at com.fihtdc.server.utils.RCMonitor.readDB(RCMonitor.java:132)
04-26 16:29:06.652  1221  1245 W RCMonitor: 	at com.android.server.usb.fih.RemoteLockMonitor.isRemoteLockManagedEnable(RemoteLockMonitor.java:55)
04-26 16:29:06.652  1221  1245 W RCMonitor: 	at com.android.server.usb.UsbDeviceManager$UsbHandler.isAdbEnabled(UsbDeviceManager.java:1444)
04-26 16:29:06.652  1221  1245 W RCMonitor: 	at com.android.server.usb.UsbDeviceManager$UsbHandler.getChargingFunctions(UsbDeviceManager.java:1511)
04-26 16:29:06.652  1221  1245 W RCMonitor: 	at com.android.server.usb.UsbDeviceManager$UsbHandler.getAppliedFunctions(UsbDeviceManager.java:926)
04-26 16:29:06.652  1221  1245 W RCMonitor: 	at com.android.server.usb.UsbDeviceManager$UsbHandler.handleMessage(UsbDeviceManager.java:944)
04-26 16:29:06.652  1221  1245 W RCMonitor: 	at android.os.Handler.dispatchMessage(Handler.java:107)
04-26 16:29:06.652  1221  1245 W RCMonitor: 	at android.os.Looper.loop(Looper.java:214)
04-26 16:29:06.652  1221  1245 W RCMonitor: 	at android.os.HandlerThread.run(HandlerThread.java:67)
04-26 16:29:06.652  1221  1245 W RCMonitor: 	at com.android.server.ServiceThread.run(ServiceThread.java:44)
04-26 16:29:06.653  1221  1245 W RCMonitor: android.content.pm.PackageManager$NameNotFoundException: com.evenwell.remotecare
04-26 16:29:06.653  1221  1245 W RCMonitor: 	at android.app.ApplicationPackageManager.getPackageInfoAsUser(ApplicationPackageManager.java:192)
04-26 16:29:06.653  1221  1245 W RCMonitor: 	at android.app.ApplicationPackageManager.getPackageInfo(ApplicationPackageManager.java:161)
04-26 16:29:06.653  1221  1245 W RCMonitor: 	at com.fihtdc.server.utils.RCMonitor.checkRemoteCareInstalled(RCMonitor.java:188)
04-26 16:29:06.653  1221  1245 W RCMonitor: 	at com.fihtdc.server.utils.RCMonitor.getSettings(RCMonitor.java:172)
04-26 16:29:06.653  1221  1245 W RCMonitor: 	at com.fihtdc.server.utils.RCMonitor.isLocked(RCMonitor.java:149)
04-26 16:29:06.653  1221  1245 W RCMonitor: 	at com.fihtdc.server.utils.RCMonitor.readDB(RCMonitor.java:133)
04-26 16:29:06.653  1221  1245 W RCMonitor: 	at com.android.server.usb.fih.RemoteLockMonitor.isRemoteLockManagedEnable(RemoteLockMonitor.java:55)
04-26 16:29:06.653  1221  1245 W RCMonitor: 	at com.android.server.usb.UsbDeviceManager$UsbHandler.isAdbEnabled(UsbDeviceManager.java:1444)
04-26 16:29:06.653  1221  1245 W RCMonitor: 	at com.android.server.usb.UsbDeviceManager$UsbHandler.getChargingFunctions(UsbDeviceManager.java:1511)
04-26 16:29:06.653  1221  1245 W RCMonitor: 	at com.android.server.usb.UsbDeviceManager$UsbHandler.getAppliedFunctions(UsbDeviceManager.java:926)
04-26 16:29:06.653  1221  1245 W RCMonitor: 	at com.android.server.usb.UsbDeviceManager$UsbHandler.handleMessage(UsbDeviceManager.java:944)
04-26 16:29:06.653  1221  1245 W RCMonitor: 	at android.os.Handler.dispatchMessage(Handler.java:107)
04-26 16:29:06.653  1221  1245 W RCMonitor: 	at android.os.Looper.loop(Looper.java:214)
04-26 16:29:06.653  1221  1245 W RCMonitor: 	at android.os.HandlerThread.run(HandlerThread.java:67)
04-26 16:29:06.653  1221  1245 W RCMonitor: 	at com.android.server.ServiceThread.run(ServiceThread.java:44)
04-26 16:29:06.653  1221  1245 D RCMonitor: RC readDB Status mIsManaged= false , mIsLock = false
04-26 16:29:06.655  1221  1221 I NotificationService: updateLightsLocked() : ledNotification = null ,mInCall = false ,mScreenOn = false ,FQC = false
04-26 16:29:06.657  1221  1245 D UsbDeviceManager: broadcasting Intent { act=android.hardware.usb.action.USB_STATE flg=0x31000000 (has extras) } extras: Bundle[{host_connected=false, connected=false, unlocked=false, adb=true, configured=false}]
04-26 16:29:06.657  1221  1245 D UsbDeviceManager:  mDisplayDataTransferDialog=false
04-26 16:29:06.658  1221  1245 D UsbDeviceManager: setEnabledFunctions functions=0, forceRestart=false, usbDataUnlocked=false
04-26 16:29:06.659  1221  1245 W RCMonitor: android.content.pm.PackageManager$NameNotFoundException: com.evenwell.remotecare
04-26 16:29:06.659  1221  1245 W RCMonitor: 	at android.app.ApplicationPackageManager.getPackageInfoAsUser(ApplicationPackageManager.java:192)
04-26 16:29:06.659  1221  1245 W RCMonitor: 	at android.app.ApplicationPackageManager.getPackageInfo(ApplicationPackageManager.java:161)
04-26 16:29:06.659  1221  1245 W RCMonitor: 	at com.fihtdc.server.utils.RCMonitor.checkRemoteCareInstalled(RCMonitor.java:188)
04-26 16:29:06.659  1221  1245 W RCMonitor: 	at com.fihtdc.server.utils.RCMonitor.getSettings(RCMonitor.java:172)
04-26 16:29:06.659  1221  1245 W RCMonitor: 	at com.fihtdc.server.utils.RCMonitor.isManaged(RCMonitor.java:139)
04-26 16:29:06.659  1221  1245 W RCMonitor: 	at com.fihtdc.server.utils.RCMonitor.readDB(RCMonitor.java:132)
04-26 16:29:06.659  1221  1245 W RCMonitor: 	at com.android.server.usb.fih.RemoteLockMonitor.isRemoteLockManagedEnable(RemoteLockMonitor.java:55)
04-26 16:29:06.659  1221  1245 W RCMonitor: 	at com.android.server.usb.UsbDeviceManager$UsbHandler.isAdbEnabled(UsbDeviceManager.java:1444)
04-26 16:29:06.659  1221  1245 W RCMonitor: 	at com.android.server.usb.UsbDeviceManager$UsbHandler.getChargingFunctions(UsbDeviceManager.java:1511)
04-26 16:29:06.659  1221  1245 W RCMonitor: 	at com.android.server.usb.UsbDeviceManager$UsbHandlerLegacy.trySetEnabledFunctions(UsbDeviceManager.java:1859)
04-26 16:29:06.659  1221  1245 W RCMonitor: 	at com.android.server.usb.UsbDeviceManager$UsbHandlerLegacy.setEnabledFunctions(UsbDeviceManager.java:1783)
04-26 16:29:06.659  1221  1245 W RCMonitor: 	at com.android.server.usb.UsbDeviceManager$UsbHandler.handleMessage(UsbDeviceManager.java:957)
04-26 16:29:06.659  1221  1245 W RCMonitor: 	at android.os.Handler.dispatchMessage(Handler.java:107)
04-26 16:29:06.659  1221  1245 W RCMonitor: 	at android.os.Looper.loop(Looper.java:214)
04-26 16:29:06.659  1221  1245 W RCMonitor: 	at android.os.HandlerThread.run(HandlerThread.java:67)
04-26 16:29:06.659  1221  1245 W RCMonitor: 	at com.android.server.ServiceThread.run(ServiceThread.java:44)
04-26 16:29:06.671  1221  1245 W RCMonitor: android.content.pm.PackageManager$NameNotFoundException: com.evenwell.remotecare
04-26 16:29:06.671  1221  1245 W RCMonitor: 	at android.app.ApplicationPackageManager.getPackageInfoAsUser(ApplicationPackageManager.java:192)
04-26 16:29:06.671  1221  1245 W RCMonitor: 	at android.app.ApplicationPackageManager.getPackageInfo(ApplicationPackageManager.java:161)
04-26 16:29:06.671  1221  1245 W RCMonitor: 	at com.fihtdc.server.utils.RCMonitor.checkRemoteCareInstalled(RCMonitor.java:188)
04-26 16:29:06.671  1221  1245 W RCMonitor: 	at com.fihtdc.server.utils.RCMonitor.getSettings(RCMonitor.java:172)
04-26 16:29:06.671  1221  1245 W RCMonitor: 	at com.fihtdc.server.utils.RCMonitor.isLocked(RCMonitor.java:149)
04-26 16:29:06.671  1221  1245 W RCMonitor: 	at com.fihtdc.server.utils.RCMonitor.readDB(RCMonitor.java:133)
04-26 16:29:06.671  1221  1245 W RCMonitor: 	at com.android.server.usb.fih.RemoteLockMonitor.isRemoteLockManagedEnable(RemoteLockMonitor.java:55)
04-26 16:29:06.671  1221  1245 W RCMonitor: 	at com.android.server.usb.UsbDeviceManager$UsbHandler.isAdbEnabled(UsbDeviceManager.java:1444)
04-26 16:29:06.671  1221  1245 W RCMonitor: 	at com.android.server.usb.UsbDeviceManager$UsbHandler.getChargingFunctions(UsbDeviceManager.java:1511)
04-26 16:29:06.671  1221  1245 W RCMonitor: 	at com.android.server.usb.UsbDeviceManager$UsbHandlerLegacy.trySetEnabledFunctions(UsbDeviceManager.java:1859)
04-26 16:29:06.671  1221  1245 W RCMonitor: 	at com.android.server.usb.UsbDeviceManager$UsbHandlerLegacy.setEnabledFunctions(UsbDeviceManager.java:1783)
04-26 16:29:06.671  1221  1245 W RCMonitor: 	at com.android.server.usb.UsbDeviceManager$UsbHandler.handleMessage(UsbDeviceManager.java:957)
04-26 16:29:06.671  1221  1245 W RCMonitor: 	at android.os.Handler.dispatchMessage(Handler.java:107)
04-26 16:29:06.671  1221  1245 W RCMonitor: 	at android.os.Looper.loop(Looper.java:214)
04-26 16:29:06.671  1221  1245 W RCMonitor: 	at android.os.HandlerThread.run(HandlerThread.java:67)
04-26 16:29:06.671  1221  1245 W RCMonitor: 	at com.android.server.ServiceThread.run(ServiceThread.java:44)
04-26 16:29:06.674  1221  1245 D RCMonitor: RC readDB Status mIsManaged= false , mIsLock = false
04-26 16:29:06.675  1221  1245 W RCMonitor: android.content.pm.PackageManager$NameNotFoundException: com.evenwell.remotecare
04-26 16:29:06.675  1221  1245 W RCMonitor: 	at android.app.ApplicationPackageManager.getPackageInfoAsUser(ApplicationPackageManager.java:192)
04-26 16:29:06.675  1221  1245 W RCMonitor: 	at android.app.ApplicationPackageManager.getPackageInfo(ApplicationPackageManager.java:161)
04-26 16:29:06.675  1221  1245 W RCMonitor: 	at com.fihtdc.server.utils.RCMonitor.checkRemoteCareInstalled(RCMonitor.java:188)
04-26 16:29:06.675  1221  1245 W RCMonitor: 	at com.fihtdc.server.utils.RCMonitor.getSettings(RCMonitor.java:172)
04-26 16:29:06.675  1221  1245 W RCMonitor: 	at com.fihtdc.server.utils.RCMonitor.isManaged(RCMonitor.java:139)
04-26 16:29:06.675  1221  1245 W RCMonitor: 	at com.fihtdc.server.utils.RCMonitor.readDB(RCMonitor.java:132)
04-26 16:29:06.675  1221  1245 W RCMonitor: 	at com.android.server.usb.fih.RemoteLockMonitor.isRemoteLockManagedEnable(RemoteLockMonitor.java:55)
04-26 16:29:06.675  1221  1245 W RCMonitor: 	at com.android.server.usb.UsbDeviceManager$UsbHandlerLegacy.trySetEnabledFunctions(UsbDeviceManager.java:1873)
04-26 16:29:06.675  1221  1245 W RCMonitor: 	at com.android.server.usb.UsbDeviceManager$UsbHandlerLegacy.setEnabledFunctions(UsbDeviceManager.java:1783)
04-26 16:29:06.675  1221  1245 W RCMonitor: 	at com.android.server.usb.UsbDeviceManager$UsbHandler.handleMessage(UsbDeviceManager.java:957)
04-26 16:29:06.675  1221  1245 W RCMonitor: 	at android.os.Handler.dispatchMessage(Handler.java:107)
04-26 16:29:06.675  1221  1245 W RCMonitor: 	at android.os.Looper.loop(Looper.java:214)
04-26 16:29:06.675  1221  1245 W RCMonitor: 	at android.os.HandlerThread.run(HandlerThread.java:67)
04-26 16:29:06.675  1221  1245 W RCMonitor: 	at com.android.server.ServiceThread.run(ServiceThread.java:44)
04-26 16:29:06.676  1221  1245 W RCMonitor: android.content.pm.PackageManager$NameNotFoundException: com.evenwell.remotecare
04-26 16:29:06.676  1221  1245 W RCMonitor: 	at android.app.ApplicationPackageManager.getPackageInfoAsUser(ApplicationPackageManager.java:192)
04-26 16:29:06.676  1221  1245 W RCMonitor: 	at android.app.ApplicationPackageManager.getPackageInfo(ApplicationPackageManager.java:161)
04-26 16:29:06.676  1221  1245 W RCMonitor: 	at com.fihtdc.server.utils.RCMonitor.checkRemoteCareInstalled(RCMonitor.java:188)
04-26 16:29:06.676  1221  1245 W RCMonitor: 	at com.fihtdc.server.utils.RCMonitor.getSettings(RCMonitor.java:172)
04-26 16:29:06.676  1221  1245 W RCMonitor: 	at com.fihtdc.server.utils.RCMonitor.isLocked(RCMonitor.java:149)
04-26 16:29:06.676  1221  1245 W RCMonitor: 	at com.fihtdc.server.utils.RCMonitor.readDB(RCMonitor.java:133)
04-26 16:29:06.676  1221  1245 W RCMonitor: 	at com.android.server.usb.fih.RemoteLockMonitor.isRemoteLockManagedEnable(RemoteLockMonitor.java:55)
04-26 16:29:06.676  1221  1245 W RCMonitor: 	at com.android.server.usb.UsbDeviceManager$UsbHandlerLegacy.trySetEnabledFunctions(UsbDeviceManager.java:1873)
04-26 16:29:06.676  1221  1245 W RCMonitor: 	at com.android.server.usb.UsbDeviceManager$UsbHandlerLegacy.setEnabledFunctions(UsbDeviceManager.java:1783)
04-26 16:29:06.676  1221  1245 W RCMonitor: 	at com.android.server.usb.UsbDeviceManager$UsbHandler.handleMessage(UsbDeviceManager.java:957)
04-26 16:29:06.676  1221  1245 W RCMonitor: 	at android.os.Handler.dispatchMessage(Handler.java:107)
04-26 16:29:06.676  1221  1245 W RCMonitor: 	at android.os.Looper.loop(Looper.java:214)
04-26 16:29:06.676  1221  1245 W RCMonitor: 	at android.os.HandlerThread.run(HandlerThread.java:67)
04-26 16:29:06.676  1221  1245 W RCMonitor: 	at com.android.server.ServiceThread.run(ServiceThread.java:44)
04-26 16:29:06.676  1221  1245 D RCMonitor: RC readDB Status mIsManaged= false , mIsLock = false
04-26 16:29:06.676  1221  1245 W RCMonitor: android.content.pm.PackageManager$NameNotFoundException: com.evenwell.remotecare
04-26 16:29:06.676  1221  1245 W RCMonitor: 	at android.app.ApplicationPackageManager.getPackageInfoAsUser(ApplicationPackageManager.java:192)
04-26 16:29:06.676  1221  1245 W RCMonitor: 	at android.app.ApplicationPackageManager.getPackageInfo(ApplicationPackageManager.java:161)
04-26 16:29:06.676  1221  1245 W RCMonitor: 	at com.fihtdc.server.utils.RCMonitor.checkRemoteCareInstalled(RCMonitor.java:188)
04-26 16:29:06.676  1221  1245 W RCMonitor: 	at com.fihtdc.server.utils.RCMonitor.getSettings(RCMonitor.java:172)
04-26 16:29:06.676  1221  1245 W RCMonitor: 	at com.fihtdc.server.utils.RCMonitor.isManaged(RCMonitor.java:139)
04-26 16:29:06.676  1221  1245 W RCMonitor: 	at com.fihtdc.server.utils.RCMonitor.readDB(RCMonitor.java:132)
04-26 16:29:06.676  1221  1245 W RCMonitor: 	at com.android.server.usb.fih.RemoteLockMonitor.isRemoteLockManagedEnable(RemoteLockMonitor.java:55)
04-26 16:29:06.676  1221  1245 W RCMonitor: 	at com.android.server.usb.UsbDeviceManager$UsbHandler.isAdbEnabled(UsbDeviceManager.java:1444)
04-26 16:29:06.676  1221  1245 W RCMonitor: 	at com.android.server.usb.UsbDeviceManager$UsbHandlerLegacy.applyAdbFunction(UsbDeviceManager.java:1843)
04-26 16:29:06.676  1221  1245 W RCMonitor: 	at com.android.server.usb.UsbDeviceManager$UsbHandlerLegacy.trySetEnabledFunctions(UsbDeviceManager.java:1879)
04-26 16:29:06.676  1221  1245 W RCMonitor: 	at com.android.server.usb.UsbDeviceManager$UsbHandlerLegacy.setEnabledFunctions(UsbDeviceManager.java:1783)
04-26 16:29:06.676  1221  1245 W RCMonitor: 	at com.android.server.usb.UsbDeviceManager$UsbHandler.handleMessage(UsbDeviceManager.java:957)
04-26 16:29:06.676  1221  1245 W RCMonitor: 	at android.os.Handler.dispatchMessage(Handler.java:107)
04-26 16:29:06.676  1221  1245 W RCMonitor: 	at android.os.Looper.loop(Looper.java:214)
04-26 16:29:06.676  1221  1245 W RCMonitor: 	at android.os.HandlerThread.run(HandlerThread.java:67)
04-26 16:29:06.676  1221  1245 W RCMonitor: 	at com.android.server.ServiceThread.run(ServiceThread.java:44)
04-26 16:29:06.677  1221  1245 W RCMonitor: android.content.pm.PackageManager$NameNotFoundException: com.evenwell.remotecare
04-26 16:29:06.677  1221  1245 W RCMonitor: 	at android.app.ApplicationPackageManager.getPackageInfoAsUser(ApplicationPackageManager.java:192)
04-26 16:29:06.677  1221  1245 W RCMonitor: 	at android.app.ApplicationPackageManager.getPackageInfo(ApplicationPackageManager.java:161)
04-26 16:29:06.677  1221  1245 W RCMonitor: 	at com.fihtdc.server.utils.RCMonitor.checkRemoteCareInstalled(RCMonitor.java:188)
04-26 16:29:06.677  1221  1245 W RCMonitor: 	at com.fihtdc.server.utils.RCMonitor.getSettings(RCMonitor.java:172)
04-26 16:29:06.677  1221  1245 W RCMonitor: 	at com.fihtdc.server.utils.RCMonitor.isLocked(RCMonitor.java:149)
04-26 16:29:06.677  1221  1245 W RCMonitor: 	at com.fihtdc.server.utils.RCMonitor.readDB(RCMonitor.java:133)
04-26 16:29:06.677  1221  1245 W RCMonitor: 	at com.android.server.usb.fih.RemoteLockMonitor.isRemoteLockManagedEnable(RemoteLockMonitor.java:55)
04-26 16:29:06.677  1221  1245 W RCMonitor: 	at com.android.server.usb.UsbDeviceManager$UsbHandler.isAdbEnabled(UsbDeviceManager.java:1444)
04-26 16:29:06.677  1221  1245 W RCMonitor: 	at com.android.server.usb.UsbDeviceManager$UsbHandlerLegacy.applyAdbFunction(UsbDeviceManager.java:1843)
04-26 16:29:06.677  1221  1245 W RCMonitor: 	at com.android.server.usb.UsbDeviceManager$UsbHandlerLegacy.trySetEnabledFunctions(UsbDeviceManager.java:1879)
04-26 16:29:06.677  1221  1245 W RCMonitor: 	at com.android.server.usb.UsbDeviceManager$UsbHandlerLegacy.setEnabledFunctions(UsbDeviceManager.java:1783)
04-26 16:29:06.677  1221  1245 W RCMonitor: 	at com.android.server.usb.UsbDeviceManager$UsbHandler.handleMessage(UsbDeviceManager.java:957)
04-26 16:29:06.677  1221  1245 W RCMonitor: 	at android.os.Handler.dispatchMessage(Handler.java:107)
04-26 16:29:06.677  1221  1245 W RCMonitor: 	at android.os.Looper.loop(Looper.java:214)
04-26 16:29:06.677  1221  1245 W RCMonitor: 	at android.os.HandlerThread.run(HandlerThread.java:67)
04-26 16:29:06.677  1221  1245 W RCMonitor: 	at com.android.server.ServiceThread.run(ServiceThread.java:44)
04-26 16:29:06.677  1221  1245 D RCMonitor: RC readDB Status mIsManaged= false , mIsLock = false
04-26 16:29:06.788  1221  5737 I WindowManager: Relayout Window{414f9a6 u0 com.google.android.googlequicksearchbox/com.google.android.apps.gsa.staticplugins.opa.samson.activity.OpaAmbActivity}: oldVis=4 newVis=0 focusMayChange = true
04-26 16:29:06.837  1221  1249 D PowerManagerService: WAKE_LOCK_SCREEN_BRIGHT Change, Total ACQUIRED: 
04-26 16:29:06.837  1221  1249 D PowerManagerService:   DOZE_WAKE_LOCK                 'DreamManagerService' ACQ=-1m24s284ms (uid=1000 pid=1221)
04-26 16:29:06.837  1221  1249 D PowerManagerService:   SCREEN_BRIGHT_WAKE_LOCK        'WindowManager' ON_AFTER_RELEASE (uid=1000 pid=1221 ws=WorkSource{10133})
04-26 16:29:08.640  1221  1654 V UsbDeviceManager: USB UEVENT: {SUBSYSTEM=android_usb, SEQNUM=143199, ACTION=change, USB_STATE=CONNECTED, DEVPATH=/devices/virtual/android_usb/android0}
04-26 16:29:08.641  1221  1245 D UsbDeviceManager: push notification:Charging this device via USB
04-26 16:29:08.642  1221  1245 W RCMonitor: android.content.pm.PackageManager$NameNotFoundException: com.evenwell.remotecare
04-26 16:29:08.642  1221  1245 W RCMonitor: 	at android.app.ApplicationPackageManager.getPackageInfoAsUser(ApplicationPackageManager.java:192)
04-26 16:29:08.642  1221  1245 W RCMonitor: 	at android.app.ApplicationPackageManager.getPackageInfo(ApplicationPackageManager.java:161)
04-26 16:29:08.642  1221  1245 W RCMonitor: 	at com.fihtdc.server.utils.RCMonitor.checkRemoteCareInstalled(RCMonitor.java:188)
04-26 16:29:08.642  1221  1245 W RCMonitor: 	at com.fihtdc.server.utils.RCMonitor.getSettings(RCMonitor.java:172)
04-26 16:29:08.642  1221  1245 W RCMonitor: 	at com.fihtdc.server.utils.RCMonitor.isManaged(RCMonitor.java:139)
04-26 16:29:08.642  1221  1245 W RCMonitor: 	at com.fihtdc.server.utils.RCMonitor.readDB(RCMonitor.java:132)
04-26 16:29:08.642  1221  1245 W RCMonitor: 	at com.android.server.usb.fih.RemoteLockMonitor.isRemoteLockManagedEnable(RemoteLockMonitor.java:55)
04-26 16:29:08.642  1221  1245 W RCMonitor: 	at com.android.server.usb.UsbDeviceManager$UsbHandler.isAdbEnabled(UsbDeviceManager.java:1444)
04-26 16:29:08.642  1221  1245 W RCMonitor: 	at com.android.server.usb.UsbDeviceManager$UsbHandler.updateAdbNotification(UsbDeviceManager.java:1457)
04-26 16:29:08.642  1221  1245 W RCMonitor: 	at com.android.server.usb.UsbDeviceManager$UsbHandler.handleMessage(UsbDeviceManager.java:942)
04-26 16:29:08.642  1221  1245 W RCMonitor: 	at android.os.Handler.dispatchMessage(Handler.java:107)
04-26 16:29:08.642  1221  1245 W RCMonitor: 	at android.os.Looper.loop(Looper.java:214)
04-26 16:29:08.642  1221  1245 W RCMonitor: 	at android.os.HandlerThread.run(HandlerThread.java:67)
04-26 16:29:08.642  1221  1245 W RCMonitor: 	at com.android.server.ServiceThread.run(ServiceThread.java:44)
04-26 16:29:08.643  1221  1245 W RCMonitor: android.content.pm.PackageManager$NameNotFoundException: com.evenwell.remotecare
04-26 16:29:08.643  1221  1245 W RCMonitor: 	at android.app.ApplicationPackageManager.getPackageInfoAsUser(ApplicationPackageManager.java:192)
04-26 16:29:08.643  1221  1245 W RCMonitor: 	at android.app.ApplicationPackageManager.getPackageInfo(ApplicationPackageManager.java:161)
04-26 16:29:08.643  1221  1245 W RCMonitor: 	at com.fihtdc.server.utils.RCMonitor.checkRemoteCareInstalled(RCMonitor.java:188)
04-26 16:29:08.643  1221  1245 W RCMonitor: 	at com.fihtdc.server.utils.RCMonitor.getSettings(RCMonitor.java:172)
04-26 16:29:08.643  1221  1245 W RCMonitor: 	at com.fihtdc.server.utils.RCMonitor.isLocked(RCMonitor.java:149)
04-26 16:29:08.643  1221  1245 W RCMonitor: 	at com.fihtdc.server.utils.RCMonitor.readDB(RCMonitor.java:133)
04-26 16:29:08.643  1221  1245 W RCMonitor: 	at com.android.server.usb.fih.RemoteLockMonitor.isRemoteLockManagedEnable(RemoteLockMonitor.java:55)
04-26 16:29:08.643  1221  1245 W RCMonitor: 	at com.android.server.usb.UsbDeviceManager$UsbHandler.isAdbEnabled(UsbDeviceManager.java:1444)
04-26 16:29:08.643  1221  1245 W RCMonitor: 	at com.android.server.usb.UsbDeviceManager$UsbHandler.updateAdbNotification(UsbDeviceManager.java:1457)
04-26 16:29:08.643  1221  1245 W RCMonitor: 	at com.android.server.usb.UsbDeviceManager$UsbHandler.handleMessage(UsbDeviceManager.java:942)
04-26 16:29:08.643  1221  1245 W RCMonitor: 	at android.os.Handler.dispatchMessage(Handler.java:107)
04-26 16:29:08.643  1221  1245 W RCMonitor: 	at android.os.Looper.loop(Looper.java:214)
04-26 16:29:08.643  1221  1245 W RCMonitor: 	at android.os.HandlerThread.run(HandlerThread.java:67)
04-26 16:29:08.643  1221  1245 W RCMonitor: 	at com.android.server.ServiceThread.run(ServiceThread.java:44)
04-26 16:29:08.643  1221  1245 D RCMonitor: RC readDB Status mIsManaged= false , mIsLock = false
04-26 16:29:08.644  1221  1654 V UsbDeviceManager: USB UEVENT: {SUBSYSTEM=android_usb, SEQNUM=143200, ACTION=change, USB_STATE=DISCONNECTED, DEVPATH=/devices/virtual/android_usb/android0}
04-26 16:29:08.645  1221  1245 W RCMonitor: android.content.pm.PackageManager$NameNotFoundException: com.evenwell.remotecare
04-26 16:29:08.645  1221  1245 W RCMonitor: 	at android.app.ApplicationPackageManager.getPackageInfoAsUser(ApplicationPackageManager.java:192)
04-26 16:29:08.645  1221  1245 W RCMonitor: 	at android.app.ApplicationPackageManager.getPackageInfo(ApplicationPackageManager.java:161)
04-26 16:29:08.645  1221  1245 W RCMonitor: 	at com.fihtdc.server.utils.RCMonitor.checkRemoteCareInstalled(RCMonitor.java:188)
04-26 16:29:08.645  1221  1245 W RCMonitor: 	at com.fihtdc.server.utils.RCMonitor.getSettings(RCMonitor.java:172)
04-26 16:29:08.645  1221  1245 W RCMonitor: 	at com.fihtdc.server.utils.RCMonitor.isManaged(RCMonitor.java:139)
04-26 16:29:08.645  1221  1245 W RCMonitor: 	at com.fihtdc.server.utils.RCMonitor.readDB(RCMonitor.java:132)
04-26 16:29:08.645  1221  1245 W RCMonitor: 	at com.android.server.usb.fih.RemoteLockMonitor.isRemoteLockManagedEnable(RemoteLockMonitor.java:55)
04-26 16:29:08.645  1221  1245 W RCMonitor: 	at com.android.server.usb.UsbDeviceManager$UsbHandler.isAdbEnabled(UsbDeviceManager.java:1444)
04-26 16:29:08.645  1221  1245 W RCMonitor: 	at com.android.server.usb.UsbDeviceManager$UsbHandler.getChargingFunctions(UsbDeviceManager.java:1511)
04-26 16:29:08.645  1221  1245 W RCMonitor: 	at com.android.server.usb.UsbDeviceManager$UsbHandler.getAppliedFunctions(UsbDeviceManager.java:926)
04-26 16:29:08.645  1221  1245 W RCMonitor: 	at com.android.server.usb.UsbDeviceManager$UsbHandler.handleMessage(UsbDeviceManager.java:944)
04-26 16:29:08.645  1221  1245 W RCMonitor: 	at android.os.Handler.dispatchMessage(Handler.java:107)
04-26 16:29:08.645  1221  1245 W RCMonitor: 	at android.os.Looper.loop(Looper.java:214)
04-26 16:29:08.645  1221  1245 W RCMonitor: 	at android.os.HandlerThread.run(HandlerThread.java:67)
04-26 16:29:08.645  1221  1245 W RCMonitor: 	at com.android.server.ServiceThread.run(ServiceThread.java:44)
04-26 16:29:08.645  1221  1245 W RCMonitor: android.content.pm.PackageManager$NameNotFoundException: com.evenwell.remotecare
04-26 16:29:08.645  1221  1245 W RCMonitor: 	at android.app.ApplicationPackageManager.getPackageInfoAsUser(ApplicationPackageManager.java:192)
04-26 16:29:08.645  1221  1245 W RCMonitor: 	at android.app.ApplicationPackageManager.getPackageInfo(ApplicationPackageManager.java:161)
04-26 16:29:08.645  1221  1245 W RCMonitor: 	at com.fihtdc.server.utils.RCMonitor.checkRemoteCareInstalled(RCMonitor.java:188)
04-26 16:29:08.645  1221  1245 W RCMonitor: 	at com.fihtdc.server.utils.RCMonitor.getSettings(RCMonitor.java:172)
04-26 16:29:08.645  1221  1245 W RCMonitor: 	at com.fihtdc.server.utils.RCMonitor.isLocked(RCMonitor.java:149)
04-26 16:29:08.645  1221  1245 W RCMonitor: 	at com.fihtdc.server.utils.RCMonitor.readDB(RCMonitor.java:133)
04-26 16:29:08.645  1221  1245 W RCMonitor: 	at com.android.server.usb.fih.RemoteLockMonitor.isRemoteLockManagedEnable(RemoteLockMonitor.java:55)
04-26 16:29:08.645  1221  1245 W RCMonitor: 	at com.android.server.usb.UsbDeviceManager$UsbHandler.isAdbEnabled(UsbDeviceManager.java:1444)
04-26 16:29:08.645  1221  1245 W RCMonitor: 	at com.android.server.usb.UsbDeviceManager$UsbHandler.getChargingFunctions(UsbDeviceManager.java:1511)
04-26 16:29:08.645  1221  1245 W RCMonitor: 	at com.android.server.usb.UsbDeviceManager$UsbHandler.getAppliedFunctions(UsbDeviceManager.java:926)
04-26 16:29:08.645  1221  1245 W RCMonitor: 	at com.android.server.usb.UsbDeviceManager$UsbHandler.handleMessage(UsbDeviceManager.java:944)
04-26 16:29:08.645  1221  1245 W RCMonitor: 	at android.os.Handler.dispatchMessage(Handler.java:107)
04-26 16:29:08.645  1221  1245 W RCMonitor: 	at android.os.Looper.loop(Looper.java:214)
04-26 16:29:08.645  1221  1245 W RCMonitor: 	at android.os.HandlerThread.run(HandlerThread.java:67)
04-26 16:29:08.645  1221  1245 W RCMonitor: 	at com.android.server.ServiceThread.run(ServiceThread.java:44)
04-26 16:29:08.646  1221  1245 D RCMonitor: RC readDB Status mIsManaged= false , mIsLock = false
04-26 16:29:08.646  1221  1245 D UsbDeviceManager: broadcasting Intent { act=android.hardware.usb.action.USB_STATE flg=0x31000000 (has extras) } extras: Bundle[{host_connected=false, connected=true, unlocked=false, adb=true, configured=false}]
04-26 16:29:08.646  1221  1245 D UsbDeviceManager:  mDisplayDataTransferDialog=true
04-26 16:29:08.650  1221  1245 I UsbDeviceManager: USB_CONFIG_PROPERTY = mass_storage,adb
04-26 16:29:08.650  1221  1245 D UsbDeviceManager: MSG_DISPLAY_DATA_TRANSFER_DIALOG: Intent { act=com.fihtdc.usb.dialog flg=0x31000000 (has extras) } connected: true configured: false
04-26 16:29:08.678 21910 21910 W ContextImpl: Calling a method in the system process without a qualified user: android.app.ContextImpl.startActivity:928 android.content.ContextWrapper.startActivity:383 android.content.ContextWrapper.startActivity:383 cust.settings.deviceinfo.MtpEnableSettingReceiver.onReceive:67 android.app.ActivityThread.handleReceiver:3816 
04-26 16:29:08.678 21910 21910 W ContextImpl: Calling a method in the system process without a qualified user: android.app.ContextImpl.startActivity:940 android.app.ContextImpl.startActivity:929 android.content.ContextWrapper.startActivity:383 android.content.ContextWrapper.startActivity:383 cust.settings.deviceinfo.MtpEnableSettingReceiver.onReceive:67 
04-26 16:29:08.679  1221  4978 I ActivityTaskManager: START u0 {flg=0x10010000 cmp=com.android.settings/cust.settings.deviceinfo.MtpEnableActivity} from uid 1000
04-26 16:29:08.702  1221  4978 D PowerManagerService: WAKE_LOCK_SCREEN_BRIGHT Change, RELEASE:
04-26 16:29:08.703  1221  4978 D PowerManagerService:   SCREEN_BRIGHT_WAKE_LOCK        'WindowManager' ON_AFTER_RELEASE ACQ=-1s864ms (uid=1000 pid=1221 ws=WorkSource{10133})
04-26 16:29:08.770  1221  1459 I WindowManager: mPowerKeyPressCounterForCamera=1
04-26 16:29:08.770  1221  1459 V SettingsProvider: name : status_inactivewakeup appId : 1000
04-26 16:29:08.771  1221  1459 I PowerManagerService: Waking up from Dozing (uid=1000, reason=WAKE_REASON_POWER_BUTTON, details=android.policy:POWER)...
04-26 16:29:08.772  1221  1264 I DisplayPowerController: Blocking screen on until initial contents have been drawn.
04-26 16:29:08.775  1221  7742 E NotificationService: Suppressing notification from package by user request.
04-26 16:29:08.778  1221  1221 W UsageStatsService: Event reported without a package name, eventType:15
04-26 16:29:08.787  1221  1260 E KernelCpuSpeedReader: Failed to read cpu-freq: /sys/devices/system/cpu/cpu4/cpufreq/stats/time_in_state: open failed: ENOENT (No such file or directory)
04-26 16:29:08.788  1221  1260 E KernelCpuSpeedReader: Failed to read cpu-freq: /sys/devices/system/cpu/cpu0/cpufreq/stats/time_in_state: open failed: ENOENT (No such file or directory)
04-26 16:29:08.791  1221  1654 V UsbDeviceManager: USB UEVENT: {SUBSYSTEM=android_usb, SEQNUM=143201, ACTION=change, USB_STATE=CONNECTED, DEVPATH=/devices/virtual/android_usb/android0}
04-26 16:29:08.792  1221  1264 V DisplayPowerController: Brightness [30] reason changing to: 'manual', previous reason: 'screen_off'.
04-26 16:29:08.792  1221  1245 W RCMonitor: android.content.pm.PackageManager$NameNotFoundException: com.evenwell.remotecare
04-26 16:29:08.792  1221  1245 W RCMonitor: 	at android.app.ApplicationPackageManager.getPackageInfoAsUser(ApplicationPackageManager.java:192)
04-26 16:29:08.792  1221  1245 W RCMonitor: 	at android.app.ApplicationPackageManager.getPackageInfo(ApplicationPackageManager.java:161)
04-26 16:29:08.792  1221  1245 W RCMonitor: 	at com.fihtdc.server.utils.RCMonitor.checkRemoteCareInstalled(RCMonitor.java:188)
04-26 16:29:08.792  1221  1245 W RCMonitor: 	at com.fihtdc.server.utils.RCMonitor.getSettings(RCMonitor.java:172)
04-26 16:29:08.792  1221  1245 W RCMonitor: 	at com.fihtdc.server.utils.RCMonitor.isManaged(RCMonitor.java:139)
04-26 16:29:08.792  1221  1245 W RCMonitor: 	at com.fihtdc.server.utils.RCMonitor.readDB(RCMonitor.java:132)
04-26 16:29:08.792  1221  1245 W RCMonitor: 	at com.android.server.usb.fih.RemoteLockMonitor.isRemoteLockManagedEnable(RemoteLockMonitor.java:55)
04-26 16:29:08.792  1221  1245 W RCMonitor: 	at com.android.server.usb.UsbDeviceManager$UsbHandler.isAdbEnabled(UsbDeviceManager.java:1444)
04-26 16:29:08.792  1221  1245 W RCMonitor: 	at com.android.server.usb.UsbDeviceManager$UsbHandler.updateAdbNotification(UsbDeviceManager.java:1457)
04-26 16:29:08.792  1221  1245 W RCMonitor: 	at com.android.server.usb.UsbDeviceManager$UsbHandler.handleMessage(UsbDeviceManager.java:942)
04-26 16:29:08.792  1221  1245 W RCMonitor: 	at android.os.Handler.dispatchMessage(Handler.java:107)
04-26 16:29:08.792  1221  1245 W RCMonitor: 	at android.os.Looper.loop(Looper.java:214)
04-26 16:29:08.792  1221  1245 W RCMonitor: 	at android.os.HandlerThread.run(HandlerThread.java:67)
04-26 16:29:08.792  1221  1245 W RCMonitor: 	at com.android.server.ServiceThread.run(ServiceThread.java:44)
04-26 16:29:08.794  1221  1245 W RCMonitor: android.content.pm.PackageManager$NameNotFoundException: com.evenwell.remotecare
04-26 16:29:08.794  1221  1245 W RCMonitor: 	at android.app.ApplicationPackageManager.getPackageInfoAsUser(ApplicationPackageManager.java:192)
04-26 16:29:08.794  1221  1245 W RCMonitor: 	at android.app.ApplicationPackageManager.getPackageInfo(ApplicationPackageManager.java:161)
04-26 16:29:08.794  1221  1245 W RCMonitor: 	at com.fihtdc.server.utils.RCMonitor.checkRemoteCareInstalled(RCMonitor.java:188)
04-26 16:29:08.794  1221  1245 W RCMonitor: 	at com.fihtdc.server.utils.RCMonitor.getSettings(RCMonitor.java:172)
04-26 16:29:08.794  1221  1245 W RCMonitor: 	at com.fihtdc.server.utils.RCMonitor.isLocked(RCMonitor.java:149)
04-26 16:29:08.794  1221  1245 W RCMonitor: 	at com.fihtdc.server.utils.RCMonitor.readDB(RCMonitor.java:133)
04-26 16:29:08.794  1221  1245 W RCMonitor: 	at com.android.server.usb.fih.RemoteLockMonitor.isRemoteLockManagedEnable(RemoteLockMonitor.java:55)
04-26 16:29:08.794  1221  1245 W RCMonitor: 	at com.android.server.usb.UsbDeviceManager$UsbHandler.isAdbEnabled(UsbDeviceManager.java:1444)
04-26 16:29:08.794  1221  1245 W RCMonitor: 	at com.android.server.usb.UsbDeviceManager$UsbHandler.updateAdbNotification(UsbDeviceManager.java:1457)
04-26 16:29:08.794  1221  1245 W RCMonitor: 	at com.android.server.usb.UsbDeviceManager$UsbHandler.handleMessage(UsbDeviceManager.java:942)
04-26 16:29:08.794  1221  1245 W RCMonitor: 	at android.os.Handler.dispatchMessage(Handler.java:107)
04-26 16:29:08.794  1221  1245 W RCMonitor: 	at android.os.Looper.loop(Looper.java:214)
04-26 16:29:08.794  1221  1245 W RCMonitor: 	at android.os.HandlerThread.run(HandlerThread.java:67)
04-26 16:29:08.794  1221  1245 W RCMonitor: 	at com.android.server.ServiceThread.run(ServiceThread.java:44)
04-26 16:29:08.794  1221  1245 D RCMonitor: RC readDB Status mIsManaged= false , mIsLock = false
04-26 16:29:08.795  1221  1654 V UsbDeviceManager: USB UEVENT: {SUBSYSTEM=android_usb, SEQNUM=143202, ACTION=change, USB_STATE=CONFIGURED, DEVPATH=/devices/virtual/android_usb/android0}
04-26 16:29:08.795  1221  1245 W RCMonitor: android.content.pm.PackageManager$NameNotFoundException: com.evenwell.remotecare
04-26 16:29:08.795  1221  1245 W RCMonitor: 	at android.app.ApplicationPackageManager.getPackageInfoAsUser(ApplicationPackageManager.java:192)
04-26 16:29:08.795  1221  1245 W RCMonitor: 	at android.app.ApplicationPackageManager.getPackageInfo(ApplicationPackageManager.java:161)
04-26 16:29:08.795  1221  1245 W RCMonitor: 	at com.fihtdc.server.utils.RCMonitor.checkRemoteCareInstalled(RCMonitor.java:188)
04-26 16:29:08.795  1221  1245 W RCMonitor: 	at com.fihtdc.server.utils.RCMonitor.getSettings(RCMonitor.java:172)
04-26 16:29:08.795  1221  1245 W RCMonitor: 	at com.fihtdc.server.utils.RCMonitor.isManaged(RCMonitor.java:139)
04-26 16:29:08.795  1221  1245 W RCMonitor: 	at com.fihtdc.server.utils.RCMonitor.readDB(RCMonitor.java:132)
04-26 16:29:08.795  1221  1245 W RCMonitor: 	at com.android.server.usb.fih.RemoteLockMonitor.isRemoteLockManagedEnable(RemoteLockMonitor.java:55)
04-26 16:29:08.795  1221  1245 W RCMonitor: 	at com.android.server.usb.UsbDeviceManager$UsbHandler.isAdbEnabled(UsbDeviceManager.java:1444)
04-26 16:29:08.795  1221  1245 W RCMonitor: 	at com.android.server.usb.UsbDeviceManager$UsbHandler.getChargingFunctions(UsbDeviceManager.java:1511)
04-26 16:29:08.795  1221  1245 W RCMonitor: 	at com.android.server.usb.UsbDeviceManager$UsbHandler.getAppliedFunctions(UsbDeviceManager.java:926)
04-26 16:29:08.795  1221  1245 W RCMonitor: 	at com.android.server.usb.UsbDeviceManager$UsbHandler.handleMessage(UsbDeviceManager.java:944)
04-26 16:29:08.795  1221  1245 W RCMonitor: 	at android.os.Handler.dispatchMessage(Handler.java:107)
04-26 16:29:08.795  1221  1245 W RCMonitor: 	at android.os.Looper.loop(Looper.java:214)
04-26 16:29:08.795  1221  1245 W RCMonitor: 	at android.os.HandlerThread.run(HandlerThread.java:67)
04-26 16:29:08.795  1221  1245 W RCMonitor: 	at com.android.server.ServiceThread.run(ServiceThread.java:44)
04-26 16:29:08.796  1221  1245 W RCMonitor: android.content.pm.PackageManager$NameNotFoundException: com.evenwell.remotecare
04-26 16:29:08.796  1221  1245 W RCMonitor: 	at android.app.ApplicationPackageManager.getPackageInfoAsUser(ApplicationPackageManager.java:192)
04-26 16:29:08.796  1221  1245 W RCMonitor: 	at android.app.ApplicationPackageManager.getPackageInfo(ApplicationPackageManager.java:161)
04-26 16:29:08.796  1221  1245 W RCMonitor: 	at com.fihtdc.server.utils.RCMonitor.checkRemoteCareInstalled(RCMonitor.java:188)
04-26 16:29:08.796  1221  1245 W RCMonitor: 	at com.fihtdc.server.utils.RCMonitor.getSettings(RCMonitor.java:172)
04-26 16:29:08.796  1221  1245 W RCMonitor: 	at com.fihtdc.server.utils.RCMonitor.isLocked(RCMonitor.java:149)
04-26 16:29:08.796  1221  1245 W RCMonitor: 	at com.fihtdc.server.utils.RCMonitor.readDB(RCMonitor.java:133)
04-26 16:29:08.796  1221  1245 W RCMonitor: 	at com.android.server.usb.fih.RemoteLockMonitor.isRemoteLockManagedEnable(RemoteLockMonitor.java:55)
04-26 16:29:08.796  1221  1245 W RCMonitor: 	at com.android.server.usb.UsbDeviceManager$UsbHandler.isAdbEnabled(UsbDeviceManager.java:1444)
04-26 16:29:08.796  1221  1245 W RCMonitor: 	at com.android.server.usb.UsbDeviceManager$UsbHandler.getChargingFunctions(UsbDeviceManager.java:1511)
04-26 16:29:08.796  1221  1245 W RCMonitor: 	at com.android.server.usb.UsbDeviceManager$UsbHandler.getAppliedFunctions(UsbDeviceManager.java:926)
04-26 16:29:08.796  1221  1245 W RCMonitor: 	at com.android.server.usb.UsbDeviceManager$UsbHandler.handleMessage(UsbDeviceManager.java:944)
04-26 16:29:08.796  1221  1245 W RCMonitor: 	at android.os.Handler.dispatchMessage(Handler.java:107)
04-26 16:29:08.796  1221  1245 W RCMonitor: 	at android.os.Looper.loop(Looper.java:214)
04-26 16:29:08.796  1221  1245 W RCMonitor: 	at android.os.HandlerThread.run(HandlerThread.java:67)
04-26 16:29:08.796  1221  1245 W RCMonitor: 	at com.android.server.ServiceThread.run(ServiceThread.java:44)
04-26 16:29:08.796  1221  1245 D RCMonitor: RC readDB Status mIsManaged= false , mIsLock = false
04-26 16:29:08.796  1221  1245 D UsbDeviceManager: skip broadcasting Intent { act=android.hardware.usb.action.USB_STATE flg=0x31000000 (has extras) } extras: Bundle[{host_connected=false, connected=true, unlocked=false, adb=true, configured=false}]
04-26 16:29:08.797  1221  1245 W RCMonitor: android.content.pm.PackageManager$NameNotFoundException: com.evenwell.remotecare
04-26 16:29:08.797  1221  1245 W RCMonitor: 	at android.app.ApplicationPackageManager.getPackageInfoAsUser(ApplicationPackageManager.java:192)
04-26 16:29:08.797  1221  1245 W RCMonitor: 	at android.app.ApplicationPackageManager.getPackageInfo(ApplicationPackageManager.java:161)
04-26 16:29:08.797  1221  1245 W RCMonitor: 	at com.fihtdc.server.utils.RCMonitor.checkRemoteCareInstalled(RCMonitor.java:188)
04-26 16:29:08.797  1221  1245 W RCMonitor: 	at com.fihtdc.server.utils.RCMonitor.getSettings(RCMonitor.java:172)
04-26 16:29:08.797  1221  1245 W RCMonitor: 	at com.fihtdc.server.utils.RCMonitor.isManaged(RCMonitor.java:139)
04-26 16:29:08.797  1221  1245 W RCMonitor: 	at com.fihtdc.server.utils.RCMonitor.readDB(RCMonitor.java:132)
04-26 16:29:08.797  1221  1245 W RCMonitor: 	at com.android.server.usb.fih.RemoteLockMonitor.isRemoteLockManagedEnable(RemoteLockMonitor.java:55)
04-26 16:29:08.797  1221  1245 W RCMonitor: 	at com.android.server.usb.UsbDeviceManager$UsbHandler.isAdbEnabled(UsbDeviceManager.java:1444)
04-26 16:29:08.797  1221  1245 W RCMonitor: 	at com.android.server.usb.UsbDeviceManager$UsbHandler.updateAdbNotification(UsbDeviceManager.java:1457)
04-26 16:29:08.797  1221  1245 W RCMonitor: 	at com.android.server.usb.UsbDeviceManager$UsbHandler.handleMessage(UsbDeviceManager.java:942)
04-26 16:29:08.797  1221  1245 W RCMonitor: 	at android.os.Handler.dispatchMessage(Handler.java:107)
04-26 16:29:08.797  1221  1245 W RCMonitor: 	at android.os.Looper.loop(Looper.java:214)
04-26 16:29:08.797  1221  1245 W RCMonitor: 	at android.os.HandlerThread.run(HandlerThread.java:67)
04-26 16:29:08.797  1221  1245 W RCMonitor: 	at com.android.server.ServiceThread.run(ServiceThread.java:44)
04-26 16:29:08.798  1221  1245 W RCMonitor: android.content.pm.PackageManager$NameNotFoundException: com.evenwell.remotecare
04-26 16:29:08.798  1221  1245 W RCMonitor: 	at android.app.ApplicationPackageManager.getPackageInfoAsUser(ApplicationPackageManager.java:192)
04-26 16:29:08.798  1221  1245 W RCMonitor: 	at android.app.ApplicationPackageManager.getPackageInfo(ApplicationPackageManager.java:161)
04-26 16:29:08.798  1221  1245 W RCMonitor: 	at com.fihtdc.server.utils.RCMonitor.checkRemoteCareInstalled(RCMonitor.java:188)
04-26 16:29:08.798  1221  1245 W RCMonitor: 	at com.fihtdc.server.utils.RCMonitor.getSettings(RCMonitor.java:172)
04-26 16:29:08.798  1221  1245 W RCMonitor: 	at com.fihtdc.server.utils.RCMonitor.isLocked(RCMonitor.java:149)
04-26 16:29:08.798  1221  1245 W RCMonitor: 	at com.fihtdc.server.utils.RCMonitor.readDB(RCMonitor.java:133)
04-26 16:29:08.798  1221  1245 W RCMonitor: 	at com.android.server.usb.fih.RemoteLockMonitor.isRemoteLockManagedEnable(RemoteLockMonitor.java:55)
04-26 16:29:08.798  1221  1245 W RCMonitor: 	at com.android.server.usb.UsbDeviceManager$UsbHandler.isAdbEnabled(UsbDeviceManager.java:1444)
04-26 16:29:08.798  1221  1245 W RCMonitor: 	at com.android.server.usb.UsbDeviceManager$UsbHandler.updateAdbNotification(UsbDeviceManager.java:1457)
04-26 16:29:08.798  1221  1245 W RCMonitor: 	at com.android.server.usb.UsbDeviceManager$UsbHandler.handleMessage(UsbDeviceManager.java:942)
04-26 16:29:08.798  1221  1245 W RCMonitor: 	at android.os.Handler.dispatchMessage(Handler.java:107)
04-26 16:29:08.798  1221  1245 W RCMonitor: 	at android.os.Looper.loop(Looper.java:214)
04-26 16:29:08.798  1221  1245 W RCMonitor: 	at android.os.HandlerThread.run(HandlerThread.java:67)
04-26 16:29:08.798  1221  1245 W RCMonitor: 	at com.android.server.ServiceThread.run(ServiceThread.java:44)
04-26 16:29:08.798  1221  1245 D RCMonitor: RC readDB Status mIsManaged= false , mIsLock = false
04-26 16:29:08.798  1221  1245 W RCMonitor: android.content.pm.PackageManager$NameNotFoundException: com.evenwell.remotecare
04-26 16:29:08.798  1221  1245 W RCMonitor: 	at android.app.ApplicationPackageManager.getPackageInfoAsUser(ApplicationPackageManager.java:192)
04-26 16:29:08.798  1221  1245 W RCMonitor: 	at android.app.ApplicationPackageManager.getPackageInfo(ApplicationPackageManager.java:161)
04-26 16:29:08.798  1221  1245 W RCMonitor: 	at com.fihtdc.server.utils.RCMonitor.checkRemoteCareInstalled(RCMonitor.java:188)
04-26 16:29:08.798  1221  1245 W RCMonitor: 	at com.fihtdc.server.utils.RCMonitor.getSettings(RCMonitor.java:172)
04-26 16:29:08.798  1221  1245 W RCMonitor: 	at com.fihtdc.server.utils.RCMonitor.isManaged(RCMonitor.java:139)
04-26 16:29:08.798  1221  1245 W RCMonitor: 	at com.fihtdc.server.utils.RCMonitor.readDB(RCMonitor.java:132)
04-26 16:29:08.798  1221  1245 W RCMonitor: 	at com.android.server.usb.fih.RemoteLockMonitor.isRemoteLockManagedEnable(RemoteLockMonitor.java:55)
04-26 16:29:08.798  1221  1245 W RCMonitor: 	at com.android.server.usb.UsbDeviceManager$UsbHandler.isAdbEnabled(UsbDeviceManager.java:1444)
04-26 16:29:08.798  1221  1245 W RCMonitor: 	at com.android.server.usb.UsbDeviceManager$UsbHandler.getChargingFunctions(UsbDeviceManager.java:1511)
