04-26 16:31:48.980  1221  1245 W RCMonitor: 	at android.os.HandlerThread.run(HandlerThread.java:67)
04-26 16:31:48.980  1221  1245 W RCMonitor: 	at com.android.server.ServiceThread.run(ServiceThread.java:44)
04-26 16:31:48.981  1221  1245 W RCMonitor: android.content.pm.PackageManager$NameNotFoundException: com.evenwell.remotecare
04-26 16:31:48.981  1221  1245 W RCMonitor: 	at android.app.ApplicationPackageManager.getPackageInfoAsUser(ApplicationPackageManager.java:192)
04-26 16:31:48.981  1221  1245 W RCMonitor: 	at android.app.ApplicationPackageManager.getPackageInfo(ApplicationPackageManager.java:161)
04-26 16:31:48.981  1221  1245 W RCMonitor: 	at com.fihtdc.server.utils.RCMonitor.checkRemoteCareInstalled(RCMonitor.java:188)
04-26 16:31:48.981  1221  1245 W RCMonitor: 	at com.fihtdc.server.utils.RCMonitor.getSettings(RCMonitor.java:172)
04-26 16:31:48.981  1221  1245 W RCMonitor: 	at com.fihtdc.server.utils.RCMonitor.isLocked(RCMonitor.java:149)
04-26 16:31:48.981  1221  1245 W RCMonitor: 	at com.fihtdc.server.utils.RCMonitor.readDB(RCMonitor.java:133)
04-26 16:31:48.981  1221  1245 W RCMonitor: 	at com.android.server.usb.fih.RemoteLockMonitor.isRemoteLockManagedEnable(RemoteLockMonitor.java:55)
04-26 16:31:48.981  1221  1245 W RCMonitor: 	at com.android.server.usb.UsbDeviceManager$UsbHandler.isAdbEnabled(UsbDeviceManager.java:1444)
04-26 16:31:48.981  1221  1245 W RCMonitor: 	at com.android.server.usb.UsbDeviceManager$UsbHandlerLegacy.applyAdbFunction(UsbDeviceManager.java:1843)
04-26 16:31:48.981  1221  1245 W RCMonitor: 	at com.android.server.usb.UsbDeviceManager$UsbHandlerLegacy.trySetEnabledFunctions(UsbDeviceManager.java:1857)
04-26 16:31:48.981  1221  1245 W RCMonitor: 	at com.android.server.usb.UsbDeviceManager$UsbHandlerLegacy.setEnabledFunctions(UsbDeviceManager.java:1783)
04-26 16:31:48.981  1221  1245 W RCMonitor: 	at com.android.server.usb.UsbDeviceManager$UsbHandler.handleMessage(UsbDeviceManager.java:1048)
04-26 16:31:48.981  1221  1245 W RCMonitor: 	at android.os.Handler.dispatchMessage(Handler.java:107)
04-26 16:31:48.981  1221  1245 W RCMonitor: 	at android.os.Looper.loop(Looper.java:214)
04-26 16:31:48.981  1221  1245 W RCMonitor: 	at android.os.HandlerThread.run(HandlerThread.java:67)
04-26 16:31:48.981  1221  1245 W RCMonitor: 	at com.android.server.ServiceThread.run(ServiceThread.java:44)
04-26 16:31:48.981  1221  1245 D RCMonitor: RC readDB Status mIsManaged= false , mIsLock = false
04-26 16:31:48.982  1221  1245 W RCMonitor: android.content.pm.PackageManager$NameNotFoundException: com.evenwell.remotecare
04-26 16:31:48.982  1221  1245 W RCMonitor: 	at android.app.ApplicationPackageManager.getPackageInfoAsUser(ApplicationPackageManager.java:192)
04-26 16:31:48.982  1221  1245 W RCMonitor: 	at android.app.ApplicationPackageManager.getPackageInfo(ApplicationPackageManager.java:161)
04-26 16:31:48.982  1221  1245 W RCMonitor: 	at com.fihtdc.server.utils.RCMonitor.checkRemoteCareInstalled(RCMonitor.java:188)
04-26 16:31:48.982  1221  1245 W RCMonitor: 	at com.fihtdc.server.utils.RCMonitor.getSettings(RCMonitor.java:172)
04-26 16:31:48.982  1221  1245 W RCMonitor: 	at com.fihtdc.server.utils.RCMonitor.isManaged(RCMonitor.java:139)
04-26 16:31:48.982  1221  1245 W RCMonitor: 	at com.fihtdc.server.utils.RCMonitor.readDB(RCMonitor.java:132)
04-26 16:31:48.982  1221  1245 W RCMonitor: 	at com.android.server.usb.fih.RemoteLockMonitor.isRemoteLockManagedEnable(RemoteLockMonitor.java:55)
04-26 16:31:48.982  1221  1245 W RCMonitor: 	at com.android.server.usb.UsbDeviceManager$UsbHandlerLegacy.trySetEnabledFunctions(UsbDeviceManager.java:1873)
04-26 16:31:48.982  1221  1245 W RCMonitor: 	at com.android.server.usb.UsbDeviceManager$UsbHandlerLegacy.setEnabledFunctions(UsbDeviceManager.java:1783)
04-26 16:31:48.982  1221  1245 W RCMonitor: 	at com.android.server.usb.UsbDeviceManager$UsbHandler.handleMessage(UsbDeviceManager.java:1048)
04-26 16:31:48.982  1221  1245 W RCMonitor: 	at android.os.Handler.dispatchMessage(Handler.java:107)
04-26 16:31:48.982  1221  1245 W RCMonitor: 	at android.os.Looper.loop(Looper.java:214)
04-26 16:31:48.982  1221  1245 W RCMonitor: 	at android.os.HandlerThread.run(HandlerThread.java:67)
04-26 16:31:48.982  1221  1245 W RCMonitor: 	at com.android.server.ServiceThread.run(ServiceThread.java:44)
04-26 16:31:48.982  1221  1245 W RCMonitor: android.content.pm.PackageManager$NameNotFoundException: com.evenwell.remotecare
04-26 16:31:48.982  1221  1245 W RCMonitor: 	at android.app.ApplicationPackageManager.getPackageInfoAsUser(ApplicationPackageManager.java:192)
04-26 16:31:48.982  1221  1245 W RCMonitor: 	at android.app.ApplicationPackageManager.getPackageInfo(ApplicationPackageManager.java:161)
04-26 16:31:48.982  1221  1245 W RCMonitor: 	at com.fihtdc.server.utils.RCMonitor.checkRemoteCareInstalled(RCMonitor.java:188)
04-26 16:31:48.982  1221  1245 W RCMonitor: 	at com.fihtdc.server.utils.RCMonitor.getSettings(RCMonitor.java:172)
04-26 16:31:48.982  1221  1245 W RCMonitor: 	at com.fihtdc.server.utils.RCMonitor.isLocked(RCMonitor.java:149)
04-26 16:31:48.982  1221  1245 W RCMonitor: 	at com.fihtdc.server.utils.RCMonitor.readDB(RCMonitor.java:133)
04-26 16:31:48.982  1221  1245 W RCMonitor: 	at com.android.server.usb.fih.RemoteLockMonitor.isRemoteLockManagedEnable(RemoteLockMonitor.java:55)
04-26 16:31:48.982  1221  1245 W RCMonitor: 	at com.android.server.usb.UsbDeviceManager$UsbHandlerLegacy.trySetEnabledFunctions(UsbDeviceManager.java:1873)
04-26 16:31:48.982  1221  1245 W RCMonitor: 	at com.android.server.usb.UsbDeviceManager$UsbHandlerLegacy.setEnabledFunctions(UsbDeviceManager.java:1783)
04-26 16:31:48.982  1221  1245 W RCMonitor: 	at com.android.server.usb.UsbDeviceManager$UsbHandler.handleMessage(UsbDeviceManager.java:1048)
04-26 16:31:48.982  1221  1245 W RCMonitor: 	at android.os.Handler.dispatchMessage(Handler.java:107)
04-26 16:31:48.982  1221  1245 W RCMonitor: 	at android.os.Looper.loop(Looper.java:214)
04-26 16:31:48.982  1221  1245 W RCMonitor: 	at android.os.HandlerThread.run(HandlerThread.java:67)
04-26 16:31:48.982  1221  1245 W RCMonitor: 	at com.android.server.ServiceThread.run(ServiceThread.java:44)
04-26 16:31:48.982  1221  1245 D RCMonitor: RC readDB Status mIsManaged= false , mIsLock = false
04-26 16:31:48.983  1221  1245 W RCMonitor: android.content.pm.PackageManager$NameNotFoundException: com.evenwell.remotecare
04-26 16:31:48.983  1221  1245 W RCMonitor: 	at android.app.ApplicationPackageManager.getPackageInfoAsUser(ApplicationPackageManager.java:192)
04-26 16:31:48.983  1221  1245 W RCMonitor: 	at android.app.ApplicationPackageManager.getPackageInfo(ApplicationPackageManager.java:161)
04-26 16:31:48.983  1221  1245 W RCMonitor: 	at com.fihtdc.server.utils.RCMonitor.checkRemoteCareInstalled(RCMonitor.java:188)
04-26 16:31:48.983  1221  1245 W RCMonitor: 	at com.fihtdc.server.utils.RCMonitor.getSettings(RCMonitor.java:172)
04-26 16:31:48.983  1221  1245 W RCMonitor: 	at com.fihtdc.server.utils.RCMonitor.isManaged(RCMonitor.java:139)
04-26 16:31:48.983  1221  1245 W RCMonitor: 	at com.fihtdc.server.utils.RCMonitor.readDB(RCMonitor.java:132)
04-26 16:31:48.983  1221  1245 W RCMonitor: 	at com.android.server.usb.fih.RemoteLockMonitor.isRemoteLockManagedEnable(RemoteLockMonitor.java:55)
04-26 16:31:48.983  1221  1245 W RCMonitor: 	at com.android.server.usb.UsbDeviceManager$UsbHandler.isAdbEnabled(UsbDeviceManager.java:1444)
04-26 16:31:48.983  1221  1245 W RCMonitor: 	at com.android.server.usb.UsbDeviceManager$UsbHandlerLegacy.applyAdbFunction(UsbDeviceManager.java:1843)
04-26 16:31:48.983  1221  1245 W RCMonitor: 	at com.android.server.usb.UsbDeviceManager$UsbHandlerLegacy.trySetEnabledFunctions(UsbDeviceManager.java:1879)
04-26 16:31:48.983  1221  1245 W RCMonitor: 	at com.android.server.usb.UsbDeviceManager$UsbHandlerLegacy.setEnabledFunctions(UsbDeviceManager.java:1783)
04-26 16:31:48.983  1221  1245 W RCMonitor: 	at com.android.server.usb.UsbDeviceManager$UsbHandler.handleMessage(UsbDeviceManager.java:1048)
04-26 16:31:48.983  1221  1245 W RCMonitor: 	at android.os.Handler.dispatchMessage(Handler.java:107)
04-26 16:31:48.983  1221  1245 W RCMonitor: 	at android.os.Looper.loop(Looper.java:214)
04-26 16:31:48.983  1221  1245 W RCMonitor: 	at android.os.HandlerThread.run(HandlerThread.java:67)
04-26 16:31:48.983  1221  1245 W RCMonitor: 	at com.android.server.ServiceThread.run(ServiceThread.java:44)
04-26 16:31:48.983  1221  1245 W RCMonitor: android.content.pm.PackageManager$NameNotFoundException: com.evenwell.remotecare
04-26 16:31:48.983  1221  1245 W RCMonitor: 	at android.app.ApplicationPackageManager.getPackageInfoAsUser(ApplicationPackageManager.java:192)
04-26 16:31:48.983  1221  1245 W RCMonitor: 	at android.app.ApplicationPackageManager.getPackageInfo(ApplicationPackageManager.java:161)
04-26 16:31:48.983  1221  1245 W RCMonitor: 	at com.fihtdc.server.utils.RCMonitor.checkRemoteCareInstalled(RCMonitor.java:188)
04-26 16:31:48.983  1221  1245 W RCMonitor: 	at com.fihtdc.server.utils.RCMonitor.getSettings(RCMonitor.java:172)
04-26 16:31:48.983  1221  1245 W RCMonitor: 	at com.fihtdc.server.utils.RCMonitor.isLocked(RCMonitor.java:149)
04-26 16:31:48.983  1221  1245 W RCMonitor: 	at com.fihtdc.server.utils.RCMonitor.readDB(RCMonitor.java:133)
04-26 16:31:48.983  1221  1245 W RCMonitor: 	at com.android.server.usb.fih.RemoteLockMonitor.isRemoteLockManagedEnable(RemoteLockMonitor.java:55)
04-26 16:31:48.983  1221  1245 W RCMonitor: 	at com.android.server.usb.UsbDeviceManager$UsbHandler.isAdbEnabled(UsbDeviceManager.java:1444)
04-26 16:31:48.983  1221  1245 W RCMonitor: 	at com.android.server.usb.UsbDeviceManager$UsbHandlerLegacy.applyAdbFunction(UsbDeviceManager.java:1843)
04-26 16:31:48.983  1221  1245 W RCMonitor: 	at com.android.server.usb.UsbDeviceManager$UsbHandlerLegacy.trySetEnabledFunctions(UsbDeviceManager.java:1879)
04-26 16:31:48.983  1221  1245 W RCMonitor: 	at com.android.server.usb.UsbDeviceManager$UsbHandlerLegacy.setEnabledFunctions(UsbDeviceManager.java:1783)
04-26 16:31:48.983  1221  1245 W RCMonitor: 	at com.android.server.usb.UsbDeviceManager$UsbHandler.handleMessage(UsbDeviceManager.java:1048)
04-26 16:31:48.983  1221  1245 W RCMonitor: 	at android.os.Handler.dispatchMessage(Handler.java:107)
04-26 16:31:48.983  1221  1245 W RCMonitor: 	at android.os.Looper.loop(Looper.java:214)
04-26 16:31:48.983  1221  1245 W RCMonitor: 	at android.os.HandlerThread.run(HandlerThread.java:67)
04-26 16:31:48.983  1221  1245 W RCMonitor: 	at com.android.server.ServiceThread.run(ServiceThread.java:44)
04-26 16:31:48.984  1221  1245 D RCMonitor: RC readDB Status mIsManaged= false , mIsLock = false
04-26 16:31:48.984  1221  1245 I UsbDeviceManager: Setting USB config to mtp,mass_storage,adb
04-26 16:31:49.003  1221  5737 W ActivityTaskManager: Finishing task with all activities already finished
04-26 16:31:49.003  1221  5737 W ActivityTaskManager: Duplicate finish request for ActivityRecord{5735fce u0 com.android.settings/cust.settings.deviceinfo.MtpEnableActivity t905 f}
04-26 16:31:49.036  1221 22746 W AdbDebuggingManager: Read failed with count -1
04-26 16:31:49.038  1221  1654 V UsbDeviceManager: USB UEVENT: {SUBSYSTEM=android_usb, SEQNUM=143228, ACTION=change, USB_STATE=DISCONNECTED, DEVPATH=/devices/virtual/android_usb/android0}
04-26 16:31:49.089  1221  1245 W RCMonitor: android.content.pm.PackageManager$NameNotFoundException: com.evenwell.remotecare
04-26 16:31:49.089  1221  1245 W RCMonitor: 	at android.app.ApplicationPackageManager.getPackageInfoAsUser(ApplicationPackageManager.java:192)
04-26 16:31:49.089  1221  1245 W RCMonitor: 	at android.app.ApplicationPackageManager.getPackageInfo(ApplicationPackageManager.java:161)
04-26 16:31:49.089  1221  1245 W RCMonitor: 	at com.fihtdc.server.utils.RCMonitor.checkRemoteCareInstalled(RCMonitor.java:188)
04-26 16:31:49.089  1221  1245 W RCMonitor: 	at com.fihtdc.server.utils.RCMonitor.getSettings(RCMonitor.java:172)
04-26 16:31:49.089  1221  1245 W RCMonitor: 	at com.fihtdc.server.utils.RCMonitor.isManaged(RCMonitor.java:139)
04-26 16:31:49.089  1221  1245 W RCMonitor: 	at com.fihtdc.server.utils.RCMonitor.readDB(RCMonitor.java:132)
04-26 16:31:49.089  1221  1245 W RCMonitor: 	at com.android.server.usb.fih.RemoteLockMonitor.isRemoteLockManagedEnable(RemoteLockMonitor.java:55)
04-26 16:31:49.089  1221  1245 W RCMonitor: 	at com.android.server.usb.UsbDeviceManager$UsbHandler.isAdbEnabled(UsbDeviceManager.java:1444)
04-26 16:31:49.089  1221  1245 W RCMonitor: 	at com.android.server.usb.UsbDeviceManager$UsbHandler.getAppliedFunctions(UsbDeviceManager.java:928)
04-26 16:31:49.089  1221  1245 W RCMonitor: 	at com.android.server.usb.UsbDeviceManager$UsbHandlerLegacy.trySetEnabledFunctions(UsbDeviceManager.java:1922)
04-26 16:31:49.089  1221  1245 W RCMonitor: 	at com.android.server.usb.UsbDeviceManager$UsbHandlerLegacy.setEnabledFunctions(UsbDeviceManager.java:1783)
04-26 16:31:49.089  1221  1245 W RCMonitor: 	at com.android.server.usb.UsbDeviceManager$UsbHandler.handleMessage(UsbDeviceManager.java:1048)
04-26 16:31:49.089  1221  1245 W RCMonitor: 	at android.os.Handler.dispatchMessage(Handler.java:107)
04-26 16:31:49.089  1221  1245 W RCMonitor: 	at android.os.Looper.loop(Looper.java:214)
04-26 16:31:49.089  1221  1245 W RCMonitor: 	at android.os.HandlerThread.run(HandlerThread.java:67)
04-26 16:31:49.089  1221  1245 W RCMonitor: 	at com.android.server.ServiceThread.run(ServiceThread.java:44)
04-26 16:31:49.090  1221  1245 W RCMonitor: android.content.pm.PackageManager$NameNotFoundException: com.evenwell.remotecare
04-26 16:31:49.090  1221  1245 W RCMonitor: 	at android.app.ApplicationPackageManager.getPackageInfoAsUser(ApplicationPackageManager.java:192)
04-26 16:31:49.090  1221  1245 W RCMonitor: 	at android.app.ApplicationPackageManager.getPackageInfo(ApplicationPackageManager.java:161)
04-26 16:31:49.090  1221  1245 W RCMonitor: 	at com.fihtdc.server.utils.RCMonitor.checkRemoteCareInstalled(RCMonitor.java:188)
04-26 16:31:49.090  1221  1245 W RCMonitor: 	at com.fihtdc.server.utils.RCMonitor.getSettings(RCMonitor.java:172)
04-26 16:31:49.090  1221  1245 W RCMonitor: 	at com.fihtdc.server.utils.RCMonitor.isLocked(RCMonitor.java:149)
04-26 16:31:49.090  1221  1245 W RCMonitor: 	at com.fihtdc.server.utils.RCMonitor.readDB(RCMonitor.java:133)
04-26 16:31:49.090  1221  1245 W RCMonitor: 	at com.android.server.usb.fih.RemoteLockMonitor.isRemoteLockManagedEnable(RemoteLockMonitor.java:55)
04-26 16:31:49.090  1221  1245 W RCMonitor: 	at com.android.server.usb.UsbDeviceManager$UsbHandler.isAdbEnabled(UsbDeviceManager.java:1444)
04-26 16:31:49.090  1221  1245 W RCMonitor: 	at com.android.server.usb.UsbDeviceManager$UsbHandler.getAppliedFunctions(UsbDeviceManager.java:928)
04-26 16:31:49.090  1221  1245 W RCMonitor: 	at com.android.server.usb.UsbDeviceManager$UsbHandlerLegacy.trySetEnabledFunctions(UsbDeviceManager.java:1922)
04-26 16:31:49.090  1221  1245 W RCMonitor: 	at com.android.server.usb.UsbDeviceManager$UsbHandlerLegacy.setEnabledFunctions(UsbDeviceManager.java:1783)
04-26 16:31:49.090  1221  1245 W RCMonitor: 	at com.android.server.usb.UsbDeviceManager$UsbHandler.handleMessage(UsbDeviceManager.java:1048)
04-26 16:31:49.090  1221  1245 W RCMonitor: 	at android.os.Handler.dispatchMessage(Handler.java:107)
04-26 16:31:49.090  1221  1245 W RCMonitor: 	at android.os.Looper.loop(Looper.java:214)
04-26 16:31:49.090  1221  1245 W RCMonitor: 	at android.os.HandlerThread.run(HandlerThread.java:67)
04-26 16:31:49.090  1221  1245 W RCMonitor: 	at com.android.server.ServiceThread.run(ServiceThread.java:44)
04-26 16:31:49.090  1221  1245 D RCMonitor: RC readDB Status mIsManaged= false , mIsLock = false
04-26 16:31:49.090  1221  1245 D UsbDeviceManager: broadcasting Intent { act=android.hardware.usb.action.USB_STATE flg=0x31000000 (has extras) } extras: Bundle[{host_connected=false, connected=true, unlocked=true, adb=true, mtp=true, configured=true}]
04-26 16:31:49.090  1221  1245 D UsbDeviceManager:  mDisplayDataTransferDialog=false
04-26 16:31:49.231  1221  4978 I ProcessStatsService: Added stats: 2021-04-26-13-00-34, over +3h19m27s107ms
04-26 16:31:49.241  1221  1245 W Looper  : Slow dispatch took 262ms android.fg h=com.android.server.usb.UsbDeviceManager$UsbHandlerLegacy c=null m=2
04-26 16:31:49.546  1221  1654 V UsbDeviceManager: USB UEVENT: {SUBSYSTEM=android_usb, SEQNUM=143230, ACTION=change, USB_STATE=CONNECTED, DEVPATH=/devices/virtual/android_usb/android0}
04-26 16:31:49.547  1221  1245 D UsbDeviceManager: Clear notification
04-26 16:31:49.548  1221  1221 I NotificationService: updateLightsLocked() : ledNotification = null ,mInCall = false ,mScreenOn = true ,FQC = false
04-26 16:31:49.548  1221  1245 D UsbDeviceManager: push notification:USB file transfer turned on
04-26 16:31:49.549  1221  1245 W RCMonitor: android.content.pm.PackageManager$NameNotFoundException: com.evenwell.remotecare
04-26 16:31:49.549  1221  1245 W RCMonitor: 	at android.app.ApplicationPackageManager.getPackageInfoAsUser(ApplicationPackageManager.java:192)
04-26 16:31:49.549  1221  1245 W RCMonitor: 	at android.app.ApplicationPackageManager.getPackageInfo(ApplicationPackageManager.java:161)
04-26 16:31:49.549  1221  1245 W RCMonitor: 	at com.fihtdc.server.utils.RCMonitor.checkRemoteCareInstalled(RCMonitor.java:188)
04-26 16:31:49.549  1221  1245 W RCMonitor: 	at com.fihtdc.server.utils.RCMonitor.getSettings(RCMonitor.java:172)
04-26 16:31:49.549  1221  1245 W RCMonitor: 	at com.fihtdc.server.utils.RCMonitor.isManaged(RCMonitor.java:139)
04-26 16:31:49.549  1221  1245 W RCMonitor: 	at com.fihtdc.server.utils.RCMonitor.readDB(RCMonitor.java:132)
04-26 16:31:49.549  1221  1245 W RCMonitor: 	at com.android.server.usb.fih.RemoteLockMonitor.isRemoteLockManagedEnable(RemoteLockMonitor.java:55)
04-26 16:31:49.549  1221  1245 W RCMonitor: 	at com.android.server.usb.UsbDeviceManager$UsbHandler.isAdbEnabled(UsbDeviceManager.java:1444)
04-26 16:31:49.549  1221  1245 W RCMonitor: 	at com.android.server.usb.UsbDeviceManager$UsbHandler.updateAdbNotification(UsbDeviceManager.java:1457)
04-26 16:31:49.549  1221  1245 W RCMonitor: 	at com.android.server.usb.UsbDeviceManager$UsbHandler.handleMessage(UsbDeviceManager.java:942)
04-26 16:31:49.549  1221  1245 W RCMonitor: 	at android.os.Handler.dispatchMessage(Handler.java:107)
04-26 16:31:49.549  1221  1245 W RCMonitor: 	at android.os.Looper.loop(Looper.java:214)
04-26 16:31:49.549  1221  1245 W RCMonitor: 	at android.os.HandlerThread.run(HandlerThread.java:67)
04-26 16:31:49.549  1221  1245 W RCMonitor: 	at com.android.server.ServiceThread.run(ServiceThread.java:44)
04-26 16:31:49.550  1221  1245 W RCMonitor: android.content.pm.PackageManager$NameNotFoundException: com.evenwell.remotecare
04-26 16:31:49.550  1221  1245 W RCMonitor: 	at android.app.ApplicationPackageManager.getPackageInfoAsUser(ApplicationPackageManager.java:192)
04-26 16:31:49.550  1221  1245 W RCMonitor: 	at android.app.ApplicationPackageManager.getPackageInfo(ApplicationPackageManager.java:161)
04-26 16:31:49.550  1221  1245 W RCMonitor: 	at com.fihtdc.server.utils.RCMonitor.checkRemoteCareInstalled(RCMonitor.java:188)
04-26 16:31:49.550  1221  1245 W RCMonitor: 	at com.fihtdc.server.utils.RCMonitor.getSettings(RCMonitor.java:172)
04-26 16:31:49.550  1221  1245 W RCMonitor: 	at com.fihtdc.server.utils.RCMonitor.isLocked(RCMonitor.java:149)
04-26 16:31:49.550  1221  1245 W RCMonitor: 	at com.fihtdc.server.utils.RCMonitor.readDB(RCMonitor.java:133)
04-26 16:31:49.550  1221  1245 W RCMonitor: 	at com.android.server.usb.fih.RemoteLockMonitor.isRemoteLockManagedEnable(RemoteLockMonitor.java:55)
04-26 16:31:49.550  1221  1245 W RCMonitor: 	at com.android.server.usb.UsbDeviceManager$UsbHandler.isAdbEnabled(UsbDeviceManager.java:1444)
04-26 16:31:49.550  1221  1245 W RCMonitor: 	at com.android.server.usb.UsbDeviceManager$UsbHandler.updateAdbNotification(UsbDeviceManager.java:1457)
04-26 16:31:49.550  1221  1245 W RCMonitor: 	at com.android.server.usb.UsbDeviceManager$UsbHandler.handleMessage(UsbDeviceManager.java:942)
04-26 16:31:49.550  1221  1245 W RCMonitor: 	at android.os.Handler.dispatchMessage(Handler.java:107)
04-26 16:31:49.550  1221  1245 W RCMonitor: 	at android.os.Looper.loop(Looper.java:214)
04-26 16:31:49.550  1221  1245 W RCMonitor: 	at android.os.HandlerThread.run(HandlerThread.java:67)
04-26 16:31:49.550  1221  1245 W RCMonitor: 	at com.android.server.ServiceThread.run(ServiceThread.java:44)
04-26 16:31:49.550  1221  1245 D RCMonitor: RC readDB Status mIsManaged= false , mIsLock = false
04-26 16:31:49.551  1221  1245 W RCMonitor: android.content.pm.PackageManager$NameNotFoundException: com.evenwell.remotecare
04-26 16:31:49.551  1221  1245 W RCMonitor: 	at android.app.ApplicationPackageManager.getPackageInfoAsUser(ApplicationPackageManager.java:192)
04-26 16:31:49.551  1221  1245 W RCMonitor: 	at android.app.ApplicationPackageManager.getPackageInfo(ApplicationPackageManager.java:161)
04-26 16:31:49.551  1221  1245 W RCMonitor: 	at com.fihtdc.server.utils.RCMonitor.checkRemoteCareInstalled(RCMonitor.java:188)
04-26 16:31:49.551  1221  1245 W RCMonitor: 	at com.fihtdc.server.utils.RCMonitor.getSettings(RCMonitor.java:172)
04-26 16:31:49.551  1221  1245 W RCMonitor: 	at com.fihtdc.server.utils.RCMonitor.isManaged(RCMonitor.java:139)
04-26 16:31:49.551  1221  1245 W RCMonitor: 	at com.fihtdc.server.utils.RCMonitor.readDB(RCMonitor.java:132)
04-26 16:31:49.551  1221  1245 W RCMonitor: 	at com.android.server.usb.fih.RemoteLockMonitor.isRemoteLockManagedEnable(RemoteLockMonitor.java:55)
04-26 16:31:49.551  1221  1245 W RCMonitor: 	at com.android.server.usb.UsbDeviceManager$UsbHandler.isAdbEnabled(UsbDeviceManager.java:1444)
04-26 16:31:49.551  1221  1245 W RCMonitor: 	at com.android.server.usb.UsbDeviceManager$UsbHandler.getAppliedFunctions(UsbDeviceManager.java:928)
04-26 16:31:49.551  1221  1245 W RCMonitor: 	at com.android.server.usb.UsbDeviceManager$UsbHandler.handleMessage(UsbDeviceManager.java:944)
04-26 16:31:49.551  1221  1245 W RCMonitor: 	at android.os.Handler.dispatchMessage(Handler.java:107)
04-26 16:31:49.551  1221  1245 W RCMonitor: 	at android.os.Looper.loop(Looper.java:214)
04-26 16:31:49.551  1221  1245 W RCMonitor: 	at android.os.HandlerThread.run(HandlerThread.java:67)
04-26 16:31:49.551  1221  1245 W RCMonitor: 	at com.android.server.ServiceThread.run(ServiceThread.java:44)
04-26 16:31:49.552  1221  1245 W RCMonitor: android.content.pm.PackageManager$NameNotFoundException: com.evenwell.remotecare
04-26 16:31:49.552  1221  1245 W RCMonitor: 	at android.app.ApplicationPackageManager.getPackageInfoAsUser(ApplicationPackageManager.java:192)
04-26 16:31:49.552  1221  1245 W RCMonitor: 	at android.app.ApplicationPackageManager.getPackageInfo(ApplicationPackageManager.java:161)
04-26 16:31:49.552  1221  1245 W RCMonitor: 	at com.fihtdc.server.utils.RCMonitor.checkRemoteCareInstalled(RCMonitor.java:188)
04-26 16:31:49.552  1221  1245 W RCMonitor: 	at com.fihtdc.server.utils.RCMonitor.getSettings(RCMonitor.java:172)
04-26 16:31:49.552  1221  1245 W RCMonitor: 	at com.fihtdc.server.utils.RCMonitor.isLocked(RCMonitor.java:149)
04-26 16:31:49.552  1221  1245 W RCMonitor: 	at com.fihtdc.server.utils.RCMonitor.readDB(RCMonitor.java:133)
04-26 16:31:49.552  1221  1245 W RCMonitor: 	at com.android.server.usb.fih.RemoteLockMonitor.isRemoteLockManagedEnable(RemoteLockMonitor.java:55)
04-26 16:31:49.552  1221  1245 W RCMonitor: 	at com.android.server.usb.UsbDeviceManager$UsbHandler.isAdbEnabled(UsbDeviceManager.java:1444)
04-26 16:31:49.552  1221  1245 W RCMonitor: 	at com.android.server.usb.UsbDeviceManager$UsbHandler.getAppliedFunctions(UsbDeviceManager.java:928)
04-26 16:31:49.552  1221  1245 W RCMonitor: 	at com.android.server.usb.UsbDeviceManager$UsbHandler.handleMessage(UsbDeviceManager.java:944)
04-26 16:31:49.552  1221  1245 W RCMonitor: 	at android.os.Handler.dispatchMessage(Handler.java:107)
04-26 16:31:49.552  1221  1245 W RCMonitor: 	at android.os.Looper.loop(Looper.java:214)
04-26 16:31:49.552  1221  1245 W RCMonitor: 	at android.os.HandlerThread.run(HandlerThread.java:67)
04-26 16:31:49.552  1221  1245 W RCMonitor: 	at com.android.server.ServiceThread.run(ServiceThread.java:44)
04-26 16:31:49.552  1221  1245 D RCMonitor: RC readDB Status mIsManaged= false , mIsLock = false
04-26 16:31:49.552  1221  1245 D UsbDeviceManager: broadcasting Intent { act=android.hardware.usb.action.USB_STATE flg=0x31000000 (has extras) } extras: Bundle[{host_connected=false, connected=true, unlocked=true, adb=true, mtp=true, configured=false}]
04-26 16:31:49.552  1221  1245 D UsbDeviceManager:  mDisplayDataTransferDialog=true
04-26 16:31:49.553  1221  1245 I UsbDeviceManager: Disable MTP Dialog, USB_DIALOG_CONFIG is disable
04-26 16:31:49.555  1221  1654 V UsbDeviceManager: USB UEVENT: {SUBSYSTEM=android_usb, SEQNUM=143231, ACTION=change, USB_STATE=DISCONNECTED, DEVPATH=/devices/virtual/android_usb/android0}
04-26 16:31:49.693  1221  1654 V UsbDeviceManager: USB UEVENT: {SUBSYSTEM=android_usb, SEQNUM=143232, ACTION=change, USB_STATE=CONNECTED, DEVPATH=/devices/virtual/android_usb/android0}
04-26 16:31:49.696  1221  1245 W RCMonitor: android.content.pm.PackageManager$NameNotFoundException: com.evenwell.remotecare
04-26 16:31:49.696  1221  1245 W RCMonitor: 	at android.app.ApplicationPackageManager.getPackageInfoAsUser(ApplicationPackageManager.java:192)
04-26 16:31:49.696  1221  1245 W RCMonitor: 	at android.app.ApplicationPackageManager.getPackageInfo(ApplicationPackageManager.java:161)
04-26 16:31:49.696  1221  1245 W RCMonitor: 	at com.fihtdc.server.utils.RCMonitor.checkRemoteCareInstalled(RCMonitor.java:188)
04-26 16:31:49.696  1221  1245 W RCMonitor: 	at com.fihtdc.server.utils.RCMonitor.getSettings(RCMonitor.java:172)
04-26 16:31:49.696  1221  1245 W RCMonitor: 	at com.fihtdc.server.utils.RCMonitor.isManaged(RCMonitor.java:139)
04-26 16:31:49.696  1221  1245 W RCMonitor: 	at com.fihtdc.server.utils.RCMonitor.readDB(RCMonitor.java:132)
04-26 16:31:49.696  1221  1245 W RCMonitor: 	at com.android.server.usb.fih.RemoteLockMonitor.isRemoteLockManagedEnable(RemoteLockMonitor.java:55)
04-26 16:31:49.696  1221  1245 W RCMonitor: 	at com.android.server.usb.UsbDeviceManager$UsbHandler.isAdbEnabled(UsbDeviceManager.java:1444)
04-26 16:31:49.696  1221  1245 W RCMonitor: 	at com.android.server.usb.UsbDeviceManager$UsbHandler.updateAdbNotification(UsbDeviceManager.java:1457)
04-26 16:31:49.696  1221  1245 W RCMonitor: 	at com.android.server.usb.UsbDeviceManager$UsbHandler.handleMessage(UsbDeviceManager.java:942)
04-26 16:31:49.696  1221  1245 W RCMonitor: 	at android.os.Handler.dispatchMessage(Handler.java:107)
04-26 16:31:49.696  1221  1245 W RCMonitor: 	at android.os.Looper.loop(Looper.java:214)
04-26 16:31:49.696  1221  1245 W RCMonitor: 	at android.os.HandlerThread.run(HandlerThread.java:67)
04-26 16:31:49.696  1221  1245 W RCMonitor: 	at com.android.server.ServiceThread.run(ServiceThread.java:44)
04-26 16:31:49.697  1221  1245 W RCMonitor: android.content.pm.PackageManager$NameNotFoundException: com.evenwell.remotecare
04-26 16:31:49.697  1221  1245 W RCMonitor: 	at android.app.ApplicationPackageManager.getPackageInfoAsUser(ApplicationPackageManager.java:192)
04-26 16:31:49.697  1221  1245 W RCMonitor: 	at android.app.ApplicationPackageManager.getPackageInfo(ApplicationPackageManager.java:161)
04-26 16:31:49.697  1221  1245 W RCMonitor: 	at com.fihtdc.server.utils.RCMonitor.checkRemoteCareInstalled(RCMonitor.java:188)
04-26 16:31:49.697  1221  1245 W RCMonitor: 	at com.fihtdc.server.utils.RCMonitor.getSettings(RCMonitor.java:172)
04-26 16:31:49.697  1221  1245 W RCMonitor: 	at com.fihtdc.server.utils.RCMonitor.isLocked(RCMonitor.java:149)
04-26 16:31:49.697  1221  1245 W RCMonitor: 	at com.fihtdc.server.utils.RCMonitor.readDB(RCMonitor.java:133)
04-26 16:31:49.697  1221  1245 W RCMonitor: 	at com.android.server.usb.fih.RemoteLockMonitor.isRemoteLockManagedEnable(RemoteLockMonitor.java:55)
04-26 16:31:49.697  1221  1245 W RCMonitor: 	at com.android.server.usb.UsbDeviceManager$UsbHandler.isAdbEnabled(UsbDeviceManager.java:1444)
04-26 16:31:49.697  1221  1245 W RCMonitor: 	at com.android.server.usb.UsbDeviceManager$UsbHandler.updateAdbNotification(UsbDeviceManager.java:1457)
04-26 16:31:49.697  1221  1245 W RCMonitor: 	at com.android.server.usb.UsbDeviceManager$UsbHandler.handleMessage(UsbDeviceManager.java:942)
04-26 16:31:49.697  1221  1245 W RCMonitor: 	at android.os.Handler.dispatchMessage(Handler.java:107)
04-26 16:31:49.697  1221  1245 W RCMonitor: 	at android.os.Looper.loop(Looper.java:214)
04-26 16:31:49.697  1221  1245 W RCMonitor: 	at android.os.HandlerThread.run(HandlerThread.java:67)
04-26 16:31:49.697  1221  1245 W RCMonitor: 	at com.android.server.ServiceThread.run(ServiceThread.java:44)
04-26 16:31:49.697  1221  1245 D RCMonitor: RC readDB Status mIsManaged= false , mIsLock = false
04-26 16:31:49.697  1221  1245 W RCMonitor: android.content.pm.PackageManager$NameNotFoundException: com.evenwell.remotecare
04-26 16:31:49.697  1221  1245 W RCMonitor: 	at android.app.ApplicationPackageManager.getPackageInfoAsUser(ApplicationPackageManager.java:192)
04-26 16:31:49.697  1221  1245 W RCMonitor: 	at android.app.ApplicationPackageManager.getPackageInfo(ApplicationPackageManager.java:161)
04-26 16:31:49.697  1221  1245 W RCMonitor: 	at com.fihtdc.server.utils.RCMonitor.checkRemoteCareInstalled(RCMonitor.java:188)
04-26 16:31:49.697  1221  1245 W RCMonitor: 	at com.fihtdc.server.utils.RCMonitor.getSettings(RCMonitor.java:172)
04-26 16:31:49.697  1221  1245 W RCMonitor: 	at com.fihtdc.server.utils.RCMonitor.isManaged(RCMonitor.java:139)
04-26 16:31:49.697  1221  1245 W RCMonitor: 	at com.fihtdc.server.utils.RCMonitor.readDB(RCMonitor.java:132)
04-26 16:31:49.697  1221  1245 W RCMonitor: 	at com.android.server.usb.fih.RemoteLockMonitor.isRemoteLockManagedEnable(RemoteLockMonitor.java:55)
04-26 16:31:49.697  1221  1245 W RCMonitor: 	at com.android.server.usb.UsbDeviceManager$UsbHandler.isAdbEnabled(UsbDeviceManager.java:1444)
04-26 16:31:49.697  1221  1245 W RCMonitor: 	at com.android.server.usb.UsbDeviceManager$UsbHandler.getAppliedFunctions(UsbDeviceManager.java:928)
04-26 16:31:49.697  1221  1245 W RCMonitor: 	at com.android.server.usb.UsbDeviceManager$UsbHandler.handleMessage(UsbDeviceManager.java:944)
04-26 16:31:49.697  1221  1245 W RCMonitor: 	at android.os.Handler.dispatchMessage(Handler.java:107)
04-26 16:31:49.697  1221  1245 W RCMonitor: 	at android.os.Looper.loop(Looper.java:214)
04-26 16:31:49.697  1221  1245 W RCMonitor: 	at android.os.HandlerThread.run(HandlerThread.java:67)
04-26 16:31:49.697  1221  1245 W RCMonitor: 	at com.android.server.ServiceThread.run(ServiceThread.java:44)
04-26 16:31:49.697  1221  1245 W RCMonitor: android.content.pm.PackageManager$NameNotFoundException: com.evenwell.remotecare
04-26 16:31:49.697  1221  1245 W RCMonitor: 	at android.app.ApplicationPackageManager.getPackageInfoAsUser(ApplicationPackageManager.java:192)
04-26 16:31:49.697  1221  1245 W RCMonitor: 	at android.app.ApplicationPackageManager.getPackageInfo(ApplicationPackageManager.java:161)
04-26 16:31:49.697  1221  1245 W RCMonitor: 	at com.fihtdc.server.utils.RCMonitor.checkRemoteCareInstalled(RCMonitor.java:188)
04-26 16:31:49.697  1221  1245 W RCMonitor: 	at com.fihtdc.server.utils.RCMonitor.getSettings(RCMonitor.java:172)
04-26 16:31:49.697  1221  1245 W RCMonitor: 	at com.fihtdc.server.utils.RCMonitor.isLocked(RCMonitor.java:149)
04-26 16:31:49.697  1221  1245 W RCMonitor: 	at com.fihtdc.server.utils.RCMonitor.readDB(RCMonitor.java:133)
04-26 16:31:49.697  1221  1245 W RCMonitor: 	at com.android.server.usb.fih.RemoteLockMonitor.isRemoteLockManagedEnable(RemoteLockMonitor.java:55)
04-26 16:31:49.697  1221  1245 W RCMonitor: 	at com.android.server.usb.UsbDeviceManager$UsbHandler.isAdbEnabled(UsbDeviceManager.java:1444)
04-26 16:31:49.697  1221  1245 W RCMonitor: 	at com.android.server.usb.UsbDeviceManager$UsbHandler.getAppliedFunctions(UsbDeviceManager.java:928)
04-26 16:31:49.697  1221  1245 W RCMonitor: 	at com.android.server.usb.UsbDeviceManager$UsbHandler.handleMessage(UsbDeviceManager.java:944)
04-26 16:31:49.697  1221  1245 W RCMonitor: 	at android.os.Handler.dispatchMessage(Handler.java:107)
04-26 16:31:49.697  1221  1245 W RCMonitor: 	at android.os.Looper.loop(Looper.java:214)
04-26 16:31:49.697  1221  1245 W RCMonitor: 	at android.os.HandlerThread.run(HandlerThread.java:67)
04-26 16:31:49.697  1221  1245 W RCMonitor: 	at com.android.server.ServiceThread.run(ServiceThread.java:44)
04-26 16:31:49.697  1221  1245 D RCMonitor: RC readDB Status mIsManaged= false , mIsLock = false
04-26 16:31:49.697  1221  1245 D UsbDeviceManager: skip broadcasting Intent { act=android.hardware.usb.action.USB_STATE flg=0x31000000 (has extras) } extras: Bundle[{host_connected=false, connected=true, unlocked=true, adb=true, mtp=true, configured=false}]
04-26 16:31:49.700  1221  1654 V UsbDeviceManager: USB UEVENT: {SUBSYSTEM=android_usb, SEQNUM=143233, ACTION=change, USB_STATE=CONFIGURED, DEVPATH=/devices/virtual/android_usb/android0}
04-26 16:31:49.701  1221  1245 W RCMonitor: android.content.pm.PackageManager$NameNotFoundException: com.evenwell.remotecare
04-26 16:31:49.701  1221  1245 W RCMonitor: 	at android.app.ApplicationPackageManager.getPackageInfoAsUser(ApplicationPackageManager.java:192)
04-26 16:31:49.701  1221  1245 W RCMonitor: 	at android.app.ApplicationPackageManager.getPackageInfo(ApplicationPackageManager.java:161)
04-26 16:31:49.701  1221  1245 W RCMonitor: 	at com.fihtdc.server.utils.RCMonitor.checkRemoteCareInstalled(RCMonitor.java:188)
04-26 16:31:49.701  1221  1245 W RCMonitor: 	at com.fihtdc.server.utils.RCMonitor.getSettings(RCMonitor.java:172)
04-26 16:31:49.701  1221  1245 W RCMonitor: 	at com.fihtdc.server.utils.RCMonitor.isManaged(RCMonitor.java:139)
04-26 16:31:49.701  1221  1245 W RCMonitor: 	at com.fihtdc.server.utils.RCMonitor.readDB(RCMonitor.java:132)
04-26 16:31:49.701  1221  1245 W RCMonitor: 	at com.android.server.usb.fih.RemoteLockMonitor.isRemoteLockManagedEnable(RemoteLockMonitor.java:55)
04-26 16:31:49.701  1221  1245 W RCMonitor: 	at com.android.server.usb.UsbDeviceManager$UsbHandler.isAdbEnabled(UsbDeviceManager.java:1444)
04-26 16:31:49.701  1221  1245 W RCMonitor: 	at com.android.server.usb.UsbDeviceManager$UsbHandler.updateAdbNotification(UsbDeviceManager.java:1457)
04-26 16:31:49.701  1221  1245 W RCMonitor: 	at com.android.server.usb.UsbDeviceManager$UsbHandler.handleMessage(UsbDeviceManager.java:942)
04-26 16:31:49.701  1221  1245 W RCMonitor: 	at android.os.Handler.dispatchMessage(Handler.java:107)
04-26 16:31:49.701  1221  1245 W RCMonitor: 	at android.os.Looper.loop(Looper.java:214)
04-26 16:31:49.701  1221  1245 W RCMonitor: 	at android.os.HandlerThread.run(HandlerThread.java:67)
04-26 16:31:49.701  1221  1245 W RCMonitor: 	at com.android.server.ServiceThread.run(ServiceThread.java:44)
04-26 16:31:49.701  1221  1245 W RCMonitor: android.content.pm.PackageManager$NameNotFoundException: com.evenwell.remotecare
04-26 16:31:49.701  1221  1245 W RCMonitor: 	at android.app.ApplicationPackageManager.getPackageInfoAsUser(ApplicationPackageManager.java:192)
04-26 16:31:49.701  1221  1245 W RCMonitor: 	at android.app.ApplicationPackageManager.getPackageInfo(ApplicationPackageManager.java:161)
04-26 16:31:49.701  1221  1245 W RCMonitor: 	at com.fihtdc.server.utils.RCMonitor.checkRemoteCareInstalled(RCMonitor.java:188)
04-26 16:31:49.701  1221  1245 W RCMonitor: 	at com.fihtdc.server.utils.RCMonitor.getSettings(RCMonitor.java:172)
04-26 16:31:49.701  1221  1245 W RCMonitor: 	at com.fihtdc.server.utils.RCMonitor.isLocked(RCMonitor.java:149)
04-26 16:31:49.701  1221  1245 W RCMonitor: 	at com.fihtdc.server.utils.RCMonitor.readDB(RCMonitor.java:133)
04-26 16:31:49.701  1221  1245 W RCMonitor: 	at com.android.server.usb.fih.RemoteLockMonitor.isRemoteLockManagedEnable(RemoteLockMonitor.java:55)
04-26 16:31:49.701  1221  1245 W RCMonitor: 	at com.android.server.usb.UsbDeviceManager$UsbHandler.isAdbEnabled(UsbDeviceManager.java:1444)
04-26 16:31:49.701  1221  1245 W RCMonitor: 	at com.android.server.usb.UsbDeviceManager$UsbHandler.updateAdbNotification(UsbDeviceManager.java:1457)
04-26 16:31:49.701  1221  1245 W RCMonitor: 	at com.android.server.usb.UsbDeviceManager$UsbHandler.handleMessage(UsbDeviceManager.java:942)
04-26 16:31:49.701  1221  1245 W RCMonitor: 	at android.os.Handler.dispatchMessage(Handler.java:107)
04-26 16:31:49.701  1221  1245 W RCMonitor: 	at android.os.Looper.loop(Looper.java:214)
04-26 16:31:49.701  1221  1245 W RCMonitor: 	at android.os.HandlerThread.run(HandlerThread.java:67)
04-26 16:31:49.701  1221  1245 W RCMonitor: 	at com.android.server.ServiceThread.run(ServiceThread.java:44)
04-26 16:31:49.701  1221  1245 D RCMonitor: RC readDB Status mIsManaged= false , mIsLock = false
04-26 16:31:49.701  1221  1245 W RCMonitor: android.content.pm.PackageManager$NameNotFoundException: com.evenwell.remotecare
04-26 16:31:49.701  1221  1245 W RCMonitor: 	at android.app.ApplicationPackageManager.getPackageInfoAsUser(ApplicationPackageManager.java:192)
04-26 16:31:49.701  1221  1245 W RCMonitor: 	at android.app.ApplicationPackageManager.getPackageInfo(ApplicationPackageManager.java:161)
04-26 16:31:49.701  1221  1245 W RCMonitor: 	at com.fihtdc.server.utils.RCMonitor.checkRemoteCareInstalled(RCMonitor.java:188)
04-26 16:31:49.701  1221  1245 W RCMonitor: 	at com.fihtdc.server.utils.RCMonitor.getSettings(RCMonitor.java:172)
04-26 16:31:49.701  1221  1245 W RCMonitor: 	at com.fihtdc.server.utils.RCMonitor.isManaged(RCMonitor.java:139)
04-26 16:31:49.701  1221  1245 W RCMonitor: 	at com.fihtdc.server.utils.RCMonitor.readDB(RCMonitor.java:132)
04-26 16:31:49.701  1221  1245 W RCMonitor: 	at com.android.server.usb.fih.RemoteLockMonitor.isRemoteLockManagedEnable(RemoteLockMonitor.java:55)
04-26 16:31:49.701  1221  1245 W RCMonitor: 	at com.android.server.usb.UsbDeviceManager$UsbHandler.isAdbEnabled(UsbDeviceManager.java:1444)
04-26 16:31:49.701  1221  1245 W RCMonitor: 	at com.android.server.usb.UsbDeviceManager$UsbHandler.getAppliedFunctions(UsbDeviceManager.java:928)
04-26 16:31:49.701  1221  1245 W RCMonitor: 	at com.android.server.usb.UsbDeviceManager$UsbHandler.handleMessage(UsbDeviceManager.java:944)
04-26 16:31:49.701  1221  1245 W RCMonitor: 	at android.os.Handler.dispatchMessage(Handler.java:107)
04-26 16:31:49.701  1221  1245 W RCMonitor: 	at android.os.Looper.loop(Looper.java:214)
04-26 16:31:49.701  1221  1245 W RCMonitor: 	at android.os.HandlerThread.run(HandlerThread.java:67)
04-26 16:31:49.701  1221  1245 W RCMonitor: 	at com.android.server.ServiceThread.run(ServiceThread.java:44)
04-26 16:31:49.702  1221  1245 W RCMonitor: android.content.pm.PackageManager$NameNotFoundException: com.evenwell.remotecare
04-26 16:31:49.702  1221  1245 W RCMonitor: 	at android.app.ApplicationPackageManager.getPackageInfoAsUser(ApplicationPackageManager.java:192)
04-26 16:31:49.702  1221  1245 W RCMonitor: 	at android.app.ApplicationPackageManager.getPackageInfo(ApplicationPackageManager.java:161)
04-26 16:31:49.702  1221  1245 W RCMonitor: 	at com.fihtdc.server.utils.RCMonitor.checkRemoteCareInstalled(RCMonitor.java:188)
04-26 16:31:49.702  1221  1245 W RCMonitor: 	at com.fihtdc.server.utils.RCMonitor.getSettings(RCMonitor.java:172)
04-26 16:31:49.702  1221  1245 W RCMonitor: 	at com.fihtdc.server.utils.RCMonitor.isLocked(RCMonitor.java:149)
04-26 16:31:49.702  1221  1245 W RCMonitor: 	at com.fihtdc.server.utils.RCMonitor.readDB(RCMonitor.java:133)
04-26 16:31:49.702  1221  1245 W RCMonitor: 	at com.android.server.usb.fih.RemoteLockMonitor.isRemoteLockManagedEnable(RemoteLockMonitor.java:55)
04-26 16:31:49.702  1221  1245 W RCMonitor: 	at com.android.server.usb.UsbDeviceManager$UsbHandler.isAdbEnabled(UsbDeviceManager.java:1444)
04-26 16:31:49.702  1221  1245 W RCMonitor: 	at com.android.server.usb.UsbDeviceManager$UsbHandler.getAppliedFunctions(UsbDeviceManager.java:928)
04-26 16:31:49.702  1221  1245 W RCMonitor: 	at com.android.server.usb.UsbDeviceManager$UsbHandler.handleMessage(UsbDeviceManager.java:944)
04-26 16:31:49.702  1221  1245 W RCMonitor: 	at android.os.Handler.dispatchMessage(Handler.java:107)
04-26 16:31:49.702  1221  1245 W RCMonitor: 	at android.os.Looper.loop(Looper.java:214)
04-26 16:31:49.702  1221  1245 W RCMonitor: 	at android.os.HandlerThread.run(HandlerThread.java:67)
04-26 16:31:49.702  1221  1245 W RCMonitor: 	at com.android.server.ServiceThread.run(ServiceThread.java:44)
04-26 16:31:49.702  1221  1245 D RCMonitor: RC readDB Status mIsManaged= false , mIsLock = false
04-26 16:31:49.702  1221  1245 D UsbDeviceManager: broadcasting Intent { act=android.hardware.usb.action.USB_STATE flg=0x31000000 (has extras) } extras: Bundle[{host_connected=false, connected=true, unlocked=true, adb=true, mtp=true, configured=true}]
04-26 16:31:49.702  1221  1245 D UsbDeviceManager:  mDisplayDataTransferDialog=true
04-26 16:31:49.702  1221  1245 I UsbDeviceManager: Disable MTP Dialog, USB_DIALOG_CONFIG is disable
04-26 16:31:50.706  1221 22746 D AdbDebuggingManager: Received connected key message: QAAAAKfZDqbpwRPFq8yVlG6Y1OdnPVKoP2Ge3eWhP25cUdJBGClSFRB1ppZUv68db4YyHOWsReCcEHangD9GELkwjnrHTc8Fyr3zM9OMSX1fLkMU8oG65/+ZNgl+4VE5KhHBl5yke38ijTbJLkHJqjU0Emc+sl+C2aI+u+wNQXHJLcAMrFe0v6QL5jxCoqOzPh8ir6SJ94oc39BxnvC8kt0ieDBCb/3KcuwriVsCzeyGY2MlF0Wk4oMH7bcGhBfCGYXnXwhUK4uC5rlURuvB9mm58pOiwjkVqJrpfPumYFFdKS70FwDLsrYCCBbuG5OfVYE7p3Mi+moM68ccQFGC4QPbD4zi5sPYx0OMLBOzBg2Q6C/Nz3WmB0ZfKrCBNEdzlcqR/H/OVgkG5YGa/QyYj4u1/mSb1pNOJAuUHDUAEqvsfxjyxkZZFCn/EMgLxiNOQw+I1204Zm7UYxwAKicunEZsoDI7P2QTHJnnfZfhoJBfNZZdwmMcZXpPP3kDPc3vAfmAWBLv7IXWbv6qX0hgWa/PSfg46WIIpRCO55hOfolUnA5ganiDP0YXTpZxobtEql7NoOl64w7hxnArQI4esVKQNqbOxveQ7iXdmYr/2IkujxTl1NtCGTRDyLNUNaepecZinjJc0Ad8ZkCgAgORANHAsY7tE7i9PZFK7bl933UkTDidxYl4AAEAAQA= oem@oem-Latitude-3410
04-26 16:31:50.707  1221  1245 D AdbDebuggingManager: Logging key QAAAAKfZDqbpwRPFq8yVlG6Y1OdnPVKoP2Ge3eWhP25cUdJBGClSFRB1ppZUv68db4YyHOWsReCcEHangD9GELkwjnrHTc8Fyr3zM9OMSX1fLkMU8oG65/+ZNgl+4VE5KhHBl5yke38ijTbJLkHJqjU0Emc+sl+C2aI+u+wNQXHJLcAMrFe0v6QL5jxCoqOzPh8ir6SJ94oc39BxnvC8kt0ieDBCb/3KcuwriVsCzeyGY2MlF0Wk4oMH7bcGhBfCGYXnXwhUK4uC5rlURuvB9mm58pOiwjkVqJrpfPumYFFdKS70FwDLsrYCCBbuG5OfVYE7p3Mi+moM68ccQFGC4QPbD4zi5sPYx0OMLBOzBg2Q6C/Nz3WmB0ZfKrCBNEdzlcqR/H/OVgkG5YGa/QyYj4u1/mSb1pNOJAuUHDUAEqvsfxjyxkZZFCn/EMgLxiNOQw+I1204Zm7UYxwAKicunEZsoDI7P2QTHJnnfZfhoJBfNZZdwmMcZXpPP3kDPc3vAfmAWBLv7IXWbv6qX0hgWa/PSfg46WIIpRCO55hOfolUnA5ganiDP0YXTpZxobtEql7NoOl64w7hxnArQI4esVKQNqbOxveQ7iXdmYr/2IkujxTl1NtCGTRDyLNUNaepecZinjJc0Ad8ZkCgAgORANHAsY7tE7i9PZFK7bl933UkTDidxYl4AAEAAQA= oem@oem-Latitude-3410, state = 4, alwaysAllow = true, lastConnectionTime = 1619434910707, authWindow = 604800000
04-26 16:31:50.813  1221  1246 V WindowOrientationListener: Proposed rotation changed!  proposedRotation=0, oldProposedRotation=-1
04-26 16:31:51.192  1221  1246 I chatty  : uid=1000(system) android.ui identical 1 line
04-26 16:31:51.672  1221  1246 V WindowOrientationListener: Proposed rotation changed!  proposedRotation=0, oldProposedRotation=-1
04-26 16:31:53.484  1221  1582 D MtkConnectivityService: releasing NetworkRequest [ REQUEST id=7258, [ Transports: CELLULAR Capabilities: INTERNET&NOT_RESTRICTED&TRUSTED&NOT_VPN Uid: 10133] ] (release request)
04-26 16:31:54.151  1221  1246 V WindowOrientationListener: Proposed rotation changed!  proposedRotation=0, oldProposedRotation=-1
04-26 16:31:54.551  1221  1246 V WindowOrientationListener: Proposed rotation changed!  proposedRotation=0, oldProposedRotation=-1
04-26 16:31:55.140  1221  1458 V SettingsProvider: name : status_inactivewakeup appId : 1000
04-26 16:31:55.150  1221  1458 V SettingsProvider: name : status_inactivewakeup appId : 1000
04-26 16:31:55.189  1221  7742 I WindowManager: Relayout Window{dabe714 u0 com.android.launcher3/com.android.searchlauncher.SearchLauncher}: oldVis=8 newVis=0 focusMayChange = true
04-26 16:31:55.246  1221  1458 V SettingsProvider: name : status_inactivewakeup appId : 1000
04-26 16:31:55.278  1221  4978 V SettingsProvider: name : status_inactivewakeup appId : 1000
04-26 16:31:55.280  1221  1458 V SettingsProvider: name : status_inactivewakeup appId : 1000
04-26 16:31:55.295  1221  1246 V SettingsProvider: name : status_inactivewakeup appId : 1000
04-26 16:31:55.297  1221  1246 I ActivityTaskManager: START u0 {act=android.intent.action.MAIN cat=[android.intent.category.HOME] flg=0x10000100 cmp=com.android.launcher3/com.android.searchlauncher.SearchLauncher (has extras)} from uid 0
04-26 16:31:55.366  1221  4978 I WindowManager: Relayout Window{8c85a66 u0 com.android.launcher3/com.android.searchlauncher.SearchLauncher}: oldVis=4 newVis=0 focusMayChange = true
04-26 16:31:56.202  1221  1458 V SettingsProvider: name : status_inactivewakeup appId : 1000
04-26 16:31:56.305  1221  1458 V SettingsProvider: name : status_inactivewakeup appId : 1000
04-26 16:31:56.319  1221  4978 I NotificationService: updateLightsLocked() : ledNotification = null ,mInCall = false ,mScreenOn = true ,FQC = false
04-26 16:31:56.411  1221  1458 V SettingsProvider: name : status_inactivewakeup appId : 1000
04-26 16:32:01.355  1221  1458 I chatty  : uid=1000(system) InputDispatcher identical 1 line
04-26 16:32:01.459  1221  1458 V SettingsProvider: name : status_inactivewakeup appId : 1000
04-26 16:32:01.476  1221  1221 I NotificationService: updateLightsLocked() : ledNotification = null ,mInCall = false ,mScreenOn = true ,FQC = false
04-26 16:32:06.818  1221  2669 I ActivityManager: Killing 24246:com.google.android.gms.ui/u0a87 (adj 975): empty #17
04-26 16:32:06.867  1221  4978 V ActivityManager: Death received in com.android.server.am.ActivityManagerService$AppDeathRecipient@da30cc3 for thread android.os.BinderProxy@e220940, mPid:24246,mApp:ProcessRecord{fafa6c5 24246:com.google.android.gms.ui/u0a87}
04-26 16:32:09.560  1221  1458 V SettingsProvider: name : status_inactivewakeup appId : 1000
04-26 16:32:09.635  1221  4978 D AppOps  : checkOperation: uid reject #1 for code 87 uid 10112 package com.google.android.apps.wellbeing
04-26 16:32:09.657  1221  1255 I ActivityManager: Start proc 25395:com.google.android.apps.wellbeing/u0a112 for service {com.google.android.apps.wellbeing/com.google.android.apps.wellbeing.screen.ui.GrayscaleTileService}
04-26 16:32:09.658  1221  1255 D ActivityManager: handleProcessStartedLocked mDoneFinishBooting && app.pid != 0 ---> notifyProcessStart, app.processName = com.google.android.apps.wellbeing, app.info = ApplicationInfo{dd4964a com.google.android.apps.wellbeing}, app.hostingType = service, getHostingName() = ComponentInfo{com.google.android.apps.wellbeing/com.google.android.apps.wellbeing.screen.ui.GrayscaleTileService}, getIntentFlag() = 0, getIsPackageRunning() = false, app = ProcessRecord{8ab9bb 25395:com.google.android.apps.wellbeing/u0a112}, getExtraData() = Bundle[{SERVICE_INTENT=Intent { cmp=com.google.android.apps.wellbeing/.screen.ui.GrayscaleTileService }, CALLER_PACKAGE=com.android.systemui}]
04-26 16:32:09.665  1221  1458 V SettingsProvider: name : status_inactivewakeup appId : 1000
04-26 16:32:09.677  1221  2669 V ActivityManager: New death recipient com.android.server.am.ActivityManagerService$AppDeathRecipient@14a3ed8 for thread android.os.BinderProxy@ed2c231, pid:25395,mApp:null
04-26 16:32:09.718  1221  1255 I ActivityManager: Start proc 25414:com.google.android.apps.nbu.files/u0a114 for service {com.google.android.apps.nbu.files/com.google.android.apps.nbu.files.quicksettings.StorageAssistantTileService}
04-26 16:32:09.719  1221  1255 D ActivityManager: handleProcessStartedLocked mDoneFinishBooting && app.pid != 0 ---> notifyProcessStart, app.processName = com.google.android.apps.nbu.files, app.info = ApplicationInfo{c4968ee com.google.android.apps.nbu.files}, app.hostingType = service, getHostingName() = ComponentInfo{com.google.android.apps.nbu.files/com.google.android.apps.nbu.files.quicksettings.StorageAssistantTileService}, getIntentFlag() = 0, getIsPackageRunning() = false, app = ProcessRecord{f4e618f 25414:com.google.android.apps.nbu.files/u0a114}, getExtraData() = Bundle[{SERVICE_INTENT=Intent { cmp=com.google.android.apps.nbu.files/.quicksettings.StorageAssistantTileService }, CALLER_PACKAGE=com.android.systemui}]
04-26 16:32:09.746  1221  4978 V ActivityManager: New death recipient com.android.server.am.ActivityManagerService$AppDeathRecipient@9b34c1c for thread android.os.BinderProxy@c302025, pid:25414,mApp:null
04-26 16:32:09.771  1221  1458 V SettingsProvider: name : status_inactivewakeup appId : 1000
04-26 16:32:09.877  1221  1458 I chatty  : uid=1000(system) InputDispatcher identical 1 line
04-26 16:32:09.991  1221  1458 V SettingsProvider: name : status_inactivewakeup appId : 1000
04-26 16:32:10.097  1221  2669 V SettingsProvider: packageValueForCallResult, name = android_id, value : Bundle[{_track_generation=android.util.MemoryIntArray@74, value=e7d07afe2046e24a, _generation_index=2, _generation=2290}]
04-26 16:32:10.098  1221  1458 V SettingsProvider: name : status_inactivewakeup appId : 1000
04-26 16:32:10.203  1221  1458 V SettingsProvider: name : status_inactivewakeup appId : 1000
04-26 16:32:10.313  1221  4431 V SettingsProvider: packageValueForCallResult, name = null, value : Bundle[{_track_generation=android.util.MemoryIntArray@74, value=null, _generation_index=2, _generation=2290}]
04-26 16:32:10.341  1221  4978 V SettingsProvider: packageValueForCallResult, name = boot_count, value : Bundle[{_track_generation=android.util.MemoryIntArray@74, value=103, _generation_index=0, _generation=890}]
04-26 16:32:10.470  1221  4978 V SettingsProvider: packageValueForCallResult, name = sqlite_compatibility_wal_flags, value : Bundle[{_track_generation=android.util.MemoryIntArray@74, value=, _generation_index=0, _generation=890}]
04-26 16:32:11.142  1221  1458 V SettingsProvider: name : status_inactivewakeup appId : 1000
