04-26 16:29:01.425  1221  1245 W RCMonitor: 	at com.android.server.usb.UsbDeviceManager$UsbHandler.getChargingFunctions(UsbDeviceManager.java:1511)
04-26 16:29:01.425  1221  1245 W RCMonitor: 	at com.android.server.usb.UsbDeviceManager$UsbHandlerLegacy.trySetEnabledFunctions(UsbDeviceManager.java:1859)
04-26 16:29:01.425  1221  1245 W RCMonitor: 	at com.android.server.usb.UsbDeviceManager$UsbHandlerLegacy.setEnabledFunctions(UsbDeviceManager.java:1783)
04-26 16:29:01.425  1221  1245 W RCMonitor: 	at com.android.server.usb.UsbDeviceManager$UsbHandler.handleMessage(UsbDeviceManager.java:957)
04-26 16:29:01.425  1221  1245 W RCMonitor: 	at android.os.Handler.dispatchMessage(Handler.java:107)
04-26 16:29:01.425  1221  1245 W RCMonitor: 	at android.os.Looper.loop(Looper.java:214)
04-26 16:29:01.425  1221  1245 W RCMonitor: 	at android.os.HandlerThread.run(HandlerThread.java:67)
04-26 16:29:01.425  1221  1245 W RCMonitor: 	at com.android.server.ServiceThread.run(ServiceThread.java:44)
04-26 16:29:01.425  1221  1245 D RCMonitor: RC readDB Status mIsManaged= false , mIsLock = false
04-26 16:29:01.426  1221  1245 W RCMonitor: android.content.pm.PackageManager$NameNotFoundException: com.evenwell.remotecare
04-26 16:29:01.426  1221  1245 W RCMonitor: 	at android.app.ApplicationPackageManager.getPackageInfoAsUser(ApplicationPackageManager.java:192)
04-26 16:29:01.426  1221  1245 W RCMonitor: 	at android.app.ApplicationPackageManager.getPackageInfo(ApplicationPackageManager.java:161)
04-26 16:29:01.426  1221  1245 W RCMonitor: 	at com.fihtdc.server.utils.RCMonitor.checkRemoteCareInstalled(RCMonitor.java:188)
04-26 16:29:01.426  1221  1245 W RCMonitor: 	at com.fihtdc.server.utils.RCMonitor.getSettings(RCMonitor.java:172)
04-26 16:29:01.426  1221  1245 W RCMonitor: 	at com.fihtdc.server.utils.RCMonitor.isManaged(RCMonitor.java:139)
04-26 16:29:01.426  1221  1245 W RCMonitor: 	at com.fihtdc.server.utils.RCMonitor.readDB(RCMonitor.java:132)
04-26 16:29:01.426  1221  1245 W RCMonitor: 	at com.android.server.usb.fih.RemoteLockMonitor.isRemoteLockManagedEnable(RemoteLockMonitor.java:55)
04-26 16:29:01.426  1221  1245 W RCMonitor: 	at com.android.server.usb.UsbDeviceManager$UsbHandlerLegacy.trySetEnabledFunctions(UsbDeviceManager.java:1873)
04-26 16:29:01.426  1221  1245 W RCMonitor: 	at com.android.server.usb.UsbDeviceManager$UsbHandlerLegacy.setEnabledFunctions(UsbDeviceManager.java:1783)
04-26 16:29:01.426  1221  1245 W RCMonitor: 	at com.android.server.usb.UsbDeviceManager$UsbHandler.handleMessage(UsbDeviceManager.java:957)
04-26 16:29:01.426  1221  1245 W RCMonitor: 	at android.os.Handler.dispatchMessage(Handler.java:107)
04-26 16:29:01.426  1221  1245 W RCMonitor: 	at android.os.Looper.loop(Looper.java:214)
04-26 16:29:01.426  1221  1245 W RCMonitor: 	at android.os.HandlerThread.run(HandlerThread.java:67)
04-26 16:29:01.426  1221  1245 W RCMonitor: 	at com.android.server.ServiceThread.run(ServiceThread.java:44)
04-26 16:29:01.427  1221  1245 W RCMonitor: android.content.pm.PackageManager$NameNotFoundException: com.evenwell.remotecare
04-26 16:29:01.427  1221  1245 W RCMonitor: 	at android.app.ApplicationPackageManager.getPackageInfoAsUser(ApplicationPackageManager.java:192)
04-26 16:29:01.427  1221  1245 W RCMonitor: 	at android.app.ApplicationPackageManager.getPackageInfo(ApplicationPackageManager.java:161)
04-26 16:29:01.427  1221  1245 W RCMonitor: 	at com.fihtdc.server.utils.RCMonitor.checkRemoteCareInstalled(RCMonitor.java:188)
04-26 16:29:01.427  1221  1245 W RCMonitor: 	at com.fihtdc.server.utils.RCMonitor.getSettings(RCMonitor.java:172)
04-26 16:29:01.427  1221  1245 W RCMonitor: 	at com.fihtdc.server.utils.RCMonitor.isLocked(RCMonitor.java:149)
04-26 16:29:01.427  1221  1245 W RCMonitor: 	at com.fihtdc.server.utils.RCMonitor.readDB(RCMonitor.java:133)
04-26 16:29:01.427  1221  1245 W RCMonitor: 	at com.android.server.usb.fih.RemoteLockMonitor.isRemoteLockManagedEnable(RemoteLockMonitor.java:55)
04-26 16:29:01.427  1221  1245 W RCMonitor: 	at com.android.server.usb.UsbDeviceManager$UsbHandlerLegacy.trySetEnabledFunctions(UsbDeviceManager.java:1873)
04-26 16:29:01.427  1221  1245 W RCMonitor: 	at com.android.server.usb.UsbDeviceManager$UsbHandlerLegacy.setEnabledFunctions(UsbDeviceManager.java:1783)
04-26 16:29:01.427  1221  1245 W RCMonitor: 	at com.android.server.usb.UsbDeviceManager$UsbHandler.handleMessage(UsbDeviceManager.java:957)
04-26 16:29:01.427  1221  1245 W RCMonitor: 	at android.os.Handler.dispatchMessage(Handler.java:107)
04-26 16:29:01.427  1221  1245 W RCMonitor: 	at android.os.Looper.loop(Looper.java:214)
04-26 16:29:01.427  1221  1245 W RCMonitor: 	at android.os.HandlerThread.run(HandlerThread.java:67)
04-26 16:29:01.427  1221  1245 W RCMonitor: 	at com.android.server.ServiceThread.run(ServiceThread.java:44)
04-26 16:29:01.427  1221  1245 D RCMonitor: RC readDB Status mIsManaged= false , mIsLock = false
04-26 16:29:01.428  1221  1245 W RCMonitor: android.content.pm.PackageManager$NameNotFoundException: com.evenwell.remotecare
04-26 16:29:01.428  1221  1245 W RCMonitor: 	at android.app.ApplicationPackageManager.getPackageInfoAsUser(ApplicationPackageManager.java:192)
04-26 16:29:01.428  1221  1245 W RCMonitor: 	at android.app.ApplicationPackageManager.getPackageInfo(ApplicationPackageManager.java:161)
04-26 16:29:01.428  1221  1245 W RCMonitor: 	at com.fihtdc.server.utils.RCMonitor.checkRemoteCareInstalled(RCMonitor.java:188)
04-26 16:29:01.428  1221  1245 W RCMonitor: 	at com.fihtdc.server.utils.RCMonitor.getSettings(RCMonitor.java:172)
04-26 16:29:01.428  1221  1245 W RCMonitor: 	at com.fihtdc.server.utils.RCMonitor.isManaged(RCMonitor.java:139)
04-26 16:29:01.428  1221  1245 W RCMonitor: 	at com.fihtdc.server.utils.RCMonitor.readDB(RCMonitor.java:132)
04-26 16:29:01.428  1221  1245 W RCMonitor: 	at com.android.server.usb.fih.RemoteLockMonitor.isRemoteLockManagedEnable(RemoteLockMonitor.java:55)
04-26 16:29:01.428  1221  1245 W RCMonitor: 	at com.android.server.usb.UsbDeviceManager$UsbHandler.isAdbEnabled(UsbDeviceManager.java:1444)
04-26 16:29:01.428  1221  1245 W RCMonitor: 	at com.android.server.usb.UsbDeviceManager$UsbHandlerLegacy.applyAdbFunction(UsbDeviceManager.java:1843)
04-26 16:29:01.428  1221  1245 W RCMonitor: 	at com.android.server.usb.UsbDeviceManager$UsbHandlerLegacy.trySetEnabledFunctions(UsbDeviceManager.java:1879)
04-26 16:29:01.428  1221  1245 W RCMonitor: 	at com.android.server.usb.UsbDeviceManager$UsbHandlerLegacy.setEnabledFunctions(UsbDeviceManager.java:1783)
04-26 16:29:01.428  1221  1245 W RCMonitor: 	at com.android.server.usb.UsbDeviceManager$UsbHandler.handleMessage(UsbDeviceManager.java:957)
04-26 16:29:01.428  1221  1245 W RCMonitor: 	at android.os.Handler.dispatchMessage(Handler.java:107)
04-26 16:29:01.428  1221  1245 W RCMonitor: 	at android.os.Looper.loop(Looper.java:214)
04-26 16:29:01.428  1221  1245 W RCMonitor: 	at android.os.HandlerThread.run(HandlerThread.java:67)
04-26 16:29:01.428  1221  1245 W RCMonitor: 	at com.android.server.ServiceThread.run(ServiceThread.java:44)
04-26 16:29:01.429  1221  1245 W RCMonitor: android.content.pm.PackageManager$NameNotFoundException: com.evenwell.remotecare
04-26 16:29:01.429  1221  1245 W RCMonitor: 	at android.app.ApplicationPackageManager.getPackageInfoAsUser(ApplicationPackageManager.java:192)
04-26 16:29:01.429  1221  1245 W RCMonitor: 	at android.app.ApplicationPackageManager.getPackageInfo(ApplicationPackageManager.java:161)
04-26 16:29:01.429  1221  1245 W RCMonitor: 	at com.fihtdc.server.utils.RCMonitor.checkRemoteCareInstalled(RCMonitor.java:188)
04-26 16:29:01.429  1221  1245 W RCMonitor: 	at com.fihtdc.server.utils.RCMonitor.getSettings(RCMonitor.java:172)
04-26 16:29:01.429  1221  1245 W RCMonitor: 	at com.fihtdc.server.utils.RCMonitor.isLocked(RCMonitor.java:149)
04-26 16:29:01.429  1221  1245 W RCMonitor: 	at com.fihtdc.server.utils.RCMonitor.readDB(RCMonitor.java:133)
04-26 16:29:01.429  1221  1245 W RCMonitor: 	at com.android.server.usb.fih.RemoteLockMonitor.isRemoteLockManagedEnable(RemoteLockMonitor.java:55)
04-26 16:29:01.429  1221  1245 W RCMonitor: 	at com.android.server.usb.UsbDeviceManager$UsbHandler.isAdbEnabled(UsbDeviceManager.java:1444)
04-26 16:29:01.429  1221  1245 W RCMonitor: 	at com.android.server.usb.UsbDeviceManager$UsbHandlerLegacy.applyAdbFunction(UsbDeviceManager.java:1843)
04-26 16:29:01.429  1221  1245 W RCMonitor: 	at com.android.server.usb.UsbDeviceManager$UsbHandlerLegacy.trySetEnabledFunctions(UsbDeviceManager.java:1879)
04-26 16:29:01.429  1221  1245 W RCMonitor: 	at com.android.server.usb.UsbDeviceManager$UsbHandlerLegacy.setEnabledFunctions(UsbDeviceManager.java:1783)
04-26 16:29:01.429  1221  1245 W RCMonitor: 	at com.android.server.usb.UsbDeviceManager$UsbHandler.handleMessage(UsbDeviceManager.java:957)
04-26 16:29:01.429  1221  1245 W RCMonitor: 	at android.os.Handler.dispatchMessage(Handler.java:107)
04-26 16:29:01.429  1221  1245 W RCMonitor: 	at android.os.Looper.loop(Looper.java:214)
04-26 16:29:01.429  1221  1245 W RCMonitor: 	at android.os.HandlerThread.run(HandlerThread.java:67)
04-26 16:29:01.429  1221  1245 W RCMonitor: 	at com.android.server.ServiceThread.run(ServiceThread.java:44)
04-26 16:29:01.429  1221  1245 D RCMonitor: RC readDB Status mIsManaged= false , mIsLock = false
04-26 16:29:01.429  1221  1221 I NotificationService: updateLightsLocked() : ledNotification = null ,mInCall = false ,mScreenOn = false ,FQC = false
04-26 16:29:01.554  1221  4431 I WindowManager: Relayout Window{414f9a6 u0 com.google.android.googlequicksearchbox/com.google.android.apps.gsa.staticplugins.opa.samson.activity.OpaAmbActivity}: oldVis=4 newVis=0 focusMayChange = true
04-26 16:29:01.624  1221  1249 D PowerManagerService: WAKE_LOCK_SCREEN_BRIGHT Change, Total ACQUIRED: 
04-26 16:29:01.624  1221  1249 D PowerManagerService:   DOZE_WAKE_LOCK                 'DreamManagerService' ACQ=-1m19s71ms (uid=1000 pid=1221)
04-26 16:29:01.624  1221  1249 D PowerManagerService:   SCREEN_BRIGHT_WAKE_LOCK        'WindowManager' ON_AFTER_RELEASE (uid=1000 pid=1221 ws=WorkSource{10133})
04-26 16:29:01.947  1221  1654 V UsbDeviceManager: USB UEVENT: {SUBSYSTEM=android_usb, SEQNUM=143183, ACTION=change, USB_STATE=CONNECTED, DEVPATH=/devices/virtual/android_usb/android0}
04-26 16:29:01.948  1221  1245 D UsbDeviceManager: push notification:Charging this device via USB
04-26 16:29:01.949  1221  1245 W RCMonitor: android.content.pm.PackageManager$NameNotFoundException: com.evenwell.remotecare
04-26 16:29:01.949  1221  1245 W RCMonitor: 	at android.app.ApplicationPackageManager.getPackageInfoAsUser(ApplicationPackageManager.java:192)
04-26 16:29:01.949  1221  1245 W RCMonitor: 	at android.app.ApplicationPackageManager.getPackageInfo(ApplicationPackageManager.java:161)
04-26 16:29:01.949  1221  1245 W RCMonitor: 	at com.fihtdc.server.utils.RCMonitor.checkRemoteCareInstalled(RCMonitor.java:188)
04-26 16:29:01.949  1221  1245 W RCMonitor: 	at com.fihtdc.server.utils.RCMonitor.getSettings(RCMonitor.java:172)
04-26 16:29:01.949  1221  1245 W RCMonitor: 	at com.fihtdc.server.utils.RCMonitor.isManaged(RCMonitor.java:139)
04-26 16:29:01.949  1221  1245 W RCMonitor: 	at com.fihtdc.server.utils.RCMonitor.readDB(RCMonitor.java:132)
04-26 16:29:01.949  1221  1245 W RCMonitor: 	at com.android.server.usb.fih.RemoteLockMonitor.isRemoteLockManagedEnable(RemoteLockMonitor.java:55)
04-26 16:29:01.949  1221  1245 W RCMonitor: 	at com.android.server.usb.UsbDeviceManager$UsbHandler.isAdbEnabled(UsbDeviceManager.java:1444)
04-26 16:29:01.949  1221  1245 W RCMonitor: 	at com.android.server.usb.UsbDeviceManager$UsbHandler.updateAdbNotification(UsbDeviceManager.java:1457)
04-26 16:29:01.949  1221  1245 W RCMonitor: 	at com.android.server.usb.UsbDeviceManager$UsbHandler.handleMessage(UsbDeviceManager.java:942)
04-26 16:29:01.949  1221  1245 W RCMonitor: 	at android.os.Handler.dispatchMessage(Handler.java:107)
04-26 16:29:01.949  1221  1245 W RCMonitor: 	at android.os.Looper.loop(Looper.java:214)
04-26 16:29:01.949  1221  1245 W RCMonitor: 	at android.os.HandlerThread.run(HandlerThread.java:67)
04-26 16:29:01.949  1221  1245 W RCMonitor: 	at com.android.server.ServiceThread.run(ServiceThread.java:44)
04-26 16:29:01.949  1221  1245 W RCMonitor: android.content.pm.PackageManager$NameNotFoundException: com.evenwell.remotecare
04-26 16:29:01.949  1221  1245 W RCMonitor: 	at android.app.ApplicationPackageManager.getPackageInfoAsUser(ApplicationPackageManager.java:192)
04-26 16:29:01.949  1221  1245 W RCMonitor: 	at android.app.ApplicationPackageManager.getPackageInfo(ApplicationPackageManager.java:161)
04-26 16:29:01.949  1221  1245 W RCMonitor: 	at com.fihtdc.server.utils.RCMonitor.checkRemoteCareInstalled(RCMonitor.java:188)
04-26 16:29:01.949  1221  1245 W RCMonitor: 	at com.fihtdc.server.utils.RCMonitor.getSettings(RCMonitor.java:172)
04-26 16:29:01.949  1221  1245 W RCMonitor: 	at com.fihtdc.server.utils.RCMonitor.isLocked(RCMonitor.java:149)
04-26 16:29:01.949  1221  1245 W RCMonitor: 	at com.fihtdc.server.utils.RCMonitor.readDB(RCMonitor.java:133)
04-26 16:29:01.949  1221  1245 W RCMonitor: 	at com.android.server.usb.fih.RemoteLockMonitor.isRemoteLockManagedEnable(RemoteLockMonitor.java:55)
04-26 16:29:01.949  1221  1245 W RCMonitor: 	at com.android.server.usb.UsbDeviceManager$UsbHandler.isAdbEnabled(UsbDeviceManager.java:1444)
04-26 16:29:01.949  1221  1245 W RCMonitor: 	at com.android.server.usb.UsbDeviceManager$UsbHandler.updateAdbNotification(UsbDeviceManager.java:1457)
04-26 16:29:01.949  1221  1245 W RCMonitor: 	at com.android.server.usb.UsbDeviceManager$UsbHandler.handleMessage(UsbDeviceManager.java:942)
04-26 16:29:01.949  1221  1245 W RCMonitor: 	at android.os.Handler.dispatchMessage(Handler.java:107)
04-26 16:29:01.949  1221  1245 W RCMonitor: 	at android.os.Looper.loop(Looper.java:214)
04-26 16:29:01.949  1221  1245 W RCMonitor: 	at android.os.HandlerThread.run(HandlerThread.java:67)
04-26 16:29:01.949  1221  1245 W RCMonitor: 	at com.android.server.ServiceThread.run(ServiceThread.java:44)
04-26 16:29:01.949  1221  1245 D RCMonitor: RC readDB Status mIsManaged= false , mIsLock = false
04-26 16:29:01.950  1221  1245 W RCMonitor: android.content.pm.PackageManager$NameNotFoundException: com.evenwell.remotecare
04-26 16:29:01.950  1221  1245 W RCMonitor: 	at android.app.ApplicationPackageManager.getPackageInfoAsUser(ApplicationPackageManager.java:192)
04-26 16:29:01.950  1221  1245 W RCMonitor: 	at android.app.ApplicationPackageManager.getPackageInfo(ApplicationPackageManager.java:161)
04-26 16:29:01.950  1221  1245 W RCMonitor: 	at com.fihtdc.server.utils.RCMonitor.checkRemoteCareInstalled(RCMonitor.java:188)
04-26 16:29:01.950  1221  1245 W RCMonitor: 	at com.fihtdc.server.utils.RCMonitor.getSettings(RCMonitor.java:172)
04-26 16:29:01.950  1221  1245 W RCMonitor: 	at com.fihtdc.server.utils.RCMonitor.isManaged(RCMonitor.java:139)
04-26 16:29:01.950  1221  1245 W RCMonitor: 	at com.fihtdc.server.utils.RCMonitor.readDB(RCMonitor.java:132)
04-26 16:29:01.950  1221  1245 W RCMonitor: 	at com.android.server.usb.fih.RemoteLockMonitor.isRemoteLockManagedEnable(RemoteLockMonitor.java:55)
04-26 16:29:01.950  1221  1245 W RCMonitor: 	at com.android.server.usb.UsbDeviceManager$UsbHandler.isAdbEnabled(UsbDeviceManager.java:1444)
04-26 16:29:01.950  1221  1245 W RCMonitor: 	at com.android.server.usb.UsbDeviceManager$UsbHandler.getChargingFunctions(UsbDeviceManager.java:1511)
04-26 16:29:01.950  1221  1245 W RCMonitor: 	at com.android.server.usb.UsbDeviceManager$UsbHandler.getAppliedFunctions(UsbDeviceManager.java:926)
04-26 16:29:01.950  1221  1245 W RCMonitor: 	at com.android.server.usb.UsbDeviceManager$UsbHandler.handleMessage(UsbDeviceManager.java:944)
04-26 16:29:01.950  1221  1245 W RCMonitor: 	at android.os.Handler.dispatchMessage(Handler.java:107)
04-26 16:29:01.950  1221  1245 W RCMonitor: 	at android.os.Looper.loop(Looper.java:214)
04-26 16:29:01.950  1221  1245 W RCMonitor: 	at android.os.HandlerThread.run(HandlerThread.java:67)
04-26 16:29:01.950  1221  1245 W RCMonitor: 	at com.android.server.ServiceThread.run(ServiceThread.java:44)
04-26 16:29:01.950  1221  1245 W RCMonitor: android.content.pm.PackageManager$NameNotFoundException: com.evenwell.remotecare
04-26 16:29:01.950  1221  1245 W RCMonitor: 	at android.app.ApplicationPackageManager.getPackageInfoAsUser(ApplicationPackageManager.java:192)
04-26 16:29:01.950  1221  1245 W RCMonitor: 	at android.app.ApplicationPackageManager.getPackageInfo(ApplicationPackageManager.java:161)
04-26 16:29:01.950  1221  1245 W RCMonitor: 	at com.fihtdc.server.utils.RCMonitor.checkRemoteCareInstalled(RCMonitor.java:188)
04-26 16:29:01.950  1221  1245 W RCMonitor: 	at com.fihtdc.server.utils.RCMonitor.getSettings(RCMonitor.java:172)
04-26 16:29:01.950  1221  1245 W RCMonitor: 	at com.fihtdc.server.utils.RCMonitor.isLocked(RCMonitor.java:149)
04-26 16:29:01.950  1221  1245 W RCMonitor: 	at com.fihtdc.server.utils.RCMonitor.readDB(RCMonitor.java:133)
04-26 16:29:01.950  1221  1245 W RCMonitor: 	at com.android.server.usb.fih.RemoteLockMonitor.isRemoteLockManagedEnable(RemoteLockMonitor.java:55)
04-26 16:29:01.950  1221  1245 W RCMonitor: 	at com.android.server.usb.UsbDeviceManager$UsbHandler.isAdbEnabled(UsbDeviceManager.java:1444)
04-26 16:29:01.950  1221  1245 W RCMonitor: 	at com.android.server.usb.UsbDeviceManager$UsbHandler.getChargingFunctions(UsbDeviceManager.java:1511)
04-26 16:29:01.950  1221  1245 W RCMonitor: 	at com.android.server.usb.UsbDeviceManager$UsbHandler.getAppliedFunctions(UsbDeviceManager.java:926)
04-26 16:29:01.950  1221  1245 W RCMonitor: 	at com.android.server.usb.UsbDeviceManager$UsbHandler.handleMessage(UsbDeviceManager.java:944)
04-26 16:29:01.950  1221  1245 W RCMonitor: 	at android.os.Handler.dispatchMessage(Handler.java:107)
04-26 16:29:01.950  1221  1245 W RCMonitor: 	at android.os.Looper.loop(Looper.java:214)
04-26 16:29:01.950  1221  1245 W RCMonitor: 	at android.os.HandlerThread.run(HandlerThread.java:67)
04-26 16:29:01.950  1221  1245 W RCMonitor: 	at com.android.server.ServiceThread.run(ServiceThread.java:44)
04-26 16:29:01.950  1221  1245 D RCMonitor: RC readDB Status mIsManaged= false , mIsLock = false
04-26 16:29:01.950  1221  1245 D UsbDeviceManager: broadcasting Intent { act=android.hardware.usb.action.USB_STATE flg=0x31000000 (has extras) } extras: Bundle[{host_connected=false, connected=true, unlocked=false, adb=true, configured=false}]
04-26 16:29:01.950  1221  1245 D UsbDeviceManager:  mDisplayDataTransferDialog=true
04-26 16:29:01.951  1221  1654 V UsbDeviceManager: USB UEVENT: {SUBSYSTEM=android_usb, SEQNUM=143184, ACTION=change, USB_STATE=DISCONNECTED, DEVPATH=/devices/virtual/android_usb/android0}
04-26 16:29:01.952  1221  1245 I UsbDeviceManager: USB_CONFIG_PROPERTY = mass_storage,adb
04-26 16:29:01.952  1221  1245 D UsbDeviceManager: MSG_DISPLAY_DATA_TRANSFER_DIALOG: Intent { act=com.fihtdc.usb.dialog flg=0x31000000 (has extras) } connected: true configured: false
04-26 16:29:01.974 21910 21910 W ContextImpl: Calling a method in the system process without a qualified user: android.app.ContextImpl.startActivity:928 android.content.ContextWrapper.startActivity:383 android.content.ContextWrapper.startActivity:383 cust.settings.deviceinfo.MtpEnableSettingReceiver.onReceive:67 android.app.ActivityThread.handleReceiver:3816 
04-26 16:29:01.974 21910 21910 W ContextImpl: Calling a method in the system process without a qualified user: android.app.ContextImpl.startActivity:940 android.app.ContextImpl.startActivity:929 android.content.ContextWrapper.startActivity:383 android.content.ContextWrapper.startActivity:383 cust.settings.deviceinfo.MtpEnableSettingReceiver.onReceive:67 
04-26 16:29:01.975  1221  1745 I ActivityTaskManager: START u0 {flg=0x10010000 cmp=com.android.settings/cust.settings.deviceinfo.MtpEnableActivity} from uid 1000
04-26 16:29:02.001  1221  1745 D PowerManagerService: WAKE_LOCK_SCREEN_BRIGHT Change, RELEASE:
04-26 16:29:02.001  1221  1745 D PowerManagerService:   SCREEN_BRIGHT_WAKE_LOCK        'WindowManager' ON_AFTER_RELEASE ACQ=-377ms (uid=1000 pid=1221 ws=WorkSource{10133})
04-26 16:29:02.103  1221  1812 E NotificationService: Suppressing notification from package by user request.
04-26 16:29:02.190  1221  1654 V UsbDeviceManager: USB UEVENT: {SUBSYSTEM=android_usb, SEQNUM=143185, ACTION=change, USB_STATE=CONNECTED, DEVPATH=/devices/virtual/android_usb/android0}
04-26 16:29:02.191  1221  1245 W RCMonitor: android.content.pm.PackageManager$NameNotFoundException: com.evenwell.remotecare
04-26 16:29:02.191  1221  1245 W RCMonitor: 	at android.app.ApplicationPackageManager.getPackageInfoAsUser(ApplicationPackageManager.java:192)
04-26 16:29:02.191  1221  1245 W RCMonitor: 	at android.app.ApplicationPackageManager.getPackageInfo(ApplicationPackageManager.java:161)
04-26 16:29:02.191  1221  1245 W RCMonitor: 	at com.fihtdc.server.utils.RCMonitor.checkRemoteCareInstalled(RCMonitor.java:188)
04-26 16:29:02.191  1221  1245 W RCMonitor: 	at com.fihtdc.server.utils.RCMonitor.getSettings(RCMonitor.java:172)
04-26 16:29:02.191  1221  1245 W RCMonitor: 	at com.fihtdc.server.utils.RCMonitor.isManaged(RCMonitor.java:139)
04-26 16:29:02.191  1221  1245 W RCMonitor: 	at com.fihtdc.server.utils.RCMonitor.readDB(RCMonitor.java:132)
04-26 16:29:02.191  1221  1245 W RCMonitor: 	at com.android.server.usb.fih.RemoteLockMonitor.isRemoteLockManagedEnable(RemoteLockMonitor.java:55)
04-26 16:29:02.191  1221  1245 W RCMonitor: 	at com.android.server.usb.UsbDeviceManager$UsbHandler.isAdbEnabled(UsbDeviceManager.java:1444)
04-26 16:29:02.191  1221  1245 W RCMonitor: 	at com.android.server.usb.UsbDeviceManager$UsbHandler.updateAdbNotification(UsbDeviceManager.java:1457)
04-26 16:29:02.191  1221  1245 W RCMonitor: 	at com.android.server.usb.UsbDeviceManager$UsbHandler.handleMessage(UsbDeviceManager.java:942)
04-26 16:29:02.191  1221  1245 W RCMonitor: 	at android.os.Handler.dispatchMessage(Handler.java:107)
04-26 16:29:02.191  1221  1245 W RCMonitor: 	at android.os.Looper.loop(Looper.java:214)
04-26 16:29:02.191  1221  1245 W RCMonitor: 	at android.os.HandlerThread.run(HandlerThread.java:67)
04-26 16:29:02.191  1221  1245 W RCMonitor: 	at com.android.server.ServiceThread.run(ServiceThread.java:44)
04-26 16:29:02.192  1221  1245 W RCMonitor: android.content.pm.PackageManager$NameNotFoundException: com.evenwell.remotecare
04-26 16:29:02.192  1221  1245 W RCMonitor: 	at android.app.ApplicationPackageManager.getPackageInfoAsUser(ApplicationPackageManager.java:192)
04-26 16:29:02.192  1221  1245 W RCMonitor: 	at android.app.ApplicationPackageManager.getPackageInfo(ApplicationPackageManager.java:161)
04-26 16:29:02.192  1221  1245 W RCMonitor: 	at com.fihtdc.server.utils.RCMonitor.checkRemoteCareInstalled(RCMonitor.java:188)
04-26 16:29:02.192  1221  1245 W RCMonitor: 	at com.fihtdc.server.utils.RCMonitor.getSettings(RCMonitor.java:172)
04-26 16:29:02.192  1221  1245 W RCMonitor: 	at com.fihtdc.server.utils.RCMonitor.isLocked(RCMonitor.java:149)
04-26 16:29:02.192  1221  1245 W RCMonitor: 	at com.fihtdc.server.utils.RCMonitor.readDB(RCMonitor.java:133)
04-26 16:29:02.192  1221  1245 W RCMonitor: 	at com.android.server.usb.fih.RemoteLockMonitor.isRemoteLockManagedEnable(RemoteLockMonitor.java:55)
04-26 16:29:02.192  1221  1245 W RCMonitor: 	at com.android.server.usb.UsbDeviceManager$UsbHandler.isAdbEnabled(UsbDeviceManager.java:1444)
04-26 16:29:02.192  1221  1245 W RCMonitor: 	at com.android.server.usb.UsbDeviceManager$UsbHandler.updateAdbNotification(UsbDeviceManager.java:1457)
04-26 16:29:02.192  1221  1245 W RCMonitor: 	at com.android.server.usb.UsbDeviceManager$UsbHandler.handleMessage(UsbDeviceManager.java:942)
04-26 16:29:02.192  1221  1245 W RCMonitor: 	at android.os.Handler.dispatchMessage(Handler.java:107)
04-26 16:29:02.192  1221  1245 W RCMonitor: 	at android.os.Looper.loop(Looper.java:214)
04-26 16:29:02.192  1221  1245 W RCMonitor: 	at android.os.HandlerThread.run(HandlerThread.java:67)
04-26 16:29:02.192  1221  1245 W RCMonitor: 	at com.android.server.ServiceThread.run(ServiceThread.java:44)
04-26 16:29:02.192  1221  1245 D RCMonitor: RC readDB Status mIsManaged= false , mIsLock = false
04-26 16:29:02.192  1221  1245 W RCMonitor: android.content.pm.PackageManager$NameNotFoundException: com.evenwell.remotecare
04-26 16:29:02.192  1221  1245 W RCMonitor: 	at android.app.ApplicationPackageManager.getPackageInfoAsUser(ApplicationPackageManager.java:192)
04-26 16:29:02.192  1221  1245 W RCMonitor: 	at android.app.ApplicationPackageManager.getPackageInfo(ApplicationPackageManager.java:161)
04-26 16:29:02.192  1221  1245 W RCMonitor: 	at com.fihtdc.server.utils.RCMonitor.checkRemoteCareInstalled(RCMonitor.java:188)
04-26 16:29:02.192  1221  1245 W RCMonitor: 	at com.fihtdc.server.utils.RCMonitor.getSettings(RCMonitor.java:172)
04-26 16:29:02.192  1221  1245 W RCMonitor: 	at com.fihtdc.server.utils.RCMonitor.isManaged(RCMonitor.java:139)
04-26 16:29:02.192  1221  1245 W RCMonitor: 	at com.fihtdc.server.utils.RCMonitor.readDB(RCMonitor.java:132)
04-26 16:29:02.192  1221  1245 W RCMonitor: 	at com.android.server.usb.fih.RemoteLockMonitor.isRemoteLockManagedEnable(RemoteLockMonitor.java:55)
04-26 16:29:02.192  1221  1245 W RCMonitor: 	at com.android.server.usb.UsbDeviceManager$UsbHandler.isAdbEnabled(UsbDeviceManager.java:1444)
04-26 16:29:02.192  1221  1245 W RCMonitor: 	at com.android.server.usb.UsbDeviceManager$UsbHandler.getChargingFunctions(UsbDeviceManager.java:1511)
04-26 16:29:02.192  1221  1245 W RCMonitor: 	at com.android.server.usb.UsbDeviceManager$UsbHandler.getAppliedFunctions(UsbDeviceManager.java:926)
04-26 16:29:02.192  1221  1245 W RCMonitor: 	at com.android.server.usb.UsbDeviceManager$UsbHandler.handleMessage(UsbDeviceManager.java:944)
04-26 16:29:02.192  1221  1245 W RCMonitor: 	at android.os.Handler.dispatchMessage(Handler.java:107)
04-26 16:29:02.192  1221  1245 W RCMonitor: 	at android.os.Looper.loop(Looper.java:214)
04-26 16:29:02.192  1221  1245 W RCMonitor: 	at android.os.HandlerThread.run(HandlerThread.java:67)
04-26 16:29:02.192  1221  1245 W RCMonitor: 	at com.android.server.ServiceThread.run(ServiceThread.java:44)
04-26 16:29:02.193  1221  1245 W RCMonitor: android.content.pm.PackageManager$NameNotFoundException: com.evenwell.remotecare
04-26 16:29:02.193  1221  1245 W RCMonitor: 	at android.app.ApplicationPackageManager.getPackageInfoAsUser(ApplicationPackageManager.java:192)
04-26 16:29:02.193  1221  1245 W RCMonitor: 	at android.app.ApplicationPackageManager.getPackageInfo(ApplicationPackageManager.java:161)
04-26 16:29:02.193  1221  1245 W RCMonitor: 	at com.fihtdc.server.utils.RCMonitor.checkRemoteCareInstalled(RCMonitor.java:188)
04-26 16:29:02.193  1221  1245 W RCMonitor: 	at com.fihtdc.server.utils.RCMonitor.getSettings(RCMonitor.java:172)
04-26 16:29:02.193  1221  1245 W RCMonitor: 	at com.fihtdc.server.utils.RCMonitor.isLocked(RCMonitor.java:149)
04-26 16:29:02.193  1221  1245 W RCMonitor: 	at com.fihtdc.server.utils.RCMonitor.readDB(RCMonitor.java:133)
04-26 16:29:02.193  1221  1245 W RCMonitor: 	at com.android.server.usb.fih.RemoteLockMonitor.isRemoteLockManagedEnable(RemoteLockMonitor.java:55)
04-26 16:29:02.193  1221  1245 W RCMonitor: 	at com.android.server.usb.UsbDeviceManager$UsbHandler.isAdbEnabled(UsbDeviceManager.java:1444)
04-26 16:29:02.193  1221  1245 W RCMonitor: 	at com.android.server.usb.UsbDeviceManager$UsbHandler.getChargingFunctions(UsbDeviceManager.java:1511)
04-26 16:29:02.193  1221  1245 W RCMonitor: 	at com.android.server.usb.UsbDeviceManager$UsbHandler.getAppliedFunctions(UsbDeviceManager.java:926)
04-26 16:29:02.193  1221  1245 W RCMonitor: 	at com.android.server.usb.UsbDeviceManager$UsbHandler.handleMessage(UsbDeviceManager.java:944)
04-26 16:29:02.193  1221  1245 W RCMonitor: 	at android.os.Handler.dispatchMessage(Handler.java:107)
04-26 16:29:02.193  1221  1245 W RCMonitor: 	at android.os.Looper.loop(Looper.java:214)
04-26 16:29:02.193  1221  1245 W RCMonitor: 	at android.os.HandlerThread.run(HandlerThread.java:67)
04-26 16:29:02.193  1221  1245 W RCMonitor: 	at com.android.server.ServiceThread.run(ServiceThread.java:44)
04-26 16:29:02.193  1221  1245 D RCMonitor: RC readDB Status mIsManaged= false , mIsLock = false
04-26 16:29:02.193  1221  1245 D UsbDeviceManager: skip broadcasting Intent { act=android.hardware.usb.action.USB_STATE flg=0x31000000 (has extras) } extras: Bundle[{host_connected=false, connected=true, unlocked=false, adb=true, configured=false}]
04-26 16:29:02.195  1221  1654 V UsbDeviceManager: USB UEVENT: {SUBSYSTEM=android_usb, SEQNUM=143186, ACTION=change, USB_STATE=DISCONNECTED, DEVPATH=/devices/virtual/android_usb/android0}
04-26 16:29:02.555  1221  1654 V UsbDeviceManager: USB UEVENT: {SUBSYSTEM=android_usb, SEQNUM=143187, ACTION=change, USB_STATE=CONNECTED, DEVPATH=/devices/virtual/android_usb/android0}
04-26 16:29:02.556  1221  1245 W RCMonitor: android.content.pm.PackageManager$NameNotFoundException: com.evenwell.remotecare
04-26 16:29:02.556  1221  1245 W RCMonitor: 	at android.app.ApplicationPackageManager.getPackageInfoAsUser(ApplicationPackageManager.java:192)
04-26 16:29:02.556  1221  1245 W RCMonitor: 	at android.app.ApplicationPackageManager.getPackageInfo(ApplicationPackageManager.java:161)
04-26 16:29:02.556  1221  1245 W RCMonitor: 	at com.fihtdc.server.utils.RCMonitor.checkRemoteCareInstalled(RCMonitor.java:188)
04-26 16:29:02.556  1221  1245 W RCMonitor: 	at com.fihtdc.server.utils.RCMonitor.getSettings(RCMonitor.java:172)
04-26 16:29:02.556  1221  1245 W RCMonitor: 	at com.fihtdc.server.utils.RCMonitor.isManaged(RCMonitor.java:139)
04-26 16:29:02.556  1221  1245 W RCMonitor: 	at com.fihtdc.server.utils.RCMonitor.readDB(RCMonitor.java:132)
04-26 16:29:02.556  1221  1245 W RCMonitor: 	at com.android.server.usb.fih.RemoteLockMonitor.isRemoteLockManagedEnable(RemoteLockMonitor.java:55)
04-26 16:29:02.556  1221  1245 W RCMonitor: 	at com.android.server.usb.UsbDeviceManager$UsbHandler.isAdbEnabled(UsbDeviceManager.java:1444)
04-26 16:29:02.556  1221  1245 W RCMonitor: 	at com.android.server.usb.UsbDeviceManager$UsbHandler.updateAdbNotification(UsbDeviceManager.java:1457)
04-26 16:29:02.556  1221  1245 W RCMonitor: 	at com.android.server.usb.UsbDeviceManager$UsbHandler.handleMessage(UsbDeviceManager.java:942)
04-26 16:29:02.556  1221  1245 W RCMonitor: 	at android.os.Handler.dispatchMessage(Handler.java:107)
04-26 16:29:02.556  1221  1245 W RCMonitor: 	at android.os.Looper.loop(Looper.java:214)
04-26 16:29:02.556  1221  1245 W RCMonitor: 	at android.os.HandlerThread.run(HandlerThread.java:67)
04-26 16:29:02.556  1221  1245 W RCMonitor: 	at com.android.server.ServiceThread.run(ServiceThread.java:44)
04-26 16:29:02.556  1221  1245 W RCMonitor: android.content.pm.PackageManager$NameNotFoundException: com.evenwell.remotecare
04-26 16:29:02.556  1221  1245 W RCMonitor: 	at android.app.ApplicationPackageManager.getPackageInfoAsUser(ApplicationPackageManager.java:192)
04-26 16:29:02.556  1221  1245 W RCMonitor: 	at android.app.ApplicationPackageManager.getPackageInfo(ApplicationPackageManager.java:161)
04-26 16:29:02.556  1221  1245 W RCMonitor: 	at com.fihtdc.server.utils.RCMonitor.checkRemoteCareInstalled(RCMonitor.java:188)
04-26 16:29:02.556  1221  1245 W RCMonitor: 	at com.fihtdc.server.utils.RCMonitor.getSettings(RCMonitor.java:172)
04-26 16:29:02.556  1221  1245 W RCMonitor: 	at com.fihtdc.server.utils.RCMonitor.isLocked(RCMonitor.java:149)
04-26 16:29:02.556  1221  1245 W RCMonitor: 	at com.fihtdc.server.utils.RCMonitor.readDB(RCMonitor.java:133)
04-26 16:29:02.556  1221  1245 W RCMonitor: 	at com.android.server.usb.fih.RemoteLockMonitor.isRemoteLockManagedEnable(RemoteLockMonitor.java:55)
04-26 16:29:02.556  1221  1245 W RCMonitor: 	at com.android.server.usb.UsbDeviceManager$UsbHandler.isAdbEnabled(UsbDeviceManager.java:1444)
04-26 16:29:02.556  1221  1245 W RCMonitor: 	at com.android.server.usb.UsbDeviceManager$UsbHandler.updateAdbNotification(UsbDeviceManager.java:1457)
04-26 16:29:02.556  1221  1245 W RCMonitor: 	at com.android.server.usb.UsbDeviceManager$UsbHandler.handleMessage(UsbDeviceManager.java:942)
04-26 16:29:02.556  1221  1245 W RCMonitor: 	at android.os.Handler.dispatchMessage(Handler.java:107)
04-26 16:29:02.556  1221  1245 W RCMonitor: 	at android.os.Looper.loop(Looper.java:214)
04-26 16:29:02.556  1221  1245 W RCMonitor: 	at android.os.HandlerThread.run(HandlerThread.java:67)
04-26 16:29:02.556  1221  1245 W RCMonitor: 	at com.android.server.ServiceThread.run(ServiceThread.java:44)
04-26 16:29:02.556  1221  1245 D RCMonitor: RC readDB Status mIsManaged= false , mIsLock = false
04-26 16:29:02.556  1221  1245 W RCMonitor: android.content.pm.PackageManager$NameNotFoundException: com.evenwell.remotecare
04-26 16:29:02.556  1221  1245 W RCMonitor: 	at android.app.ApplicationPackageManager.getPackageInfoAsUser(ApplicationPackageManager.java:192)
04-26 16:29:02.556  1221  1245 W RCMonitor: 	at android.app.ApplicationPackageManager.getPackageInfo(ApplicationPackageManager.java:161)
04-26 16:29:02.556  1221  1245 W RCMonitor: 	at com.fihtdc.server.utils.RCMonitor.checkRemoteCareInstalled(RCMonitor.java:188)
04-26 16:29:02.556  1221  1245 W RCMonitor: 	at com.fihtdc.server.utils.RCMonitor.getSettings(RCMonitor.java:172)
04-26 16:29:02.556  1221  1245 W RCMonitor: 	at com.fihtdc.server.utils.RCMonitor.isManaged(RCMonitor.java:139)
04-26 16:29:02.556  1221  1245 W RCMonitor: 	at com.fihtdc.server.utils.RCMonitor.readDB(RCMonitor.java:132)
04-26 16:29:02.556  1221  1245 W RCMonitor: 	at com.android.server.usb.fih.RemoteLockMonitor.isRemoteLockManagedEnable(RemoteLockMonitor.java:55)
04-26 16:29:02.556  1221  1245 W RCMonitor: 	at com.android.server.usb.UsbDeviceManager$UsbHandler.isAdbEnabled(UsbDeviceManager.java:1444)
04-26 16:29:02.556  1221  1245 W RCMonitor: 	at com.android.server.usb.UsbDeviceManager$UsbHandler.getChargingFunctions(UsbDeviceManager.java:1511)
04-26 16:29:02.556  1221  1245 W RCMonitor: 	at com.android.server.usb.UsbDeviceManager$UsbHandler.getAppliedFunctions(UsbDeviceManager.java:926)
04-26 16:29:02.556  1221  1245 W RCMonitor: 	at com.android.server.usb.UsbDeviceManager$UsbHandler.handleMessage(UsbDeviceManager.java:944)
04-26 16:29:02.556  1221  1245 W RCMonitor: 	at android.os.Handler.dispatchMessage(Handler.java:107)
04-26 16:29:02.556  1221  1245 W RCMonitor: 	at android.os.Looper.loop(Looper.java:214)
04-26 16:29:02.556  1221  1245 W RCMonitor: 	at android.os.HandlerThread.run(HandlerThread.java:67)
04-26 16:29:02.556  1221  1245 W RCMonitor: 	at com.android.server.ServiceThread.run(ServiceThread.java:44)
04-26 16:29:02.557  1221  1245 W RCMonitor: android.content.pm.PackageManager$NameNotFoundException: com.evenwell.remotecare
04-26 16:29:02.557  1221  1245 W RCMonitor: 	at android.app.ApplicationPackageManager.getPackageInfoAsUser(ApplicationPackageManager.java:192)
04-26 16:29:02.557  1221  1245 W RCMonitor: 	at android.app.ApplicationPackageManager.getPackageInfo(ApplicationPackageManager.java:161)
04-26 16:29:02.557  1221  1245 W RCMonitor: 	at com.fihtdc.server.utils.RCMonitor.checkRemoteCareInstalled(RCMonitor.java:188)
04-26 16:29:02.557  1221  1245 W RCMonitor: 	at com.fihtdc.server.utils.RCMonitor.getSettings(RCMonitor.java:172)
04-26 16:29:02.557  1221  1245 W RCMonitor: 	at com.fihtdc.server.utils.RCMonitor.isLocked(RCMonitor.java:149)
04-26 16:29:02.557  1221  1245 W RCMonitor: 	at com.fihtdc.server.utils.RCMonitor.readDB(RCMonitor.java:133)
04-26 16:29:02.557  1221  1245 W RCMonitor: 	at com.android.server.usb.fih.RemoteLockMonitor.isRemoteLockManagedEnable(RemoteLockMonitor.java:55)
04-26 16:29:02.557  1221  1245 W RCMonitor: 	at com.android.server.usb.UsbDeviceManager$UsbHandler.isAdbEnabled(UsbDeviceManager.java:1444)
04-26 16:29:02.557  1221  1245 W RCMonitor: 	at com.android.server.usb.UsbDeviceManager$UsbHandler.getChargingFunctions(UsbDeviceManager.java:1511)
04-26 16:29:02.557  1221  1245 W RCMonitor: 	at com.android.server.usb.UsbDeviceManager$UsbHandler.getAppliedFunctions(UsbDeviceManager.java:926)
04-26 16:29:02.557  1221  1245 W RCMonitor: 	at com.android.server.usb.UsbDeviceManager$UsbHandler.handleMessage(UsbDeviceManager.java:944)
04-26 16:29:02.557  1221  1245 W RCMonitor: 	at android.os.Handler.dispatchMessage(Handler.java:107)
04-26 16:29:02.557  1221  1245 W RCMonitor: 	at android.os.Looper.loop(Looper.java:214)
04-26 16:29:02.557  1221  1245 W RCMonitor: 	at android.os.HandlerThread.run(HandlerThread.java:67)
04-26 16:29:02.557  1221  1245 W RCMonitor: 	at com.android.server.ServiceThread.run(ServiceThread.java:44)
04-26 16:29:02.557  1221  1245 D RCMonitor: RC readDB Status mIsManaged= false , mIsLock = false
04-26 16:29:02.557  1221  1245 D UsbDeviceManager: skip broadcasting Intent { act=android.hardware.usb.action.USB_STATE flg=0x31000000 (has extras) } extras: Bundle[{host_connected=false, connected=true, unlocked=false, adb=true, configured=false}]
04-26 16:29:02.559  1221  1654 V UsbDeviceManager: USB UEVENT: {SUBSYSTEM=android_usb, SEQNUM=143188, ACTION=change, USB_STATE=DISCONNECTED, DEVPATH=/devices/virtual/android_usb/android0}
04-26 16:29:02.791  1221  1654 V UsbDeviceManager: USB UEVENT: {SUBSYSTEM=android_usb, SEQNUM=143189, ACTION=change, USB_STATE=CONNECTED, DEVPATH=/devices/virtual/android_usb/android0}
04-26 16:29:02.792  1221  1245 W RCMonitor: android.content.pm.PackageManager$NameNotFoundException: com.evenwell.remotecare
04-26 16:29:02.792  1221  1245 W RCMonitor: 	at android.app.ApplicationPackageManager.getPackageInfoAsUser(ApplicationPackageManager.java:192)
04-26 16:29:02.792  1221  1245 W RCMonitor: 	at android.app.ApplicationPackageManager.getPackageInfo(ApplicationPackageManager.java:161)
04-26 16:29:02.792  1221  1245 W RCMonitor: 	at com.fihtdc.server.utils.RCMonitor.checkRemoteCareInstalled(RCMonitor.java:188)
04-26 16:29:02.792  1221  1245 W RCMonitor: 	at com.fihtdc.server.utils.RCMonitor.getSettings(RCMonitor.java:172)
04-26 16:29:02.792  1221  1245 W RCMonitor: 	at com.fihtdc.server.utils.RCMonitor.isManaged(RCMonitor.java:139)
04-26 16:29:02.792  1221  1245 W RCMonitor: 	at com.fihtdc.server.utils.RCMonitor.readDB(RCMonitor.java:132)
04-26 16:29:02.792  1221  1245 W RCMonitor: 	at com.android.server.usb.fih.RemoteLockMonitor.isRemoteLockManagedEnable(RemoteLockMonitor.java:55)
04-26 16:29:02.792  1221  1245 W RCMonitor: 	at com.android.server.usb.UsbDeviceManager$UsbHandler.isAdbEnabled(UsbDeviceManager.java:1444)
04-26 16:29:02.792  1221  1245 W RCMonitor: 	at com.android.server.usb.UsbDeviceManager$UsbHandler.updateAdbNotification(UsbDeviceManager.java:1457)
04-26 16:29:02.792  1221  1245 W RCMonitor: 	at com.android.server.usb.UsbDeviceManager$UsbHandler.handleMessage(UsbDeviceManager.java:942)
04-26 16:29:02.792  1221  1245 W RCMonitor: 	at android.os.Handler.dispatchMessage(Handler.java:107)
04-26 16:29:02.792  1221  1245 W RCMonitor: 	at android.os.Looper.loop(Looper.java:214)
04-26 16:29:02.792  1221  1245 W RCMonitor: 	at android.os.HandlerThread.run(HandlerThread.java:67)
04-26 16:29:02.792  1221  1245 W RCMonitor: 	at com.android.server.ServiceThread.run(ServiceThread.java:44)
04-26 16:29:02.793  1221  1245 W RCMonitor: android.content.pm.PackageManager$NameNotFoundException: com.evenwell.remotecare
04-26 16:29:02.793  1221  1245 W RCMonitor: 	at android.app.ApplicationPackageManager.getPackageInfoAsUser(ApplicationPackageManager.java:192)
04-26 16:29:02.793  1221  1245 W RCMonitor: 	at android.app.ApplicationPackageManager.getPackageInfo(ApplicationPackageManager.java:161)
04-26 16:29:02.793  1221  1245 W RCMonitor: 	at com.fihtdc.server.utils.RCMonitor.checkRemoteCareInstalled(RCMonitor.java:188)
04-26 16:29:02.793  1221  1245 W RCMonitor: 	at com.fihtdc.server.utils.RCMonitor.getSettings(RCMonitor.java:172)
04-26 16:29:02.793  1221  1245 W RCMonitor: 	at com.fihtdc.server.utils.RCMonitor.isLocked(RCMonitor.java:149)
04-26 16:29:02.793  1221  1245 W RCMonitor: 	at com.fihtdc.server.utils.RCMonitor.readDB(RCMonitor.java:133)
04-26 16:29:02.793  1221  1245 W RCMonitor: 	at com.android.server.usb.fih.RemoteLockMonitor.isRemoteLockManagedEnable(RemoteLockMonitor.java:55)
04-26 16:29:02.793  1221  1245 W RCMonitor: 	at com.android.server.usb.UsbDeviceManager$UsbHandler.isAdbEnabled(UsbDeviceManager.java:1444)
04-26 16:29:02.793  1221  1245 W RCMonitor: 	at com.android.server.usb.UsbDeviceManager$UsbHandler.updateAdbNotification(UsbDeviceManager.java:1457)
04-26 16:29:02.793  1221  1245 W RCMonitor: 	at com.android.server.usb.UsbDeviceManager$UsbHandler.handleMessage(UsbDeviceManager.java:942)
04-26 16:29:02.793  1221  1245 W RCMonitor: 	at android.os.Handler.dispatchMessage(Handler.java:107)
04-26 16:29:02.793  1221  1245 W RCMonitor: 	at android.os.Looper.loop(Looper.java:214)
04-26 16:29:02.793  1221  1245 W RCMonitor: 	at android.os.HandlerThread.run(HandlerThread.java:67)
04-26 16:29:02.793  1221  1245 W RCMonitor: 	at com.android.server.ServiceThread.run(ServiceThread.java:44)
04-26 16:29:02.793  1221  1245 D RCMonitor: RC readDB Status mIsManaged= false , mIsLock = false
04-26 16:29:02.794  1221  1245 W RCMonitor: android.content.pm.PackageManager$NameNotFoundException: com.evenwell.remotecare
04-26 16:29:02.794  1221  1245 W RCMonitor: 	at android.app.ApplicationPackageManager.getPackageInfoAsUser(ApplicationPackageManager.java:192)
04-26 16:29:02.794  1221  1245 W RCMonitor: 	at android.app.ApplicationPackageManager.getPackageInfo(ApplicationPackageManager.java:161)
04-26 16:29:02.794  1221  1245 W RCMonitor: 	at com.fihtdc.server.utils.RCMonitor.checkRemoteCareInstalled(RCMonitor.java:188)
04-26 16:29:02.794  1221  1245 W RCMonitor: 	at com.fihtdc.server.utils.RCMonitor.getSettings(RCMonitor.java:172)
04-26 16:29:02.794  1221  1245 W RCMonitor: 	at com.fihtdc.server.utils.RCMonitor.isManaged(RCMonitor.java:139)
04-26 16:29:02.794  1221  1245 W RCMonitor: 	at com.fihtdc.server.utils.RCMonitor.readDB(RCMonitor.java:132)
04-26 16:29:02.794  1221  1245 W RCMonitor: 	at com.android.server.usb.fih.RemoteLockMonitor.isRemoteLockManagedEnable(RemoteLockMonitor.java:55)
04-26 16:29:02.794  1221  1245 W RCMonitor: 	at com.android.server.usb.UsbDeviceManager$UsbHandler.isAdbEnabled(UsbDeviceManager.java:1444)
04-26 16:29:02.794  1221  1245 W RCMonitor: 	at com.android.server.usb.UsbDeviceManager$UsbHandler.getChargingFunctions(UsbDeviceManager.java:1511)
04-26 16:29:02.794  1221  1245 W RCMonitor: 	at com.android.server.usb.UsbDeviceManager$UsbHandler.getAppliedFunctions(UsbDeviceManager.java:926)
04-26 16:29:02.794  1221  1245 W RCMonitor: 	at com.android.server.usb.UsbDeviceManager$UsbHandler.handleMessage(UsbDeviceManager.java:944)
04-26 16:29:02.794  1221  1245 W RCMonitor: 	at android.os.Handler.dispatchMessage(Handler.java:107)
04-26 16:29:02.794  1221  1245 W RCMonitor: 	at android.os.Looper.loop(Looper.java:214)
04-26 16:29:02.794  1221  1245 W RCMonitor: 	at android.os.HandlerThread.run(HandlerThread.java:67)
04-26 16:29:02.794  1221  1245 W RCMonitor: 	at com.android.server.ServiceThread.run(ServiceThread.java:44)
04-26 16:29:02.794  1221  1245 W RCMonitor: android.content.pm.PackageManager$NameNotFoundException: com.evenwell.remotecare
04-26 16:29:02.794  1221  1245 W RCMonitor: 	at android.app.ApplicationPackageManager.getPackageInfoAsUser(ApplicationPackageManager.java:192)
04-26 16:29:02.794  1221  1245 W RCMonitor: 	at android.app.ApplicationPackageManager.getPackageInfo(ApplicationPackageManager.java:161)
04-26 16:29:02.794  1221  1245 W RCMonitor: 	at com.fihtdc.server.utils.RCMonitor.checkRemoteCareInstalled(RCMonitor.java:188)
04-26 16:29:02.794  1221  1245 W RCMonitor: 	at com.fihtdc.server.utils.RCMonitor.getSettings(RCMonitor.java:172)
04-26 16:29:02.794  1221  1245 W RCMonitor: 	at com.fihtdc.server.utils.RCMonitor.isLocked(RCMonitor.java:149)
04-26 16:29:02.794  1221  1245 W RCMonitor: 	at com.fihtdc.server.utils.RCMonitor.readDB(RCMonitor.java:133)
04-26 16:29:02.794  1221  1245 W RCMonitor: 	at com.android.server.usb.fih.RemoteLockMonitor.isRemoteLockManagedEnable(RemoteLockMonitor.java:55)
04-26 16:29:02.794  1221  1245 W RCMonitor: 	at com.android.server.usb.UsbDeviceManager$UsbHandler.isAdbEnabled(UsbDeviceManager.java:1444)
04-26 16:29:02.794  1221  1245 W RCMonitor: 	at com.android.server.usb.UsbDeviceManager$UsbHandler.getChargingFunctions(UsbDeviceManager.java:1511)
04-26 16:29:02.794  1221  1245 W RCMonitor: 	at com.android.server.usb.UsbDeviceManager$UsbHandler.getAppliedFunctions(UsbDeviceManager.java:926)
04-26 16:29:02.794  1221  1245 W RCMonitor: 	at com.android.server.usb.UsbDeviceManager$UsbHandler.handleMessage(UsbDeviceManager.java:944)
04-26 16:29:02.794  1221  1245 W RCMonitor: 	at android.os.Handler.dispatchMessage(Handler.java:107)
04-26 16:29:02.794  1221  1245 W RCMonitor: 	at android.os.Looper.loop(Looper.java:214)
04-26 16:29:02.794  1221  1245 W RCMonitor: 	at android.os.HandlerThread.run(HandlerThread.java:67)
04-26 16:29:02.794  1221  1245 W RCMonitor: 	at com.android.server.ServiceThread.run(ServiceThread.java:44)
04-26 16:29:02.794  1221  1245 D RCMonitor: RC readDB Status mIsManaged= false , mIsLock = false
04-26 16:29:02.794  1221  1245 D UsbDeviceManager: skip broadcasting Intent { act=android.hardware.usb.action.USB_STATE flg=0x31000000 (has extras) } extras: Bundle[{host_connected=false, connected=true, unlocked=false, adb=true, configured=false}]
04-26 16:29:02.796  1221  1654 V UsbDeviceManager: USB UEVENT: {SUBSYSTEM=android_usb, SEQNUM=143190, ACTION=change, USB_STATE=DISCONNECTED, DEVPATH=/devices/virtual/android_usb/android0}
04-26 16:29:03.797  1221  1245 D UsbDeviceManager: Clear notification
04-26 16:29:03.798  1221  1245 W RCMonitor: android.content.pm.PackageManager$NameNotFoundException: com.evenwell.remotecare
04-26 16:29:03.798  1221  1245 W RCMonitor: 	at android.app.ApplicationPackageManager.getPackageInfoAsUser(ApplicationPackageManager.java:192)
04-26 16:29:03.798  1221  1245 W RCMonitor: 	at android.app.ApplicationPackageManager.getPackageInfo(ApplicationPackageManager.java:161)
04-26 16:29:03.798  1221  1245 W RCMonitor: 	at com.fihtdc.server.utils.RCMonitor.checkRemoteCareInstalled(RCMonitor.java:188)
04-26 16:29:03.798  1221  1245 W RCMonitor: 	at com.fihtdc.server.utils.RCMonitor.getSettings(RCMonitor.java:172)
04-26 16:29:03.798  1221  1245 W RCMonitor: 	at com.fihtdc.server.utils.RCMonitor.isManaged(RCMonitor.java:139)
04-26 16:29:03.798  1221  1245 W RCMonitor: 	at com.fihtdc.server.utils.RCMonitor.readDB(RCMonitor.java:132)
04-26 16:29:03.798  1221  1245 W RCMonitor: 	at com.android.server.usb.fih.RemoteLockMonitor.isRemoteLockManagedEnable(RemoteLockMonitor.java:55)
04-26 16:29:03.798  1221  1245 W RCMonitor: 	at com.android.server.usb.UsbDeviceManager$UsbHandler.isAdbEnabled(UsbDeviceManager.java:1444)
04-26 16:29:03.798  1221  1245 W RCMonitor: 	at com.android.server.usb.UsbDeviceManager$UsbHandler.updateAdbNotification(UsbDeviceManager.java:1457)
04-26 16:29:03.798  1221  1245 W RCMonitor: 	at com.android.server.usb.UsbDeviceManager$UsbHandler.handleMessage(UsbDeviceManager.java:942)
04-26 16:29:03.798  1221  1245 W RCMonitor: 	at android.os.Handler.dispatchMessage(Handler.java:107)
04-26 16:29:03.798  1221  1245 W RCMonitor: 	at android.os.Looper.loop(Looper.java:214)
04-26 16:29:03.798  1221  1245 W RCMonitor: 	at android.os.HandlerThread.run(HandlerThread.java:67)
04-26 16:29:03.798  1221  1245 W RCMonitor: 	at com.android.server.ServiceThread.run(ServiceThread.java:44)
04-26 16:29:03.799  1221  1221 I NotificationService: updateLightsLocked() : ledNotification = null ,mInCall = false ,mScreenOn = false ,FQC = false
04-26 16:29:03.799  1221  1245 W RCMonitor: android.content.pm.PackageManager$NameNotFoundException: com.evenwell.remotecare
04-26 16:29:03.799  1221  1245 W RCMonitor: 	at android.app.ApplicationPackageManager.getPackageInfoAsUser(ApplicationPackageManager.java:192)
04-26 16:29:03.799  1221  1245 W RCMonitor: 	at android.app.ApplicationPackageManager.getPackageInfo(ApplicationPackageManager.java:161)
04-26 16:29:03.799  1221  1245 W RCMonitor: 	at com.fihtdc.server.utils.RCMonitor.checkRemoteCareInstalled(RCMonitor.java:188)
04-26 16:29:03.799  1221  1245 W RCMonitor: 	at com.fihtdc.server.utils.RCMonitor.getSettings(RCMonitor.java:172)
04-26 16:29:03.799  1221  1245 W RCMonitor: 	at com.fihtdc.server.utils.RCMonitor.isLocked(RCMonitor.java:149)
04-26 16:29:03.799  1221  1245 W RCMonitor: 	at com.fihtdc.server.utils.RCMonitor.readDB(RCMonitor.java:133)
04-26 16:29:03.799  1221  1245 W RCMonitor: 	at com.android.server.usb.fih.RemoteLockMonitor.isRemoteLockManagedEnable(RemoteLockMonitor.java:55)
04-26 16:29:03.799  1221  1245 W RCMonitor: 	at com.android.server.usb.UsbDeviceManager$UsbHandler.isAdbEnabled(UsbDeviceManager.java:1444)
04-26 16:29:03.799  1221  1245 W RCMonitor: 	at com.android.server.usb.UsbDeviceManager$UsbHandler.updateAdbNotification(UsbDeviceManager.java:1457)
04-26 16:29:03.799  1221  1245 W RCMonitor: 	at com.android.server.usb.UsbDeviceManager$UsbHandler.handleMessage(UsbDeviceManager.java:942)
04-26 16:29:03.799  1221  1245 W RCMonitor: 	at android.os.Handler.dispatchMessage(Handler.java:107)
04-26 16:29:03.799  1221  1245 W RCMonitor: 	at android.os.Looper.loop(Looper.java:214)
04-26 16:29:03.799  1221  1245 W RCMonitor: 	at android.os.HandlerThread.run(HandlerThread.java:67)
04-26 16:29:03.799  1221  1245 W RCMonitor: 	at com.android.server.ServiceThread.run(ServiceThread.java:44)
04-26 16:29:03.799  1221  1245 D RCMonitor: RC readDB Status mIsManaged= false , mIsLock = false
04-26 16:29:03.800  1221  1245 W RCMonitor: android.content.pm.PackageManager$NameNotFoundException: com.evenwell.remotecare
04-26 16:29:03.800  1221  1245 W RCMonitor: 	at android.app.ApplicationPackageManager.getPackageInfoAsUser(ApplicationPackageManager.java:192)
